<html>
<body>
<pre>
<h1>µVision Build Log</h1>
<h2>Tool Versions:</h2>
IDE-Version: ¦ÌVision V5.43.1.0
Copyright (C) 2025 ARM Ltd and ARM Germany GmbH. All rights reserved.
License Information: nn 473065664@qq.com
nn
User-based license: Keil MDK Community (non-commercial free of charge)
Valid until: Jun 1 2033. Cached until: Apr 11 2026
 
Tool Versions:
Toolchain:       Keil MDK Community (non-commercial free of charge  Version: 5.43.0.0
Toolchain Path:  D:\Keil_v5\ARM\ARMCLANG\Bin
C Compiler:      ArmClang.exe V6.24
Assembler:       Armasm.exe V6.24
Linker/Locator:  ArmLink.exe V6.24
Library Manager: ArmAr.exe V6.24
Hex Converter:   FromElf.exe V6.24
CPU DLL:         SARMCM3.DLL V5.43.0.0
Dialog DLL:      DCM.DLL V1.17.5.0
Target DLL:      STLink\ST-LINKIII-KEIL_SWO.dll V3.3.1.0
Dialog DLL:      TCM.DLL V1.56.6.0
 
<h2>Project:</h2>
D:\Desktop_Floder\Git_Project\26-B-AdaptiveFilter-STM32\AdaptiveFilter\MDK-ARM\h743_hal.uvprojx
Project File Date:  04/06/2026

<h2>Output:</h2>
*** Using Compiler 'V6.24', folder: 'D:\Keil_v5\ARM\ARMCLANG\Bin'
Rebuild target 'h743_hal'
assembling startup_stm32h743xx.s...
creating preprocessor file for stm32h7xx_it.c...
creating preprocessor file for stm32h7xx_hal_flash.c...
creating preprocessor file for adc.c...
creating preprocessor file for dma.c...
compiling gpio.c...
compiling adc.c...
creating preprocessor file for stm32h7xx_hal_msp.c...
creating preprocessor file for stm32h7xx_hal_gpio.c...
compiling dma.c...
compiling stm32h7xx_hal_flash.c...
creating preprocessor file for tim.c...
creating preprocessor file for usart.c...
compiling stm32h7xx_hal_msp.c...
compiling usart.c...
creating preprocessor file for stm32h7xx_hal_adc.c...
creating preprocessor file for stm32h7xx_hal_adc_ex.c...
compiling tim.c...
creating preprocessor file for main.c...
creating preprocessor file for gpio.c...
creating preprocessor file for stm32h7xx_hal_rcc.c...
compiling stm32h7xx_hal_gpio.c...
compiling stm32h7xx_hal_hsem.c...
creating preprocessor file for stm32h7xx_hal_hsem.c...
compiling stm32h7xx_hal_rcc_ex.c...
creating preprocessor file for stm32h7xx_hal_rcc_ex.c...
creating preprocessor file for stm32h7xx_hal_flash_ex.c...
creating preprocessor file for stm32h7xx_hal_dma.c...
creating preprocessor file for stm32h7xx_hal_dma_ex.c...
creating preprocessor file for stm32h7xx_hal_mdma.c...
compiling stm32h7xx_it.c...
compiling main.c...
compiling stm32h7xx_hal_adc.c...
compiling stm32h7xx_hal_adc_ex.c...
compiling stm32h7xx_hal_rcc.c...
creating preprocessor file for stm32h7xx_hal_pwr.c...
compiling stm32h7xx_hal_flash_ex.c...
compiling stm32h7xx_hal_dma_ex.c...
compiling stm32h7xx_hal_mdma.c...
compiling stm32h7xx_hal_dma.c...
compiling stm32h7xx_hal_pwr.c...
creating preprocessor file for stm32h7xx_hal_pwr_ex.c...
creating preprocessor file for stm32h7xx_hal.c...
creating preprocessor file for stm32h7xx_hal_cortex.c...
compiling stm32h7xx_hal_pwr_ex.c...
compiling stm32h7xx_hal_cortex.c...
creating preprocessor file for stm32h7xx_hal_i2c_ex.c...
creating preprocessor file for stm32h7xx_hal_exti.c...
creating preprocessor file for stm32h7xx_hal_i2c.c...
compiling stm32h7xx_hal_i2c_ex.c...
compiling stm32h7xx_hal_exti.c...
compiling stm32h7xx_hal.c...
compiling stm32h7xx_hal_i2c.c...
creating preprocessor file for stm32h7xx_hal_tim_ex.c...
creating preprocessor file for SignalSeperation.c...
creating preprocessor file for stm32h7xx_hal_uart.c...
creating preprocessor file for Tasks.c...
compiling stm32h7xx_hal_uart_ex.c...
creating preprocessor file for Get_Freq.c...
compiling stm32h7xx_hal_tim.c...
creating preprocessor file for stm32h7xx_hal_tim.c...
compiling SignalSeperation.c...
creating preprocessor file for system_stm32h7xx.c...
creating preprocessor file for fftana.c...
compiling stm32h7xx_hal_uart.c...
compiling Tasks.c...
creating preprocessor file for stm32h7xx_hal_uart_ex.c...
creating preprocessor file for HMI.c...
compiling AD9910.c...
../SignalProcess/fftana.c(30): warning: returning 'const arm_cfft_instance_f32_extra *' from a function with result type 'arm_cfft_instance_f32_extra *' discards qualifiers [-Wincompatible-pointer-types-discards-qualifiers]
   30 |         return &arm_cfft_sR_f32_len16_extra;
      |                ^~~~~~~~~~~~~~~~~~~~~~~~~~~~
../SignalProcess/fftana.c(32): warning: returning 'const arm_cfft_instance_f32_extra *' from a function with result type 'arm_cfft_instance_f32_extra *' discards qualifiers [-Wincompatible-pointer-types-discards-qualifiers]
   32 |         return &arm_cfft_sR_f32_len32_extra;
      |                ^~~~~~~~~~~~~~~~~~~~~~~~~~~~
../SignalProcess/fftana.c(34): warning: returning 'const arm_cfft_instance_f32_extra *' from a function with result type 'arm_cfft_instance_f32_extra *' discards qualifiers [-Wincompatible-pointer-types-discards-qualifiers]
   34 |         return &arm_cfft_sR_f32_len64_extra;
      |                ^~~~~~~~~~~~~~~~~~~~~~~~~~~~
../SignalProcess/fftana.c(36): warning: returning 'const arm_cfft_instance_f32_extra *' from a function with result type 'arm_cfft_instance_f32_extra *' discards qualifiers [-Wincompatible-pointer-types-discards-qualifiers]
   36 |         return &arm_cfft_sR_f32_len128_extra;
      |                ^~~~~~~~~~~~~~~~~~~~~~~~~~~~~
../SignalProcess/fftana.c(38): warning: returning 'const arm_cfft_instance_f32_extra *' from a function with result type 'arm_cfft_instance_f32_extra *' discards qualifiers [-Wincompatible-pointer-types-discards-qualifiers]
   38 |         return &arm_cfft_sR_f32_len256_extra;
      |                ^~~~~~~~~~~~~~~~~~~~~~~~~~~~~
../SignalProcess/fftana.c(40): warning: returning 'const arm_cfft_instance_f32_extra *' from a function with result type 'arm_cfft_instance_f32_extra *' discards qualifiers [-Wincompatible-pointer-types-discards-qualifiers]
   40 |         return &arm_cfft_sR_f32_len512_extra;
      |                ^~~~~~~~~~~~~~~~~~~~~~~~~~~~~
../SignalProcess/fftana.c(42): warning: returning 'const arm_cfft_instance_f32_extra *' from a function with result type 'arm_cfft_instance_f32_extra *' discards qualifiers [-Wincompatible-pointer-types-discards-qualifiers]
   42 |         return &arm_cfft_sR_f32_len1024_extra;
      |                ^~~~~~~~~~~~~~~~~~~~~~~~~~~~~~
../SignalProcess/fftana.c(44): warning: returning 'const arm_cfft_instance_f32_extra *' from a function with result type 'arm_cfft_instance_f32_extra *' discards qualifiers [-Wincompatible-pointer-types-discards-qualifiers]
   44 |         return &arm_cfft_sR_f32_len2048_extra;
      |                ^~~~~~~~~~~~~~~~~~~~~~~~~~~~~~
../SignalProcess/fftana.c(46): warning: returning 'const arm_cfft_instance_f32_extra *' from a function with result type 'arm_cfft_instance_f32_extra *' discards qualifiers [-Wincompatible-pointer-types-discards-qualifiers]
   46 |         return &arm_cfft_sR_f32_len4096_extra;
      |                ^~~~~~~~~~~~~~~~~~~~~~~~~~~~~~
../SignalProcess/fftana.c(48): warning: returning 'const arm_cfft_instance_f32_extra *' from a function with result type 'arm_cfft_instance_f32_extra *' discards qualifiers [-Wincompatible-pointer-types-discards-qualifiers]
   48 |         return &arm_cfft_sR_f32_len8192_extra;
      |                ^~~~~~~~~~~~~~~~~~~~~~~~~~~~~~
../SignalProcess/fftana.c(50): warning: returning 'const arm_cfft_instance_f32_extra *' from a function with result type 'arm_cfft_instance_f32_extra *' discards qualifiers [-Wincompatible-pointer-types-discards-qualifiers]
   50 |         return &arm_cfft_sR_f32_len16384_extra;
      |                ^~~~~~~~~~~~~~~~~~~~~~~~~~~~~~~
../SignalProcess/fftana.c(52): warning: returning 'const arm_cfft_instance_f32_extra *' from a function with result type 'arm_cfft_instance_f32_extra *' discards qualifiers [-Wincompatible-pointer-types-discards-qualifiers]
   52 |         return &arm_cfft_sR_f32_len2048_extra;
      |                ^~~~~~~~~~~~~~~~~~~~~~~~~~~~~~
12 warnings generated.
compiling fftana.c...
compiling HMI.c...
compiling system_stm32h7xx.c...
compiling Get_Freq.c...
creating preprocessor file for delay.c...
compiling stm32h7xx_hal_tim_ex.c...
creating preprocessor file for AD9910.c...
creating preprocessor file for arm_cfft_f32_extra.c...
creating preprocessor file for arm_bitreversal2_extra.c...
creating preprocessor file for arm_cfft_init_f32_extra.c...
creating preprocessor file for ad9220.c...
compiling arm_bitreversal2_extra.c...
compiling arm_cfft_init_f32_extra.c...
creating preprocessor file for arm_common_tables_extra.c...
compiling arm_cfft_f32_extra.c...
compiling ad9220.c...
compiling delay.c...
creating preprocessor file for arm_const_structs_extra.c...
creating preprocessor file for arm_rfft_fast_f32_extra.c...
creating preprocessor file for arm_rfft_fast_init_f32_extra.c...
compiling arm_rfft_fast_f32_extra.c...
compiling arm_const_structs_extra.c...
compiling arm_rfft_fast_init_f32_extra.c...
compiling arm_common_tables_extra.c...
linking...
Program Size: Code=73040 RO-data=489400 RW-data=278564 ZI-data=2452  
FromELF: creating hex file...
".\h743_hal\h743_hal.axf" - 0 Error(s), 12 Warning(s).

<h2>Software Packages used:</h2>

Package Vendor: ARM
                http://www.keil.com/pack/ARM.CMSIS.5.0.1.pack
                ARM::CMSIS@5.0.1
                CMSIS (Cortex Microcontroller Software Interface Standard)
   * Component: CORE Version: 5.0.1

Package Vendor: Keil
                http://www.keil.com/pack/Keil.STM32H7xx_DFP.3.0.0.pack
                Keil::STM32H7xx_DFP@3.0.0
                STMicroelectronics STM32H7 Series Device Support and Examples

<h2>Collection of Component include folders:</h2>
  ./RTE/_h743_hal
  D:/Keil_v5/ARM/PACK/ARM/CMSIS/5.0.1/CMSIS/Include
  D:/Keil_v5/ARM/PACK/Keil/STM32H7xx_DFP/3.0.0/Drivers/CMSIS/Device/ST/STM32H7xx/Include

<h2>Collection of Component Files used:</h2>

   * Component: ARM::CMSIS:CORE@5.0.1
Build Time Elapsed:  00:00:05
</pre>
</body>
</html>
