Component: Arm Compiler for Embedded 6.24 Tool: armlink [5f371500]

==============================================================================

Section Cross References

    startup_stm32h743xx.o(RESET) refers to startup_stm32h743xx.o(STACK) for __initial_sp
    startup_stm32h743xx.o(RESET) refers to startup_stm32h743xx.o(.text) for Reset_Handler
    startup_stm32h743xx.o(RESET) refers to stm32h7xx_it.o(.text.NMI_Handler) for NMI_Handler
    startup_stm32h743xx.o(RESET) refers to stm32h7xx_it.o(.text.HardFault_Handler) for HardFault_Handler
    startup_stm32h743xx.o(RESET) refers to stm32h7xx_it.o(.text.MemManage_Handler) for MemManage_Handler
    startup_stm32h743xx.o(RESET) refers to stm32h7xx_it.o(.text.BusFault_Handler) for BusFault_Handler
    startup_stm32h743xx.o(RESET) refers to stm32h7xx_it.o(.text.UsageFault_Handler) for UsageFault_Handler
    startup_stm32h743xx.o(RESET) refers to stm32h7xx_it.o(.text.SVC_Handler) for SVC_Handler
    startup_stm32h743xx.o(RESET) refers to stm32h7xx_it.o(.text.DebugMon_Handler) for DebugMon_Handler
    startup_stm32h743xx.o(RESET) refers to stm32h7xx_it.o(.text.PendSV_Handler) for PendSV_Handler
    startup_stm32h743xx.o(RESET) refers to stm32h7xx_it.o(.text.SysTick_Handler) for SysTick_Handler
    startup_stm32h743xx.o(RESET) refers to stm32h7xx_it.o(.text.DMA1_Stream0_IRQHandler) for DMA1_Stream0_IRQHandler
    startup_stm32h743xx.o(RESET) refers to stm32h7xx_it.o(.text.DMA1_Stream1_IRQHandler) for DMA1_Stream1_IRQHandler
    startup_stm32h743xx.o(RESET) refers to stm32h7xx_it.o(.text.DMA1_Stream2_IRQHandler) for DMA1_Stream2_IRQHandler
    startup_stm32h743xx.o(RESET) refers to stm32h7xx_it.o(.text.USART3_IRQHandler) for USART3_IRQHandler
    startup_stm32h743xx.o(.text) refers to system_stm32h7xx.o(.text.ExitRun0Mode) for ExitRun0Mode
    startup_stm32h743xx.o(.text) refers to system_stm32h7xx.o(.text.SystemInit) for SystemInit
    startup_stm32h743xx.o(.text) refers to entry.o(.ARM.Collect$$$$00000000) for __main
    main.o(.text.App_process) refers to main.o(.bss.dma_finish) for dma_finish
    main.o(.text.App_process) refers to ad9220.o(.text.AD9220_Stop_DMA) for AD9220_Stop_DMA
    main.o(.text.App_process) refers to main.o(.bss.output) for output
    main.o(.text.App_process) refers to Tasks.o(.text.FFT_Task) for FFT_Task
    main.o(.text.App_process) refers to Tasks.o(.text.Send_Wave) for Send_Wave
    main.o(.text.App_process) refers to Tasks.o(.text.USART_Task) for USART_Task
    main.o(.text.App_process) refers to main.o(.AXI_SRAM) for adc1_buffer
    main.o(.text.App_process) refers to ad9220.o(.text.AD9220_Start_DMA) for AD9220_Start_DMA
    main.o(.ARM.exidx.text.App_process) refers to main.o(.text.App_process) for [Anonymous Symbol]
    main.o(.text.main) refers to stm32h7xx_hal_cortex.o(.text.HAL_MPU_Disable) for HAL_MPU_Disable
    main.o(.text.main) refers to stm32h7xx_hal_cortex.o(.text.HAL_MPU_ConfigRegion) for HAL_MPU_ConfigRegion
    main.o(.text.main) refers to stm32h7xx_hal_cortex.o(.text.HAL_MPU_Enable) for HAL_MPU_Enable
    main.o(.text.main) refers to stm32h7xx_hal.o(.text.HAL_Init) for HAL_Init
    main.o(.text.main) refers to main.o(.text.SystemClock_Config) for SystemClock_Config
    main.o(.text.main) refers to memseta.o(.text) for __aeabi_memclr8
    main.o(.text.main) refers to stm32h7xx_hal_rcc_ex.o(.text.HAL_RCCEx_PeriphCLKConfig) for HAL_RCCEx_PeriphCLKConfig
    main.o(.text.main) refers to main.o(.rodata.str1.1) for .L.str
    main.o(.text.main) refers to HMI.o(.text.HMI_send_string) for HMI_send_string
    main.o(.text.main) refers to gpio.o(.text.MX_GPIO_Init) for MX_GPIO_Init
    main.o(.text.main) refers to dma.o(.text.MX_DMA_Init) for MX_DMA_Init
    main.o(.text.main) refers to adc.o(.text.MX_ADC1_Init) for MX_ADC1_Init
    main.o(.text.main) refers to tim.o(.text.MX_TIM3_Init) for MX_TIM3_Init
    main.o(.text.main) refers to tim.o(.text.MX_TIM2_Init) for MX_TIM2_Init
    main.o(.text.main) refers to usart.o(.text.MX_USART3_UART_Init) for MX_USART3_UART_Init
    main.o(.text.main) refers to adc.o(.text.MX_ADC2_Init) for MX_ADC2_Init
    main.o(.text.main) refers to adc.o(.bss.hadc2) for hadc2
    main.o(.text.main) refers to main.o(.AXI_SRAM) for adc2_buffer
    main.o(.text.main) refers to stm32h7xx_hal_adc.o(.text.HAL_ADC_Start_DMA) for HAL_ADC_Start_DMA
    main.o(.text.main) refers to tim.o(.bss.htim3) for htim3
    main.o(.text.main) refers to stm32h7xx_hal_tim.o(.text.HAL_TIM_Base_Start) for HAL_TIM_Base_Start
    main.o(.text.main) refers to ad9220.o(.text.AD9220_Start_DMA) for AD9220_Start_DMA
    main.o(.text.main) refers to AD9910.o(.text.Init_AD9910) for Init_AD9910
    main.o(.text.main) refers to AD9910.o(.text.AD9910_FreWrite) for AD9910_FreWrite
    main.o(.text.main) refers to AD9910.o(.text.AD9910_AmpWrite) for AD9910_AmpWrite
    main.o(.text.main) refers to HMI.o(.text.HMI_Init) for HMI_Init
    main.o(.ARM.exidx.text.main) refers to main.o(.text.main) for [Anonymous Symbol]
[...]
    dma.c                                    0x00000000   Number         0  dma.o ABSOLUTE
    fftana.c                                 0x00000000   Number         0  fftana.o ABSOLUTE
    gpio.c                                   0x00000000   Number         0  gpio.o ABSOLUTE
    handlers.s                               0x00000000   Number         0  handlers.o ABSOLUTE
    init.s                                   0x00000000   Number         0  init.o ABSOLUTE
    main.c                                   0x00000000   Number         0  main.o ABSOLUTE
    stm32h7xx_hal.c                          0x00000000   Number         0  stm32h7xx_hal.o ABSOLUTE
    stm32h7xx_hal_adc.c                      0x00000000   Number         0  stm32h7xx_hal_adc.o ABSOLUTE
    stm32h7xx_hal_adc_ex.c                   0x00000000   Number         0  stm32h7xx_hal_adc_ex.o ABSOLUTE
    stm32h7xx_hal_cortex.c                   0x00000000   Number         0  stm32h7xx_hal_cortex.o ABSOLUTE
    stm32h7xx_hal_dma.c                      0x00000000   Number         0  stm32h7xx_hal_dma.o ABSOLUTE
    stm32h7xx_hal_dma_ex.c                   0x00000000   Number         0  stm32h7xx_hal_dma_ex.o ABSOLUTE
    stm32h7xx_hal_exti.c                     0x00000000   Number         0  stm32h7xx_hal_exti.o ABSOLUTE
    stm32h7xx_hal_flash.c                    0x00000000   Number         0  stm32h7xx_hal_flash.o ABSOLUTE
    stm32h7xx_hal_flash_ex.c                 0x00000000   Number         0  stm32h7xx_hal_flash_ex.o ABSOLUTE
    stm32h7xx_hal_gpio.c                     0x00000000   Number         0  stm32h7xx_hal_gpio.o ABSOLUTE
    stm32h7xx_hal_hsem.c                     0x00000000   Number         0  stm32h7xx_hal_hsem.o ABSOLUTE
    stm32h7xx_hal_i2c.c                      0x00000000   Number         0  stm32h7xx_hal_i2c.o ABSOLUTE
    stm32h7xx_hal_i2c_ex.c                   0x00000000   Number         0  stm32h7xx_hal_i2c_ex.o ABSOLUTE
    stm32h7xx_hal_mdma.c                     0x00000000   Number         0  stm32h7xx_hal_mdma.o ABSOLUTE
    stm32h7xx_hal_msp.c                      0x00000000   Number         0  stm32h7xx_hal_msp.o ABSOLUTE
    stm32h7xx_hal_pwr.c                      0x00000000   Number         0  stm32h7xx_hal_pwr.o ABSOLUTE
    stm32h7xx_hal_pwr_ex.c                   0x00000000   Number         0  stm32h7xx_hal_pwr_ex.o ABSOLUTE
    stm32h7xx_hal_rcc.c                      0x00000000   Number         0  stm32h7xx_hal_rcc.o ABSOLUTE
    stm32h7xx_hal_rcc_ex.c                   0x00000000   Number         0  stm32h7xx_hal_rcc_ex.o ABSOLUTE
    stm32h7xx_hal_tim.c                      0x00000000   Number         0  stm32h7xx_hal_tim.o ABSOLUTE
    stm32h7xx_hal_tim_ex.c                   0x00000000   Number         0  stm32h7xx_hal_tim_ex.o ABSOLUTE
    stm32h7xx_hal_uart.c                     0x00000000   Number         0  stm32h7xx_hal_uart.o ABSOLUTE
    stm32h7xx_hal_uart_ex.c                  0x00000000   Number         0  stm32h7xx_hal_uart_ex.o ABSOLUTE
    stm32h7xx_it.c                           0x00000000   Number         0  stm32h7xx_it.o ABSOLUTE
    system_stm32h7xx.c                       0x00000000   Number         0  system_stm32h7xx.o ABSOLUTE
    tim.c                                    0x00000000   Number         0  tim.o ABSOLUTE
    usart.c                                  0x00000000   Number         0  usart.o ABSOLUTE
    RESET                                    0x08000000   Section      664  startup_stm32h743xx.o(RESET)
    .ARM.Collect$$$$00000000                 0x08000298   Section        0  entry.o(.ARM.Collect$$$$00000000)
    .ARM.Collect$$$$00000001                 0x08000298   Section        4  entry2.o(.ARM.Collect$$$$00000001)
    .ARM.Collect$$$$00000004                 0x0800029c   Section        4  entry5.o(.ARM.Collect$$$$00000004)
    .ARM.Collect$$$$00000008                 0x080002a0   Section        0  entry7b.o(.ARM.Collect$$$$00000008)
    .ARM.Collect$$$$0000000A                 0x080002a0   Section        0  entry8b.o(.ARM.Collect$$$$0000000A)
    .ARM.Collect$$$$0000000B                 0x080002a0   Section        8  entry9a.o(.ARM.Collect$$$$0000000B)
    __lit__00000000                          0x080002a8   Data           4  entry2.o(.ARM.Collect$$$$00002712)
    .ARM.Collect$$$$0000000D                 0x080002a8   Section        0  entry10a.o(.ARM.Collect$$$$0000000D)
    .ARM.Collect$$$$0000000F                 0x080002a8   Section        0  entry11a.o(.ARM.Collect$$$$0000000F)
    .ARM.Collect$$$$00002712                 0x080002a8   Section        4  entry2.o(.ARM.Collect$$$$00002712)
    $v0                                      0x080002ac   Number         0  startup_stm32h743xx.o(.text)
    .text                                    0x080002ac   Section       44  startup_stm32h743xx.o(.text)
    .text                                    0x080002d8   Section        0  uldiv.o(.text)
    .text                                    0x0800033a   Section        0  memseta.o(.text)
    .text                                    0x0800035e   Section        0  uidiv.o(.text)
    .text                                    0x0800038a   Section        0  llshl.o(.text)
    .text                                    0x080003a8   Section        0  llushr.o(.text)
    .text                                    0x080003c8   Section        0  iusefp.o(.text)
    .text                                    0x080003c8   Section        0  dadd.o(.text)
    .text                                    0x08000516   Section        0  dmul.o(.text)
    .text                                    0x080005fa   Section        0  ddiv.o(.text)
    .text                                    0x080006d8   Section        0  dfixul.o(.text)
    .text                                    0x08000708   Section       48  cdrcmple.o(.text)
    .text                                    0x08000738   Section       48  init.o(.text)
    .text                                    0x08000768   Section        0  llsshr.o(.text)
    .text                                    0x0800078c   Section        0  depilogue.o(.text)
    .text                                    0x08000846   Section        0  __dczerorl.o(.text)
    [Anonymous Symbol]                       0x08000880   Section        0  main.o(.text.AD9220_ConvCpltCallback)
    AD9220_DMA_CpltCallback                  0x08000891   Thumb Code    86  ad9220.o(.text.AD9220_DMA_CpltCallback)
    [Anonymous Symbol]                       0x08000890   Section        0  ad9220.o(.text.AD9220_DMA_CpltCallback)
    [Anonymous Symbol]                       0x080008e8   Section        0  ad9220.o(.text.AD9220_Start_DMA)
    [Anonymous Symbol]                       0x08000938   Section        0  AD9910.o(.text.AD9910_AmpWrite)
    [Anonymous Symbol]                       0x08000950   Section        0  AD9910.o(.text.AD9910_FreWrite)
    [Anonymous Symbol]                       0x08000980   Section        0  stm32h7xx_hal_adc.o(.text.ADC_ConfigureBoostMode)
    [Anonymous Symbol]                       0x08000a98   Section        0  stm32h7xx_hal_adc.o(.text.ADC_DMAConvCplt)
    [Anonymous Symbol]                       0x08000af8   Section        0  stm32h7xx_hal_adc.o(.text.ADC_DMAError)
    [Anonymous Symbol]                       0x08000b10   Section        0  stm32h7xx_hal_adc.o(.text.ADC_DMAHalfConvCplt)
    [Anonymous Symbol]                       0x08000b18   Section        0  stm32h7xx_hal_adc.o(.text.ADC_Enable)
    [Anonymous Symbol]                       0x08000bc8   Section        0  stm32h7xx_it.o(.text.BusFault_Handler)
    [Anonymous Symbol]                       0x08000bd0   Section        0  stm32h7xx_it.o(.text.DMA1_Stream0_IRQHandler)
    [Anonymous Symbol]                       0x08000be0   Section        0  stm32h7xx_it.o(.text.DMA1_Stream1_IRQHandler)
    [Anonymous Symbol]                       0x08000bf0   Section        0  stm32h7xx_it.o(.text.DMA1_Stream2_IRQHandler)
    DMA_CalcBaseAndBitshift                  0x08000c01   Thumb Code   272  stm32h7xx_hal_dma.o(.text.DMA_CalcBaseAndBitshift)
    [Anonymous Symbol]                       0x08000c00   Section        0  stm32h7xx_hal_dma.o(.text.DMA_CalcBaseAndBitshift)
    DMA_CalcBaseAndBitshift.flagBitshiftOffset 0x08000d10   Number         0  stm32h7xx_hal_dma.o(.text.DMA_CalcBaseAndBitshift)
    DMA_SetConfig                            0x08000d19   Thumb Code   756  stm32h7xx_hal_dma.o(.text.DMA_SetConfig)
    [Anonymous Symbol]                       0x08000d18   Section        0  stm32h7xx_hal_dma.o(.text.DMA_SetConfig)
    [Anonymous Symbol]                       0x08001010   Section        0  stm32h7xx_it.o(.text.DebugMon_Handler)
    [Anonymous Symbol]                       0x08001018   Section        0  main.o(.text.Error_Handler)
    [Anonymous Symbol]                       0x08001040   Section        0  system_stm32h7xx.o(.text.ExitRun0Mode)
    [Anonymous Symbol]                       0x08001060   Section        0  stm32h7xx_hal_adc_ex.o(.text.HAL_ADCEx_MultiModeConfigChannel)
    [Anonymous Symbol]                       0x08001168   Section        0  stm32h7xx_hal_adc.o(.text.HAL_ADC_ConfigChannel)
    [Anonymous Symbol]                       0x080015c0   Section        0  stm32h7xx_hal_adc.o(.text.HAL_ADC_ConvCpltCallback)
    [Anonymous Symbol]                       0x080015c8   Section        0  stm32h7xx_hal_adc.o(.text.HAL_ADC_ConvHalfCpltCallback)
    [Anonymous Symbol]                       0x080015d0   Section        0  stm32h7xx_hal_adc.o(.text.HAL_ADC_ErrorCallback)
    [Anonymous Symbol]                       0x080015d8   Section        0  stm32h7xx_hal_adc.o(.text.HAL_ADC_Init)
    [Anonymous Symbol]                       0x08001800   Section        0  adc.o(.text.HAL_ADC_MspInit)
    [Anonymous Symbol]                       0x08001958   Section        0  stm32h7xx_hal_adc.o(.text.HAL_ADC_Start_DMA)
    [Anonymous Symbol]                       0x08001a68   Section        0  stm32h7xx_hal_dma.o(.text.HAL_DMA_Abort)
    [Anonymous Symbol]                       0x08001f48   Section        0  stm32h7xx_hal_dma.o(.text.HAL_DMA_Abort_IT)
    [Anonymous Symbol]                       0x080021e0   Section        0  stm32h7xx_hal_dma.o(.text.HAL_DMA_IRQHandler)
    [Anonymous Symbol]                       0x08002c60   Section        0  stm32h7xx_hal_dma.o(.text.HAL_DMA_Init)
    [Anonymous Symbol]                       0x08003280   Section        0  stm32h7xx_hal_dma.o(.text.HAL_DMA_Start_IT)
    [Anonymous Symbol]                       0x08003608   Section        0  stm32h7xx_hal.o(.text.HAL_Delay)
    [Anonymous Symbol]                       0x08003630   Section        0  stm32h7xx_hal_gpio.o(.text.HAL_GPIO_Init)
    [Anonymous Symbol]                       0x080037d8   Section        0  stm32h7xx_hal_gpio.o(.text.HAL_GPIO_ReadPin)
    [Anonymous Symbol]                       0x080037e8   Section        0  stm32h7xx_hal_gpio.o(.text.HAL_GPIO_WritePin)
    [Anonymous Symbol]                       0x080037f8   Section        0  stm32h7xx_hal.o(.text.HAL_GetREVID)
    [Anonymous Symbol]                       0x08003808   Section        0  stm32h7xx_hal.o(.text.HAL_GetTick)
    [Anonymous Symbol]                       0x08003818   Section        0  stm32h7xx_hal.o(.text.HAL_IncTick)
    [Anonymous Symbol]                       0x08003838   Section        0  stm32h7xx_hal.o(.text.HAL_Init)
    [Anonymous Symbol]                       0x080038a0   Section        0  stm32h7xx_hal.o(.text.HAL_InitTick)
    [Anonymous Symbol]                       0x080038f8   Section        0  stm32h7xx_hal_cortex.o(.text.HAL_MPU_ConfigRegion)
    [Anonymous Symbol]                       0x08003958   Section        0  stm32h7xx_hal_cortex.o(.text.HAL_MPU_Disable)
    [Anonymous Symbol]                       0x08003978   Section        0  stm32h7xx_hal_cortex.o(.text.HAL_MPU_Enable)
    [Anonymous Symbol]                       0x08003998   Section        0  stm32h7xx_hal_msp.o(.text.HAL_MspInit)
    [Anonymous Symbol]                       0x080039b8   Section        0  stm32h7xx_hal_cortex.o(.text.HAL_NVIC_EnableIRQ)
    [Anonymous Symbol]                       0x080039e0   Section        0  stm32h7xx_hal_cortex.o(.text.HAL_NVIC_SetPriority)
    [Anonymous Symbol]                       0x08003a40   Section        0  stm32h7xx_hal_cortex.o(.text.HAL_NVIC_SetPriorityGrouping)
    [Anonymous Symbol]                       0x08003a60   Section        0  stm32h7xx_hal_pwr_ex.o(.text.HAL_PWREx_ConfigSupply)
    [Anonymous Symbol]                       0x08003aa8   Section        0  stm32h7xx_hal_rcc_ex.o(.text.HAL_RCCEx_GetD3PCLK1Freq)
    [Anonymous Symbol]                       0x08003ad0   Section        0  stm32h7xx_hal_rcc_ex.o(.text.HAL_RCCEx_GetPLL1ClockFreq)
    [Anonymous Symbol]                       0x08003bf8   Section        0  stm32h7xx_hal_rcc_ex.o(.text.HAL_RCCEx_GetPLL2ClockFreq)
    [Anonymous Symbol]                       0x08003d18   Section        0  stm32h7xx_hal_rcc_ex.o(.text.HAL_RCCEx_GetPLL3ClockFreq)
    [Anonymous Symbol]                       0x08003e38   Section        0  stm32h7xx_hal_rcc_ex.o(.text.HAL_RCCEx_GetPeriphCLKFreq)
    [Anonymous Symbol]                       0x080041b0   Section        0  stm32h7xx_hal_rcc_ex.o(.text.HAL_RCCEx_PeriphCLKConfig)
    [Anonymous Symbol]                       0x08004be8   Section        0  stm32h7xx_hal_rcc.o(.text.HAL_RCC_ClockConfig)
    [Anonymous Symbol]                       0x08004e38   Section        0  stm32h7xx_hal_rcc.o(.text.HAL_RCC_GetHCLKFreq)
    [Anonymous Symbol]                       0x08004e88   Section        0  stm32h7xx_hal_rcc.o(.text.HAL_RCC_GetPCLK1Freq)
    [Anonymous Symbol]                       0x08004ee8   Section        0  stm32h7xx_hal_rcc.o(.text.HAL_RCC_GetPCLK2Freq)
    [Anonymous Symbol]                       0x08004f48   Section        0  stm32h7xx_hal_rcc.o(.text.HAL_RCC_GetSysClockFreq)
    [Anonymous Symbol]                       0x08005060   Section        0  stm32h7xx_hal_rcc.o(.text.HAL_RCC_OscConfig)
    [Anonymous Symbol]                       0x08005690   Section        0  stm32h7xx_hal_cortex.o(.text.HAL_SYSTICK_Config)
    [Anonymous Symbol]                       0x080056c0   Section        0  stm32h7xx_hal_tim_ex.o(.text.HAL_TIMEx_MasterConfigSynchronization)
    [Anonymous Symbol]                       0x08005790   Section        0  stm32h7xx_hal_tim.o(.text.HAL_TIM_Base_Init)
    [Anonymous Symbol]                       0x080057f0   Section        0  tim.o(.text.HAL_TIM_Base_MspInit)
    [Anonymous Symbol]                       0x08005888   Section        0  stm32h7xx_hal_tim.o(.text.HAL_TIM_Base_Start)
    [Anonymous Symbol]                       0x08005938   Section        0  stm32h7xx_hal_tim.o(.text.HAL_TIM_ConfigClockSource)
    [Anonymous Symbol]                       0x08005b30   Section        0  stm32h7xx_hal_tim.o(.text.HAL_TIM_PWM_ConfigChannel)
    [Anonymous Symbol]                       0x08005fd0   Section        0  stm32h7xx_hal_tim.o(.text.HAL_TIM_PWM_Init)
    [Anonymous Symbol]                       0x08006030   Section        0  stm32h7xx_hal_tim.o(.text.HAL_TIM_PWM_MspInit)
    [Anonymous Symbol]                       0x08006038   Section        0  stm32h7xx_hal_uart_ex.o(.text.HAL_UARTEx_DisableFifoMode)
    [Anonymous Symbol]                       0x08006070   Section        0  stm32h7xx_hal_uart.o(.text.HAL_UARTEx_RxEventCallback)
    [Anonymous Symbol]                       0x08006078   Section        0  stm32h7xx_hal_uart_ex.o(.text.HAL_UARTEx_RxFifoFullCallback)
    [Anonymous Symbol]                       0x08006080   Section        0  stm32h7xx_hal_uart_ex.o(.text.HAL_UARTEx_SetRxFifoThreshold)
    [Anonymous Symbol]                       0x08006118   Section        0  stm32h7xx_hal_uart_ex.o(.text.HAL_UARTEx_SetTxFifoThreshold)
    [Anonymous Symbol]                       0x080061b0   Section        0  stm32h7xx_hal_uart_ex.o(.text.HAL_UARTEx_TxFifoEmptyCallback)
    [Anonymous Symbol]                       0x080061b8   Section        0  stm32h7xx_hal_uart_ex.o(.text.HAL_UARTEx_WakeupCallback)
    [Anonymous Symbol]                       0x080061c0   Section        0  stm32h7xx_hal_uart.o(.text.HAL_UART_ErrorCallback)
    [Anonymous Symbol]                       0x080061c8   Section        0  stm32h7xx_hal_uart.o(.text.HAL_UART_IRQHandler)
    [Anonymous Symbol]                       0x08006578   Section        0  stm32h7xx_hal_uart.o(.text.HAL_UART_Init)
    [Anonymous Symbol]                       0x080065e0   Section        0  usart.o(.text.HAL_UART_MspInit)
    [Anonymous Symbol]                       0x08006680   Section        0  stm32h7xx_hal_uart.o(.text.HAL_UART_Transmit)
    [Anonymous Symbol]                       0x08006780   Section        0  stm32h7xx_hal_uart.o(.text.HAL_UART_TxCpltCallback)
    [Anonymous Symbol]                       0x08006788   Section        0  HMI.o(.text.HMI_Init)
    [Anonymous Symbol]                       0x08006810   Section        0  HMI.o(.text.HMI_send_string)
    [Anonymous Symbol]                       0x08006828   Section        0  stm32h7xx_it.o(.text.HardFault_Handler)
    [Anonymous Symbol]                       0x08006830   Section        0  AD9910.o(.text.Init_AD9910)
    [Anonymous Symbol]                       0x08006a98   Section        0  adc.o(.text.MX_ADC1_Init)
    [Anonymous Symbol]                       0x08006b50   Section        0  adc.o(.text.MX_ADC2_Init)
    [Anonymous Symbol]                       0x08006be0   Section        0  dma.o(.text.MX_DMA_Init)
    [Anonymous Symbol]                       0x08006c38   Section        0  gpio.o(.text.MX_GPIO_Init)
    [Anonymous Symbol]                       0x08006d78   Section        0  tim.o(.text.MX_TIM2_Init)
    [Anonymous Symbol]                       0x08006e80   Section        0  tim.o(.text.MX_TIM3_Init)
    [Anonymous Symbol]                       0x08006f00   Section        0  usart.o(.text.MX_USART3_UART_Init)
    [Anonymous Symbol]                       0x08006f80   Section        0  stm32h7xx_it.o(.text.MemManage_Handler)
    [Anonymous Symbol]                       0x08006f88   Section        0  stm32h7xx_it.o(.text.NMI_Handler)
    [Anonymous Symbol]                       0x08006f90   Section        0  stm32h7xx_it.o(.text.PendSV_Handler)
    RCCEx_PLL2_Config                        0x08006f99   Thumb Code   286  stm32h7xx_hal_rcc_ex.o(.text.RCCEx_PLL2_Config)
    [Anonymous Symbol]                       0x08006f98   Section        0  stm32h7xx_hal_rcc_ex.o(.text.RCCEx_PLL2_Config)
    RCCEx_PLL3_Config                        0x080070b9   Thumb Code   286  stm32h7xx_hal_rcc_ex.o(.text.RCCEx_PLL3_Config)
    [Anonymous Symbol]                       0x080070b8   Section        0  stm32h7xx_hal_rcc_ex.o(.text.RCCEx_PLL3_Config)
    [Anonymous Symbol]                       0x080071d8   Section        0  stm32h7xx_it.o(.text.SVC_Handler)
    [Anonymous Symbol]                       0x080071e0   Section        0  stm32h7xx_it.o(.text.SysTick_Handler)
    [Anonymous Symbol]                       0x080071e8   Section        0  main.o(.text.SystemClock_Config)
    [Anonymous Symbol]                       0x080072e0   Section        0  system_stm32h7xx.o(.text.SystemInit)
    [Anonymous Symbol]                       0x080073d0   Section        0  stm32h7xx_hal_tim.o(.text.TIM_Base_SetConfig)
    [Anonymous Symbol]                       0x08007510   Section        0  AD9910.o(.text.Txfrc)
    [Anonymous Symbol]                       0x080075d8   Section        0  HMI.o(.text.UART3_Printf)
    [Anonymous Symbol]                       0x08007638   Section        0  stm32h7xx_hal_uart.o(.text.UART_AdvFeatureConfig)
    [Anonymous Symbol]                       0x08007718   Section        0  stm32h7xx_hal_uart.o(.text.UART_CheckIdleState)
    UART_DMAAbortOnError                     0x080077d9   Thumb Code    12  stm32h7xx_hal_uart.o(.text.UART_DMAAbortOnError)
    [Anonymous Symbol]                       0x080077d8   Section        0  stm32h7xx_hal_uart.o(.text.UART_DMAAbortOnError)
    [Anonymous Symbol]                       0x080077e8   Section        0  stm32h7xx_hal_uart.o(.text.UART_SetConfig)
    [Anonymous Symbol]                       0x08007c30   Section        0  stm32h7xx_hal_uart.o(.text.UART_WaitOnFlagUntilTimeout)
    [Anonymous Symbol]                       0x08007d70   Section        0  stm32h7xx_it.o(.text.USART3_IRQHandler)
    [Anonymous Symbol]                       0x08007d80   Section        0  stm32h7xx_it.o(.text.UsageFault_Handler)
    [Anonymous Symbol]                       0x08007d88   Section        0  main.o(.text.main)
    i.__0vsnprintf                           0x08007f10   Section        0  printfa.o(i.__0vsnprintf)
    i.__scatterload_copy                     0x08007f44   Section       14  handlers.o(i.__scatterload_copy)
    i.__scatterload_null                     0x08007f52   Section        2  handlers.o(i.__scatterload_null)
    i.__scatterload_zeroinit                 0x08007f54   Section       14  handlers.o(i.__scatterload_zeroinit)
    _fp_digits                               0x08007f65   Thumb Code   366  printfa.o(i._fp_digits)
    i._fp_digits                             0x08007f64   Section        0  printfa.o(i._fp_digits)
    _printf_core                             0x080080e9   Thumb Code  1744  printfa.o(i._printf_core)
    i._printf_core                           0x080080e8   Section        0  printfa.o(i._printf_core)
    _printf_post_padding                     0x080087c5   Thumb Code    36  printfa.o(i._printf_post_padding)
    i._printf_post_padding                   0x080087c4   Section        0  printfa.o(i._printf_post_padding)
    _printf_pre_padding                      0x080087e9   Thumb Code    46  printfa.o(i._printf_pre_padding)
    i._printf_pre_padding                    0x080087e8   Section        0  printfa.o(i._printf_pre_padding)
    _snputc                                  0x08008817   Thumb Code    22  printfa.o(i._snputc)
    i._snputc                                0x08008816   Section        0  printfa.o(i._snputc)
    .Lswitch.table.UART_SetConfig.5          0x0800882c   Data           6  stm32h7xx_hal_uart.o(.rodata..Lswitch.table.UART_SetConfig.5)
    .Lswitch.table.UART_SetConfig.7          0x08008832   Data           6  stm32h7xx_hal_uart.o(.rodata..Lswitch.table.UART_SetConfig.7)
    UARTEx_SetNbDataToProcess.numerator      0x0800886c   Data           8  stm32h7xx_hal_uart_ex.o(.rodata.cst8)
    [Anonymous Symbol]                       0x0800886c   Section        0  stm32h7xx_hal_uart_ex.o(.rodata.cst8)
    UARTEx_SetNbDataToProcess.denominator    0x08008874   Data           8  stm32h7xx_hal_uart_ex.o(.rodata.cst8)
    .L.str.1                                 0x0800887c   Data           6  main.o(.rodata.str1.1)
    [Anonymous Symbol]                       0x0800887c   Section        0  main.o(.rodata.str1.1)
    .L.str                                   0x08008882   Data           7  main.o(.rodata.str1.1)
    .L.str.8                                 0x08008889   Data           8  HMI.o(.rodata.str1.1)
    [Anonymous Symbol]                       0x08008889   Section        0  HMI.o(.rodata.str1.1)
    .L.str                                   0x08008891   Data          11  HMI.o(.rodata.str1.1)
    .L.str.1                                 0x08008894   Data           9  HMI.o(.rodata.str1.1)
    HAL_RCC_ADC12_CLK_ENABLED                0x24020120   Data           4  adc.o(.bss.HAL_RCC_ADC12_CLK_ENABLED)
    [Anonymous Symbol]                       0x24020120   Section        0  adc.o(.bss.HAL_RCC_ADC12_CLK_ENABLED)
    STACK                                    0x24020488   Section     1024  startup_stm32h743xx.o(STACK)

    Global Symbols

    Symbol Name                              Value     Ov Type        Size  Object(Section)

    BuildAttributes$$THM_ISAv4$E$P$D$K$B$S$7EM$VFPv5_D16$PE$PLD8$A:L22UL41UL21$X:L11$S22US41US21$IEEE1$IW$~IW$USESV6$~STKCKD$USESV7$~SHL$OTIME$ROPI$IEEEX$EBA8$MICROLIB$REQ8$PRES8$EABIv2 0x00000000   Number         0  anon$$obj.o ABSOLUTE
    _printf_a                                0x00000000   Number         0  printfstubs.o ABSOLUTE
    _printf_c                                0x00000000   Number         0  printfstubs.o ABSOLUTE
    _printf_charcount                        0x00000000   Number         0  printfstubs.o ABSOLUTE
    _printf_d                                0x00000000   Number         0  printfstubs.o ABSOLUTE
    _printf_e                                0x00000000   Number         0  printfstubs.o ABSOLUTE
    _printf_f                                0x00000000   Number         0  printfstubs.o ABSOLUTE
    _printf_flags                            0x00000000   Number         0  printfstubs.o ABSOLUTE
    _printf_fp_dec                           0x00000000   Number         0  printfstubs.o ABSOLUTE
    _printf_fp_hex                           0x00000000   Number         0  printfstubs.o ABSOLUTE
    _printf_g                                0x00000000   Number         0  printfstubs.o ABSOLUTE
    _printf_i                                0x00000000   Number         0  printfstubs.o ABSOLUTE
    _printf_int_dec                          0x00000000   Number         0  printfstubs.o ABSOLUTE
    _printf_l                                0x00000000   Number         0  printfstubs.o ABSOLUTE
    _printf_lc                               0x00000000   Number         0  printfstubs.o ABSOLUTE
    _printf_ll                               0x00000000   Number         0  printfstubs.o ABSOLUTE
    _printf_lld                              0x00000000   Number         0  printfstubs.o ABSOLUTE
    _printf_lli                              0x00000000   Number         0  printfstubs.o ABSOLUTE
    _printf_llo                              0x00000000   Number         0  printfstubs.o ABSOLUTE
    _printf_llu                              0x00000000   Number         0  printfstubs.o ABSOLUTE
    _printf_llx                              0x00000000   Number         0  printfstubs.o ABSOLUTE
    _printf_longlong_dec                     0x00000000   Number         0  printfstubs.o ABSOLUTE
    _printf_longlong_hex                     0x00000000   Number         0  printfstubs.o ABSOLUTE
    _printf_longlong_oct                     0x00000000   Number         0  printfstubs.o ABSOLUTE
    _printf_ls                               0x00000000   Number         0  printfstubs.o ABSOLUTE
    _printf_mbtowc                           0x00000000   Number         0  printfstubs.o ABSOLUTE
    _printf_n                                0x00000000   Number         0  printfstubs.o ABSOLUTE
    _printf_o                                0x00000000   Number         0  printfstubs.o ABSOLUTE
    _printf_p                                0x00000000   Number         0  printfstubs.o ABSOLUTE
    _printf_percent                          0x00000000   Number         0  printfstubs.o ABSOLUTE
    _printf_pre_padding                      0x00000000   Number         0  printfstubs.o ABSOLUTE
    _printf_return_value                     0x00000000   Number         0  printfstubs.o ABSOLUTE
    _printf_s                                0x00000000   Number         0  printfstubs.o ABSOLUTE
    _printf_sizespec                         0x00000000   Number         0  printfstubs.o ABSOLUTE
    _printf_str                              0x00000000   Number         0  printfstubs.o ABSOLUTE
    _printf_truncate_signed                  0x00000000   Number         0  printfstubs.o ABSOLUTE
    _printf_truncate_unsigned                0x00000000   Number         0  printfstubs.o ABSOLUTE
    _printf_u                                0x00000000   Number         0  printfstubs.o ABSOLUTE
    _printf_wc                               0x00000000   Number         0  printfstubs.o ABSOLUTE
    _printf_wctomb                           0x00000000   Number         0  printfstubs.o ABSOLUTE
    _printf_widthprec                        0x00000000   Number         0  printfstubs.o ABSOLUTE
    _printf_x                                0x00000000   Number         0  printfstubs.o ABSOLUTE
    __cpp_initialize__aeabi_                  - Undefined Weak Reference
    __cxa_finalize                            - Undefined Weak Reference
    _clock_init                               - Undefined Weak Reference
    _microlib_exit                            - Undefined Weak Reference
    __Vectors_Size                           0x00000298   Number         0  startup_stm32h743xx.o ABSOLUTE
    __Vectors                                0x08000000   Data           4  startup_stm32h743xx.o(RESET)
    __Vectors_End                            0x08000298   Data           0  startup_stm32h743xx.o(RESET)
    __main                                   0x08000299   Thumb Code     0  entry.o(.ARM.Collect$$$$00000000)
    _main_stk                                0x08000299   Thumb Code     0  entry2.o(.ARM.Collect$$$$00000001)
    _main_scatterload                        0x0800029d   Thumb Code     0  entry5.o(.ARM.Collect$$$$00000004)
    __main_after_scatterload                 0x080002a1   Thumb Code     0  entry5.o(.ARM.Collect$$$$00000004)
    _main_clock                              0x080002a1   Thumb Code     0  entry7b.o(.ARM.Collect$$$$00000008)
    _main_cpp_init                           0x080002a1   Thumb Code     0  entry8b.o(.ARM.Collect$$$$0000000A)
    _main_init                               0x080002a1   Thumb Code     0  entry9a.o(.ARM.Collect$$$$0000000B)
    __rt_final_cpp                           0x080002a9   Thumb Code     0  entry10a.o(.ARM.Collect$$$$0000000D)
    __rt_final_exit                          0x080002a9   Thumb Code     0  entry11a.o(.ARM.Collect$$$$0000000F)
    Reset_Handler                            0x080002ad   Thumb Code    12  startup_stm32h743xx.o(.text)
    ADC3_IRQHandler                          0x080002cb   Thumb Code     0  startup_stm32h743xx.o(.text)
    ADC_IRQHandler                           0x080002cb   Thumb Code     0  startup_stm32h743xx.o(.text)
    BDMA_Channel0_IRQHandler                 0x080002cb   Thumb Code     0  startup_stm32h743xx.o(.text)
    BDMA_Channel1_IRQHandler                 0x080002cb   Thumb Code     0  startup_stm32h743xx.o(.text)
    BDMA_Channel2_IRQHandler                 0x080002cb   Thumb Code     0  startup_stm32h743xx.o(.text)
    BDMA_Channel3_IRQHandler                 0x080002cb   Thumb Code     0  startup_stm32h743xx.o(.text)
    BDMA_Channel4_IRQHandler                 0x080002cb   Thumb Code     0  startup_stm32h743xx.o(.text)
    BDMA_Channel5_IRQHandler                 0x080002cb   Thumb Code     0  startup_stm32h743xx.o(.text)
    BDMA_Channel6_IRQHandler                 0x080002cb   Thumb Code     0  startup_stm32h743xx.o(.text)
    BDMA_Channel7_IRQHandler                 0x080002cb   Thumb Code     0  startup_stm32h743xx.o(.text)
    CEC_IRQHandler                           0x080002cb   Thumb Code     0  startup_stm32h743xx.o(.text)
    COMP1_IRQHandler                         0x080002cb   Thumb Code     0  startup_stm32h743xx.o(.text)
    CRS_IRQHandler                           0x080002cb   Thumb Code     0  startup_stm32h743xx.o(.text)
    DCMI_IRQHandler                          0x080002cb   Thumb Code     0  startup_stm32h743xx.o(.text)
    DFSDM1_FLT0_IRQHandler                   0x080002cb   Thumb Code     0  startup_stm32h743xx.o(.text)
    DFSDM1_FLT1_IRQHandler                   0x080002cb   Thumb Code     0  startup_stm32h743xx.o(.text)
    DFSDM1_FLT2_IRQHandler                   0x080002cb   Thumb Code     0  startup_stm32h743xx.o(.text)
    DFSDM1_FLT3_IRQHandler                   0x080002cb   Thumb Code     0  startup_stm32h743xx.o(.text)
    DMA1_Stream3_IRQHandler                  0x080002cb   Thumb Code     0  startup_stm32h743xx.o(.text)
    DMA1_Stream4_IRQHandler                  0x080002cb   Thumb Code     0  startup_stm32h743xx.o(.text)
    DMA1_Stream5_IRQHandler                  0x080002cb   Thumb Code     0  startup_stm32h743xx.o(.text)
    DMA1_Stream6_IRQHandler                  0x080002cb   Thumb Code     0  startup_stm32h743xx.o(.text)
    DMA1_Stream7_IRQHandler                  0x080002cb   Thumb Code     0  startup_stm32h743xx.o(.text)
    DMA2D_IRQHandler                         0x080002cb   Thumb Code     0  startup_stm32h743xx.o(.text)
    DMA2_Stream0_IRQHandler                  0x080002cb   Thumb Code     0  startup_stm32h743xx.o(.text)
    DMA2_Stream1_IRQHandler                  0x080002cb   Thumb Code     0  startup_stm32h743xx.o(.text)
    DMA2_Stream2_IRQHandler                  0x080002cb   Thumb Code     0  startup_stm32h743xx.o(.text)
    DMA2_Stream3_IRQHandler                  0x080002cb   Thumb Code     0  startup_stm32h743xx.o(.text)
    DMA2_Stream4_IRQHandler                  0x080002cb   Thumb Code     0  startup_stm32h743xx.o(.text)
    DMA2_Stream5_IRQHandler                  0x080002cb   Thumb Code     0  startup_stm32h743xx.o(.text)
    DMA2_Stream6_IRQHandler                  0x080002cb   Thumb Code     0  startup_stm32h743xx.o(.text)
    DMA2_Stream7_IRQHandler                  0x080002cb   Thumb Code     0  startup_stm32h743xx.o(.text)
    DMAMUX1_OVR_IRQHandler                   0x080002cb   Thumb Code     0  startup_stm32h743xx.o(.text)
    DMAMUX2_OVR_IRQHandler                   0x080002cb   Thumb Code     0  startup_stm32h743xx.o(.text)
    ECC_IRQHandler                           0x080002cb   Thumb Code     0  startup_stm32h743xx.o(.text)
    ETH_IRQHandler                           0x080002cb   Thumb Code     0  startup_stm32h743xx.o(.text)
    ETH_WKUP_IRQHandler                      0x080002cb   Thumb Code     0  startup_stm32h743xx.o(.text)
    EXTI0_IRQHandler                         0x080002cb   Thumb Code     0  startup_stm32h743xx.o(.text)
    EXTI15_10_IRQHandler                     0x080002cb   Thumb Code     0  startup_stm32h743xx.o(.text)
    EXTI1_IRQHandler                         0x080002cb   Thumb Code     0  startup_stm32h743xx.o(.text)
    EXTI2_IRQHandler                         0x080002cb   Thumb Code     0  startup_stm32h743xx.o(.text)
    EXTI3_IRQHandler                         0x080002cb   Thumb Code     0  startup_stm32h743xx.o(.text)
    EXTI4_IRQHandler                         0x080002cb   Thumb Code     0  startup_stm32h743xx.o(.text)
    EXTI9_5_IRQHandler                       0x080002cb   Thumb Code     0  startup_stm32h743xx.o(.text)
    FDCAN1_IT0_IRQHandler                    0x080002cb   Thumb Code     0  startup_stm32h743xx.o(.text)
    FDCAN1_IT1_IRQHandler                    0x080002cb   Thumb Code     0  startup_stm32h743xx.o(.text)
    FDCAN2_IT0_IRQHandler                    0x080002cb   Thumb Code     0  startup_stm32h743xx.o(.text)
    FDCAN2_IT1_IRQHandler                    0x080002cb   Thumb Code     0  startup_stm32h743xx.o(.text)
    FDCAN_CAL_IRQHandler                     0x080002cb   Thumb Code     0  startup_stm32h743xx.o(.text)
    FLASH_IRQHandler                         0x080002cb   Thumb Code     0  startup_stm32h743xx.o(.text)
    FMC_IRQHandler                           0x080002cb   Thumb Code     0  startup_stm32h743xx.o(.text)
    FPU_IRQHandler                           0x080002cb   Thumb Code     0  startup_stm32h743xx.o(.text)
    HRTIM1_FLT_IRQHandler                    0x080002cb   Thumb Code     0  startup_stm32h743xx.o(.text)
    HRTIM1_Master_IRQHandler                 0x080002cb   Thumb Code     0  startup_stm32h743xx.o(.text)
    HRTIM1_TIMA_IRQHandler                   0x080002cb   Thumb Code     0  startup_stm32h743xx.o(.text)
    HRTIM1_TIMB_IRQHandler                   0x080002cb   Thumb Code     0  startup_stm32h743xx.o(.text)
    HRTIM1_TIMC_IRQHandler                   0x080002cb   Thumb Code     0  startup_stm32h743xx.o(.text)
    HRTIM1_TIMD_IRQHandler                   0x080002cb   Thumb Code     0  startup_stm32h743xx.o(.text)
    HRTIM1_TIME_IRQHandler                   0x080002cb   Thumb Code     0  startup_stm32h743xx.o(.text)
    HSEM1_IRQHandler                         0x080002cb   Thumb Code     0  startup_stm32h743xx.o(.text)
    I2C1_ER_IRQHandler                       0x080002cb   Thumb Code     0  startup_stm32h743xx.o(.text)
    I2C1_EV_IRQHandler                       0x080002cb   Thumb Code     0  startup_stm32h743xx.o(.text)
    I2C2_ER_IRQHandler                       0x080002cb   Thumb Code     0  startup_stm32h743xx.o(.text)
    I2C2_EV_IRQHandler                       0x080002cb   Thumb Code     0  startup_stm32h743xx.o(.text)
    I2C3_ER_IRQHandler                       0x080002cb   Thumb Code     0  startup_stm32h743xx.o(.text)
    I2C3_EV_IRQHandler                       0x080002cb   Thumb Code     0  startup_stm32h743xx.o(.text)
    I2C4_ER_IRQHandler                       0x080002cb   Thumb Code     0  startup_stm32h743xx.o(.text)
    I2C4_EV_IRQHandler                       0x080002cb   Thumb Code     0  startup_stm32h743xx.o(.text)
    JPEG_IRQHandler                          0x080002cb   Thumb Code     0  startup_stm32h743xx.o(.text)
    LPTIM1_IRQHandler                        0x080002cb   Thumb Code     0  startup_stm32h743xx.o(.text)
    LPTIM2_IRQHandler                        0x080002cb   Thumb Code     0  startup_stm32h743xx.o(.text)
    LPTIM3_IRQHandler                        0x080002cb   Thumb Code     0  startup_stm32h743xx.o(.text)
    LPTIM4_IRQHandler                        0x080002cb   Thumb Code     0  startup_stm32h743xx.o(.text)
    LPTIM5_IRQHandler                        0x080002cb   Thumb Code     0  startup_stm32h743xx.o(.text)
    LPUART1_IRQHandler                       0x080002cb   Thumb Code     0  startup_stm32h743xx.o(.text)
    LTDC_ER_IRQHandler                       0x080002cb   Thumb Code     0  startup_stm32h743xx.o(.text)
    LTDC_IRQHandler                          0x080002cb   Thumb Code     0  startup_stm32h743xx.o(.text)
    MDIOS_IRQHandler                         0x080002cb   Thumb Code     0  startup_stm32h743xx.o(.text)
    MDIOS_WKUP_IRQHandler                    0x080002cb   Thumb Code     0  startup_stm32h743xx.o(.text)
    MDMA_IRQHandler                          0x080002cb   Thumb Code     0  startup_stm32h743xx.o(.text)
    OTG_FS_EP1_IN_IRQHandler                 0x080002cb   Thumb Code     0  startup_stm32h743xx.o(.text)
    OTG_FS_EP1_OUT_IRQHandler                0x080002cb   Thumb Code     0  startup_stm32h743xx.o(.text)
    OTG_FS_IRQHandler                        0x080002cb   Thumb Code     0  startup_stm32h743xx.o(.text)
    OTG_FS_WKUP_IRQHandler                   0x080002cb   Thumb Code     0  startup_stm32h743xx.o(.text)
    OTG_HS_EP1_IN_IRQHandler                 0x080002cb   Thumb Code     0  startup_stm32h743xx.o(.text)
    OTG_HS_EP1_OUT_IRQHandler                0x080002cb   Thumb Code     0  startup_stm32h743xx.o(.text)
    OTG_HS_IRQHandler                        0x080002cb   Thumb Code     0  startup_stm32h743xx.o(.text)
    OTG_HS_WKUP_IRQHandler                   0x080002cb   Thumb Code     0  startup_stm32h743xx.o(.text)
    PVD_AVD_IRQHandler                       0x080002cb   Thumb Code     0  startup_stm32h743xx.o(.text)
    QUADSPI_IRQHandler                       0x080002cb   Thumb Code     0  startup_stm32h743xx.o(.text)
    RCC_IRQHandler                           0x080002cb   Thumb Code     0  startup_stm32h743xx.o(.text)
    RNG_IRQHandler                           0x080002cb   Thumb Code     0  startup_stm32h743xx.o(.text)
    RTC_Alarm_IRQHandler                     0x080002cb   Thumb Code     0  startup_stm32h743xx.o(.text)
    RTC_WKUP_IRQHandler                      0x080002cb   Thumb Code     0  startup_stm32h743xx.o(.text)
    SAI1_IRQHandler                          0x080002cb   Thumb Code     0  startup_stm32h743xx.o(.text)
    SAI2_IRQHandler                          0x080002cb   Thumb Code     0  startup_stm32h743xx.o(.text)
    SAI3_IRQHandler                          0x080002cb   Thumb Code     0  startup_stm32h743xx.o(.text)
    SAI4_IRQHandler                          0x080002cb   Thumb Code     0  startup_stm32h743xx.o(.text)
    SDMMC1_IRQHandler                        0x080002cb   Thumb Code     0  startup_stm32h743xx.o(.text)
    SDMMC2_IRQHandler                        0x080002cb   Thumb Code     0  startup_stm32h743xx.o(.text)
    SPDIF_RX_IRQHandler                      0x080002cb   Thumb Code     0  startup_stm32h743xx.o(.text)
    SPI1_IRQHandler                          0x080002cb   Thumb Code     0  startup_stm32h743xx.o(.text)
    SPI2_IRQHandler                          0x080002cb   Thumb Code     0  startup_stm32h743xx.o(.text)
    SPI3_IRQHandler                          0x080002cb   Thumb Code     0  startup_stm32h743xx.o(.text)
    SPI4_IRQHandler                          0x080002cb   Thumb Code     0  startup_stm32h743xx.o(.text)
    SPI5_IRQHandler                          0x080002cb   Thumb Code     0  startup_stm32h743xx.o(.text)
    SPI6_IRQHandler                          0x080002cb   Thumb Code     0  startup_stm32h743xx.o(.text)
    SWPMI1_IRQHandler                        0x080002cb   Thumb Code     0  startup_stm32h743xx.o(.text)
    TAMP_STAMP_IRQHandler                    0x080002cb   Thumb Code     0  startup_stm32h743xx.o(.text)
    TIM15_IRQHandler                         0x080002cb   Thumb Code     0  startup_stm32h743xx.o(.text)
    TIM16_IRQHandler                         0x080002cb   Thumb Code     0  startup_stm32h743xx.o(.text)
    TIM17_IRQHandler                         0x080002cb   Thumb Code     0  startup_stm32h743xx.o(.text)
    TIM1_BRK_IRQHandler                      0x080002cb   Thumb Code     0  startup_stm32h743xx.o(.text)
    TIM1_CC_IRQHandler                       0x080002cb   Thumb Code     0  startup_stm32h743xx.o(.text)
    TIM1_TRG_COM_IRQHandler                  0x080002cb   Thumb Code     0  startup_stm32h743xx.o(.text)
    TIM1_UP_IRQHandler                       0x080002cb   Thumb Code     0  startup_stm32h743xx.o(.text)
    TIM2_IRQHandler                          0x080002cb   Thumb Code     0  startup_stm32h743xx.o(.text)
    TIM3_IRQHandler                          0x080002cb   Thumb Code     0  startup_stm32h743xx.o(.text)
    TIM4_IRQHandler                          0x080002cb   Thumb Code     0  startup_stm32h743xx.o(.text)
    TIM5_IRQHandler                          0x080002cb   Thumb Code     0  startup_stm32h743xx.o(.text)
    TIM6_DAC_IRQHandler                      0x080002cb   Thumb Code     0  startup_stm32h743xx.o(.text)
    TIM7_IRQHandler                          0x080002cb   Thumb Code     0  startup_stm32h743xx.o(.text)
    TIM8_BRK_TIM12_IRQHandler                0x080002cb   Thumb Code     0  startup_stm32h743xx.o(.text)
    TIM8_CC_IRQHandler                       0x080002cb   Thumb Code     0  startup_stm32h743xx.o(.text)
    TIM8_TRG_COM_TIM14_IRQHandler            0x080002cb   Thumb Code     0  startup_stm32h743xx.o(.text)
    TIM8_UP_TIM13_IRQHandler                 0x080002cb   Thumb Code     0  startup_stm32h743xx.o(.text)
    UART4_IRQHandler                         0x080002cb   Thumb Code     0  startup_stm32h743xx.o(.text)
    UART5_IRQHandler                         0x080002cb   Thumb Code     0  startup_stm32h743xx.o(.text)
    UART7_IRQHandler                         0x080002cb   Thumb Code     0  startup_stm32h743xx.o(.text)
    UART8_IRQHandler                         0x080002cb   Thumb Code     0  startup_stm32h743xx.o(.text)
    USART1_IRQHandler                        0x080002cb   Thumb Code     0  startup_stm32h743xx.o(.text)
    USART2_IRQHandler                        0x080002cb   Thumb Code     0  startup_stm32h743xx.o(.text)
    USART6_IRQHandler                        0x080002cb   Thumb Code     0  startup_stm32h743xx.o(.text)
    WAKEUP_PIN_IRQHandler                    0x080002cb   Thumb Code     0  startup_stm32h743xx.o(.text)
    WWDG_IRQHandler                          0x080002cb   Thumb Code     0  startup_stm32h743xx.o(.text)
    __aeabi_uldivmod                         0x080002d9   Thumb Code    98  uldiv.o(.text)
    __aeabi_memset                           0x0800033b   Thumb Code    14  memseta.o(.text)
    __aeabi_memset4                          0x0800033b   Thumb Code     0  memseta.o(.text)
    __aeabi_memset8                          0x0800033b   Thumb Code     0  memseta.o(.text)
    __aeabi_memclr                           0x08000349   Thumb Code     4  memseta.o(.text)
    __aeabi_memclr4                          0x08000349   Thumb Code     0  memseta.o(.text)
    __aeabi_memclr8                          0x08000349   Thumb Code     0  memseta.o(.text)
    _memset$wrapper                          0x0800034d   Thumb Code    18  memseta.o(.text)
    __aeabi_uidiv                            0x0800035f   Thumb Code     0  uidiv.o(.text)
    __aeabi_uidivmod                         0x0800035f   Thumb Code    44  uidiv.o(.text)
    __aeabi_llsl                             0x0800038b   Thumb Code    30  llshl.o(.text)
    _ll_shift_l                              0x0800038b   Thumb Code     0  llshl.o(.text)
    __aeabi_llsr                             0x080003a9   Thumb Code    32  llushr.o(.text)
    _ll_ushift_r                             0x080003a9   Thumb Code     0  llushr.o(.text)
    __I$use$fp                               0x080003c9   Thumb Code     0  iusefp.o(.text)
    __aeabi_dadd                             0x080003c9   Thumb Code   322  dadd.o(.text)
    __aeabi_dsub                             0x0800050b   Thumb Code     6  dadd.o(.text)
    __aeabi_drsub                            0x08000511   Thumb Code     6  dadd.o(.text)
    __aeabi_dmul                             0x08000517   Thumb Code   228  dmul.o(.text)
    __aeabi_ddiv                             0x080005fb   Thumb Code   222  ddiv.o(.text)
    __aeabi_d2ulz                            0x080006d9   Thumb Code    48  dfixul.o(.text)
    __aeabi_cdrcmple                         0x08000709   Thumb Code    48  cdrcmple.o(.text)
    __scatterload                            0x08000739   Thumb Code    38  init.o(.text)
    __scatterload_rt2                        0x08000739   Thumb Code     0  init.o(.text)
    __aeabi_lasr                             0x08000769   Thumb Code    36  llsshr.o(.text)
    _ll_sshift_r                             0x08000769   Thumb Code     0  llsshr.o(.text)
    _double_round                            0x0800078d   Thumb Code    30  depilogue.o(.text)
    _double_epilogue                         0x080007ab   Thumb Code   156  depilogue.o(.text)
    __decompress                             0x08000847   Thumb Code     0  __dczerorl.o(.text)
    __decompress0                            0x08000847   Thumb Code    58  __dczerorl.o(.text)
    AD9220_ConvCpltCallback                  0x08000881   Thumb Code    14  main.o(.text.AD9220_ConvCpltCallback)
    AD9220_Start_DMA                         0x080008e9   Thumb Code    76  ad9220.o(.text.AD9220_Start_DMA)
    AD9910_AmpWrite                          0x08000939   Thumb Code    20  AD9910.o(.text.AD9910_AmpWrite)
    AD9910_FreWrite                          0x08000951   Thumb Code    40  AD9910.o(.text.AD9910_FreWrite)
    ADC_ConfigureBoostMode                   0x08000981   Thumb Code   278  stm32h7xx_hal_adc.o(.text.ADC_ConfigureBoostMode)
    ADC_DMAConvCplt                          0x08000a99   Thumb Code    92  stm32h7xx_hal_adc.o(.text.ADC_DMAConvCplt)
    ADC_DMAError                             0x08000af9   Thumb Code    22  stm32h7xx_hal_adc.o(.text.ADC_DMAError)
    ADC_DMAHalfConvCplt                      0x08000b11   Thumb Code     6  stm32h7xx_hal_adc.o(.text.ADC_DMAHalfConvCplt)
    ADC_Enable                               0x08000b19   Thumb Code   172  stm32h7xx_hal_adc.o(.text.ADC_Enable)
    BusFault_Handler                         0x08000bc9   Thumb Code     2  stm32h7xx_it.o(.text.BusFault_Handler)
    DMA1_Stream0_IRQHandler                  0x08000bd1   Thumb Code    12  stm32h7xx_it.o(.text.DMA1_Stream0_IRQHandler)
    DMA1_Stream1_IRQHandler                  0x08000be1   Thumb Code    12  stm32h7xx_it.o(.text.DMA1_Stream1_IRQHandler)
    DMA1_Stream2_IRQHandler                  0x08000bf1   Thumb Code    12  stm32h7xx_it.o(.text.DMA1_Stream2_IRQHandler)
    DebugMon_Handler                         0x08001011   Thumb Code     2  stm32h7xx_it.o(.text.DebugMon_Handler)
    Error_Handler                            0x08001019   Thumb Code    34  main.o(.text.Error_Handler)
    ExitRun0Mode                             0x08001041   Thumb Code    26  system_stm32h7xx.o(.text.ExitRun0Mode)
    HAL_ADCEx_MultiModeConfigChannel         0x08001061   Thumb Code   258  stm32h7xx_hal_adc_ex.o(.text.HAL_ADCEx_MultiModeConfigChannel)
    HAL_ADC_ConfigChannel                    0x08001169   Thumb Code  1112  stm32h7xx_hal_adc.o(.text.HAL_ADC_ConfigChannel)
    HAL_ADC_ConvCpltCallback                 0x080015c1   Thumb Code     2  stm32h7xx_hal_adc.o(.text.HAL_ADC_ConvCpltCallback)
    HAL_ADC_ConvHalfCpltCallback             0x080015c9   Thumb Code     2  stm32h7xx_hal_adc.o(.text.HAL_ADC_ConvHalfCpltCallback)
    HAL_ADC_ErrorCallback                    0x080015d1   Thumb Code     2  stm32h7xx_hal_adc.o(.text.HAL_ADC_ErrorCallback)
    HAL_ADC_Init                             0x080015d9   Thumb Code   552  stm32h7xx_hal_adc.o(.text.HAL_ADC_Init)
    HAL_ADC_MspInit                          0x08001801   Thumb Code   344  adc.o(.text.HAL_ADC_MspInit)
    HAL_ADC_Start_DMA                        0x08001959   Thumb Code   268  stm32h7xx_hal_adc.o(.text.HAL_ADC_Start_DMA)
    HAL_DMA_Abort                            0x08001a69   Thumb Code  1248  stm32h7xx_hal_dma.o(.text.HAL_DMA_Abort)
    HAL_DMA_Abort_IT                         0x08001f49   Thumb Code   664  stm32h7xx_hal_dma.o(.text.HAL_DMA_Abort_IT)
    HAL_DMA_IRQHandler                       0x080021e1   Thumb Code  2684  stm32h7xx_hal_dma.o(.text.HAL_DMA_IRQHandler)
    HAL_DMA_Init                             0x08002c61   Thumb Code  1566  stm32h7xx_hal_dma.o(.text.HAL_DMA_Init)
    HAL_DMA_Start_IT                         0x08003281   Thumb Code   902  stm32h7xx_hal_dma.o(.text.HAL_DMA_Start_IT)
    HAL_Delay                                0x08003609   Thumb Code    40  stm32h7xx_hal.o(.text.HAL_Delay)
    HAL_GPIO_Init                            0x08003631   Thumb Code   418  stm32h7xx_hal_gpio.o(.text.HAL_GPIO_Init)
    HAL_GPIO_ReadPin                         0x080037d9   Thumb Code    10  stm32h7xx_hal_gpio.o(.text.HAL_GPIO_ReadPin)
    HAL_GPIO_WritePin                        0x080037e9   Thumb Code    10  stm32h7xx_hal_gpio.o(.text.HAL_GPIO_WritePin)
    HAL_GetREVID                             0x080037f9   Thumb Code    14  stm32h7xx_hal.o(.text.HAL_GetREVID)
    HAL_GetTick                              0x08003809   Thumb Code    12  stm32h7xx_hal.o(.text.HAL_GetTick)
    HAL_IncTick                              0x08003819   Thumb Code    26  stm32h7xx_hal.o(.text.HAL_IncTick)
    HAL_Init                                 0x08003839   Thumb Code   100  stm32h7xx_hal.o(.text.HAL_Init)
    HAL_InitTick                             0x080038a1   Thumb Code    88  stm32h7xx_hal.o(.text.HAL_InitTick)
    HAL_MPU_ConfigRegion                     0x080038f9   Thumb Code    94  stm32h7xx_hal_cortex.o(.text.HAL_MPU_ConfigRegion)
    HAL_MPU_Disable                          0x08003959   Thumb Code    26  stm32h7xx_hal_cortex.o(.text.HAL_MPU_Disable)
    HAL_MPU_Enable                           0x08003979   Thumb Code    32  stm32h7xx_hal_cortex.o(.text.HAL_MPU_Enable)
    HAL_MspInit                              0x08003999   Thumb Code    32  stm32h7xx_hal_msp.o(.text.HAL_MspInit)
    HAL_NVIC_EnableIRQ                       0x080039b9   Thumb Code    34  stm32h7xx_hal_cortex.o(.text.HAL_NVIC_EnableIRQ)
    HAL_NVIC_SetPriority                     0x080039e1   Thumb Code    90  stm32h7xx_hal_cortex.o(.text.HAL_NVIC_SetPriority)
    HAL_NVIC_SetPriorityGrouping             0x08003a41   Thumb Code    32  stm32h7xx_hal_cortex.o(.text.HAL_NVIC_SetPriorityGrouping)
    HAL_PWREx_ConfigSupply                   0x08003a61   Thumb Code    72  stm32h7xx_hal_pwr_ex.o(.text.HAL_PWREx_ConfigSupply)
    HAL_RCCEx_GetD3PCLK1Freq                 0x08003aa9   Thumb Code    38  stm32h7xx_hal_rcc_ex.o(.text.HAL_RCCEx_GetD3PCLK1Freq)
    HAL_RCCEx_GetPLL1ClockFreq               0x08003ad1   Thumb Code   272  stm32h7xx_hal_rcc_ex.o(.text.HAL_RCCEx_GetPLL1ClockFreq)
    HAL_RCCEx_GetPLL2ClockFreq               0x08003bf9   Thumb Code   272  stm32h7xx_hal_rcc_ex.o(.text.HAL_RCCEx_GetPLL2ClockFreq)
    HAL_RCCEx_GetPLL3ClockFreq               0x08003d19   Thumb Code   272  stm32h7xx_hal_rcc_ex.o(.text.HAL_RCCEx_GetPLL3ClockFreq)
    HAL_RCCEx_GetPeriphCLKFreq               0x08003e39   Thumb Code   888  stm32h7xx_hal_rcc_ex.o(.text.HAL_RCCEx_GetPeriphCLKFreq)
    HAL_RCCEx_PeriphCLKConfig                0x080041b1   Thumb Code  2610  stm32h7xx_hal_rcc_ex.o(.text.HAL_RCCEx_PeriphCLKConfig)
    HAL_RCC_ClockConfig                      0x08004be9   Thumb Code   586  stm32h7xx_hal_rcc.o(.text.HAL_RCC_ClockConfig)
    HAL_RCC_GetHCLKFreq                      0x08004e39   Thumb Code    76  stm32h7xx_hal_rcc.o(.text.HAL_RCC_GetHCLKFreq)
    HAL_RCC_GetPCLK1Freq                     0x08004e89   Thumb Code    96  stm32h7xx_hal_rcc.o(.text.HAL_RCC_GetPCLK1Freq)
    HAL_RCC_GetPCLK2Freq                     0x08004ee9   Thumb Code    96  stm32h7xx_hal_rcc.o(.text.HAL_RCC_GetPCLK2Freq)
    HAL_RCC_GetSysClockFreq                  0x08004f49   Thumb Code   256  stm32h7xx_hal_rcc.o(.text.HAL_RCC_GetSysClockFreq)
    HAL_RCC_OscConfig                        0x08005061   Thumb Code  1582  stm32h7xx_hal_rcc.o(.text.HAL_RCC_OscConfig)
    HAL_SYSTICK_Config                       0x08005691   Thumb Code    44  stm32h7xx_hal_cortex.o(.text.HAL_SYSTICK_Config)
    HAL_TIMEx_MasterConfigSynchronization    0x080056c1   Thumb Code   208  stm32h7xx_hal_tim_ex.o(.text.HAL_TIMEx_MasterConfigSynchronization)
    HAL_TIM_Base_Init                        0x08005791   Thumb Code    96  stm32h7xx_hal_tim.o(.text.HAL_TIM_Base_Init)
    HAL_TIM_Base_MspInit                     0x080057f1   Thumb Code   152  tim.o(.text.HAL_TIM_Base_MspInit)
    HAL_TIM_Base_Start                       0x08005889   Thumb Code   170  stm32h7xx_hal_tim.o(.text.HAL_TIM_Base_Start)
    HAL_TIM_ConfigClockSource                0x08005939   Thumb Code   500  stm32h7xx_hal_tim.o(.text.HAL_TIM_ConfigClockSource)
    HAL_TIM_PWM_ConfigChannel                0x08005b31   Thumb Code  1182  stm32h7xx_hal_tim.o(.text.HAL_TIM_PWM_ConfigChannel)
    HAL_TIM_PWM_Init                         0x08005fd1   Thumb Code    96  stm32h7xx_hal_tim.o(.text.HAL_TIM_PWM_Init)
    HAL_TIM_PWM_MspInit                      0x08006031   Thumb Code     2  stm32h7xx_hal_tim.o(.text.HAL_TIM_PWM_MspInit)
    HAL_UARTEx_DisableFifoMode               0x08006039   Thumb Code    54  stm32h7xx_hal_uart_ex.o(.text.HAL_UARTEx_DisableFifoMode)
    HAL_UARTEx_RxEventCallback               0x08006071   Thumb Code     2  stm32h7xx_hal_uart.o(.text.HAL_UARTEx_RxEventCallback)
    HAL_UARTEx_RxFifoFullCallback            0x08006079   Thumb Code     2  stm32h7xx_hal_uart_ex.o(.text.HAL_UARTEx_RxFifoFullCallback)
    HAL_UARTEx_SetRxFifoThreshold            0x08006081   Thumb Code   146  stm32h7xx_hal_uart_ex.o(.text.HAL_UARTEx_SetRxFifoThreshold)
    HAL_UARTEx_SetTxFifoThreshold            0x08006119   Thumb Code   146  stm32h7xx_hal_uart_ex.o(.text.HAL_UARTEx_SetTxFifoThreshold)
    HAL_UARTEx_TxFifoEmptyCallback           0x080061b1   Thumb Code     2  stm32h7xx_hal_uart_ex.o(.text.HAL_UARTEx_TxFifoEmptyCallback)
    HAL_UARTEx_WakeupCallback                0x080061b9   Thumb Code     2  stm32h7xx_hal_uart_ex.o(.text.HAL_UARTEx_WakeupCallback)
    HAL_UART_ErrorCallback                   0x080061c1   Thumb Code     2  stm32h7xx_hal_uart.o(.text.HAL_UART_ErrorCallback)
    HAL_UART_IRQHandler                      0x080061c9   Thumb Code   942  stm32h7xx_hal_uart.o(.text.HAL_UART_IRQHandler)
    HAL_UART_Init                            0x08006579   Thumb Code   100  stm32h7xx_hal_uart.o(.text.HAL_UART_Init)
    HAL_UART_MspInit                         0x080065e1   Thumb Code   160  usart.o(.text.HAL_UART_MspInit)
    HAL_UART_Transmit                        0x08006681   Thumb Code   256  stm32h7xx_hal_uart.o(.text.HAL_UART_Transmit)
    HAL_UART_TxCpltCallback                  0x08006781   Thumb Code     2  stm32h7xx_hal_uart.o(.text.HAL_UART_TxCpltCallback)
    HMI_Init                                 0x08006789   Thumb Code    84  HMI.o(.text.HMI_Init)
    HMI_send_string                          0x08006811   Thumb Code    20  HMI.o(.text.HMI_send_string)
    HardFault_Handler                        0x08006829   Thumb Code     2  stm32h7xx_it.o(.text.HardFault_Handler)
    Init_AD9910                              0x08006831   Thumb Code   612  AD9910.o(.text.Init_AD9910)
    MX_ADC1_Init                             0x08006a99   Thumb Code   178  adc.o(.text.MX_ADC1_Init)
    MX_ADC2_Init                             0x08006b51   Thumb Code   144  adc.o(.text.MX_ADC2_Init)
    MX_DMA_Init                              0x08006be1   Thumb Code    84  dma.o(.text.MX_DMA_Init)
    MX_GPIO_Init                             0x08006c39   Thumb Code   320  gpio.o(.text.MX_GPIO_Init)
    MX_TIM2_Init                             0x08006d79   Thumb Code   262  tim.o(.text.MX_TIM2_Init)
    MX_TIM3_Init                             0x08006e81   Thumb Code   124  tim.o(.text.MX_TIM3_Init)
    MX_USART3_UART_Init                      0x08006f01   Thumb Code   124  usart.o(.text.MX_USART3_UART_Init)
    MemManage_Handler                        0x08006f81   Thumb Code     2  stm32h7xx_it.o(.text.MemManage_Handler)
    NMI_Handler                              0x08006f89   Thumb Code     2  stm32h7xx_it.o(.text.NMI_Handler)
    PendSV_Handler                           0x08006f91   Thumb Code     2  stm32h7xx_it.o(.text.PendSV_Handler)
    SVC_Handler                              0x080071d9   Thumb Code     2  stm32h7xx_it.o(.text.SVC_Handler)
    SysTick_Handler                          0x080071e1   Thumb Code     4  stm32h7xx_it.o(.text.SysTick_Handler)
    SystemClock_Config                       0x080071e9   Thumb Code   246  main.o(.text.SystemClock_Config)
    SystemInit                               0x080072e1   Thumb Code   238  system_stm32h7xx.o(.text.SystemInit)
    TIM_Base_SetConfig                       0x080073d1   Thumb Code   320  stm32h7xx_hal_tim.o(.text.TIM_Base_SetConfig)
    Txfrc                                    0x08007511   Thumb Code   194  AD9910.o(.text.Txfrc)
    UART3_Printf                             0x080075d9   Thumb Code    92  HMI.o(.text.UART3_Printf)
    UART_AdvFeatureConfig                    0x08007639   Thumb Code   224  stm32h7xx_hal_uart.o(.text.UART_AdvFeatureConfig)
    UART_CheckIdleState                      0x08007719   Thumb Code   186  stm32h7xx_hal_uart.o(.text.UART_CheckIdleState)
    UART_SetConfig                           0x080077e9   Thumb Code  1088  stm32h7xx_hal_uart.o(.text.UART_SetConfig)
    UART_WaitOnFlagUntilTimeout              0x08007c31   Thumb Code   318  stm32h7xx_hal_uart.o(.text.UART_WaitOnFlagUntilTimeout)
    USART3_IRQHandler                        0x08007d71   Thumb Code    12  stm32h7xx_it.o(.text.USART3_IRQHandler)
    UsageFault_Handler                       0x08007d81   Thumb Code     2  stm32h7xx_it.o(.text.UsageFault_Handler)
    main                                     0x08007d89   Thumb Code   390  main.o(.text.main)
    __0vsnprintf                             0x08007f11   Thumb Code    46  printfa.o(i.__0vsnprintf)
    __1vsnprintf                             0x08007f11   Thumb Code     0  printfa.o(i.__0vsnprintf)
    __2vsnprintf                             0x08007f11   Thumb Code     0  printfa.o(i.__0vsnprintf)
    __c89vsnprintf                           0x08007f11   Thumb Code     0  printfa.o(i.__0vsnprintf)
    vsnprintf                                0x08007f11   Thumb Code     0  printfa.o(i.__0vsnprintf)
    __scatterload_copy                       0x08007f45   Thumb Code    14  handlers.o(i.__scatterload_copy)
    __scatterload_null                       0x08007f53   Thumb Code     2  handlers.o(i.__scatterload_null)
    __scatterload_zeroinit                   0x08007f55   Thumb Code    14  handlers.o(i.__scatterload_zeroinit)
    D1CorePrescTable                         0x08008838   Data          16  system_stm32h7xx.o(.rodata.D1CorePrescTable)
    UARTPrescTable                           0x08008848   Data          24  stm32h7xx_hal_uart.o(.rodata.UARTPrescTable)
    cfr1                                     0x08008860   Data           4  AD9910.o(.rodata.cfr1)
    cfr2                                     0x08008864   Data           4  AD9910.o(.rodata.cfr2)
    cfr3                                     0x08008868   Data           4  AD9910.o(.rodata.cfr3)
    Region$$Table$$Base                      0x080088a8   Number         0  anon$$obj.o(Region$$Table)
    Region$$Table$$Limit                     0x080088c8   Number         0  anon$$obj.o(Region$$Table)
    adc1_buffer                              0x24000000   Data       16392  main.o(.AXI_SRAM)
    adc2_buffer                              0x24004008   Data         256  main.o(.AXI_SRAM)
    FFTIN_Mix                                0x24004108   Data       32768  main.o(.AXI_SRAM)
    FFTOUT_Mix                               0x2400c108   Data       81920  main.o(.AXI_SRAM)
    SystemCoreClock                          0x24020108   Data           4  system_stm32h7xx.o(.data.SystemCoreClock)
    SystemD2Clock                            0x2402010c   Data           4  system_stm32h7xx.o(.data.SystemD2Clock)
    profile11                                0x24020110   Data           8  AD9910.o(.data.profile11)
    uwTickFreq                               0x24020118   Data           1  stm32h7xx_hal.o(.data.uwTickFreq)
    uwTickPrio                               0x2402011c   Data           4  stm32h7xx_hal.o(.data.uwTickPrio)
    dma_finish                               0x24020124   Data           1  main.o(.bss.dma_finish)
    hadc1                                    0x24020128   Data         100  adc.o(.bss.hadc1)
    hadc2                                    0x2402018c   Data         100  adc.o(.bss.hadc2)
    hdma_adc1                                0x240201f0   Data         120  adc.o(.bss.hdma_adc1)
    hdma_adc2                                0x24020268   Data         120  adc.o(.bss.hdma_adc2)
    hdma_tim2_up                             0x240202e0   Data         120  tim.o(.bss.hdma_tim2_up)
    htim2                                    0x24020358   Data          76  tim.o(.bss.htim2)
    htim3                                    0x240203a4   Data          76  tim.o(.bss.htim3)
    huart3                                   0x240203f0   Data         148  usart.o(.bss.huart3)
    uwTick                                   0x24020484   Data           4  stm32h7xx_hal.o(.bss.uwTick)
    __initial_sp                             0x24020888   Data           0  startup_stm32h743xx.o(STACK)



==============================================================================

Memory Map of the image

  Image Entry point : 0x08000299

  Load Region LR_IROM1 (Base: 0x08000000, Size: 0x000289e8, Max: 0x00100000, ABSOLUTE, COMPRESSED[0x00008ce8])

    Execution Region ER_IROM1 (Exec base: 0x08000000, Load base: 0x08000000, Size: 0x000088c8, Max: 0x00100000, ABSOLUTE)

    Exec Addr    Load Addr    Size         Type   Attr      Idx    E Section Name        Object

    0x08000000   0x08000000   0x00000298   Data   RO            3    RESET               startup_stm32h743xx.o
    0x08000298   0x08000298   0x00000000   Code   RO         1997  * .ARM.Collect$$$$00000000  mc_w.l(entry.o)
    0x08000298   0x08000298   0x00000004   Code   RO         2315    .ARM.Collect$$$$00000001  mc_w.l(entry2.o)
    0x0800029c   0x0800029c   0x00000004   Code   RO         2318    .ARM.Collect$$$$00000004  mc_w.l(entry5.o)
    0x080002a0   0x080002a0   0x00000000   Code   RO         2320    .ARM.Collect$$$$00000008  mc_w.l(entry7b.o)
    0x080002a0   0x080002a0   0x00000000   Code   RO         2322    .ARM.Collect$$$$0000000A  mc_w.l(entry8b.o)
    0x080002a0   0x080002a0   0x00000008   Code   RO         2323    .ARM.Collect$$$$0000000B  mc_w.l(entry9a.o)
    0x080002a8   0x080002a8   0x00000000   Code   RO         2325    .ARM.Collect$$$$0000000D  mc_w.l(entry10a.o)
    0x080002a8   0x080002a8   0x00000000   Code   RO         2327    .ARM.Collect$$$$0000000F  mc_w.l(entry11a.o)
    0x080002a8   0x080002a8   0x00000004   Code   RO         2316    .ARM.Collect$$$$00002712  mc_w.l(entry2.o)
    0x080002ac   0x080002ac   0x0000002c   Code   RO            4    .text               startup_stm32h743xx.o
    0x080002d8   0x080002d8   0x00000062   Code   RO         2000    .text               mc_w.l(uldiv.o)
    0x0800033a   0x0800033a   0x00000024   Code   RO         2002    .text               mc_w.l(memseta.o)
    0x0800035e   0x0800035e   0x0000002c   Code   RO         2343    .text               mc_w.l(uidiv.o)
    0x0800038a   0x0800038a   0x0000001e   Code   RO         2345    .text               mc_w.l(llshl.o)
    0x080003a8   0x080003a8   0x00000020   Code   RO         2347    .text               mc_w.l(llushr.o)
    0x080003c8   0x080003c8   0x00000000   Code   RO         2356    .text               mc_w.l(iusefp.o)
    0x080003c8   0x080003c8   0x0000014e   Code   RO         2359    .text               mf_w.l(dadd.o)
    0x08000516   0x08000516   0x000000e4   Code   RO         2361    .text               mf_w.l(dmul.o)
    0x080005fa   0x080005fa   0x000000de   Code   RO         2363    .text               mf_w.l(ddiv.o)
    0x080006d8   0x080006d8   0x00000030   Code   RO         2365    .text               mf_w.l(dfixul.o)
    0x08000708   0x08000708   0x00000030   Code   RO         2367    .text               mf_w.l(cdrcmple.o)
    0x08000738   0x08000738   0x00000030   Code   RO         2373    .text               mc_w.l(init.o)
    0x08000768   0x08000768   0x00000024   Code   RO         2376    .text               mc_w.l(llsshr.o)
    0x0800078c   0x0800078c   0x000000ba   Code   RO         2379    .text               mf_w.l(depilogue.o)
    0x08000846   0x08000846   0x0000003a   Code   RO         2389    .text               mc_w.l(__dczerorl.o)
    0x08000880   0x08000880   0x0000000e   Code   RO           21    .text.AD9220_ConvCpltCallback  main.o
    0x0800088e   0x0800088e   0x00000002   PAD
    0x08000890   0x08000890   0x00000056   Code   RO         1791    .text.AD9220_DMA_CpltCallback  ad9220.o
    0x080008e6   0x080008e6   0x00000002   PAD
    0x080008e8   0x080008e8   0x0000004c   Code   RO         1789    .text.AD9220_Start_DMA  ad9220.o
    0x08000934   0x08000934   0x00000004   PAD
    0x08000938   0x08000938   0x00000014   Code   RO         1707    .text.AD9910_AmpWrite  AD9910.o
    0x0800094c   0x0800094c   0x00000004   PAD
    0x08000950   0x08000950   0x00000030   Code   RO         1705    .text.AD9910_FreWrite  AD9910.o
    0x08000980   0x08000980   0x00000116   Code   RO          159    .text.ADC_ConfigureBoostMode  stm32h7xx_hal_adc.o
    0x08000a96   0x08000a96   0x00000002   PAD
    0x08000a98   0x08000a98   0x0000005c   Code   RO          185    .text.ADC_DMAConvCplt  stm32h7xx_hal_adc.o
    0x08000af4   0x08000af4   0x00000004   PAD
    0x08000af8   0x08000af8   0x00000016   Code   RO          189    .text.ADC_DMAError  stm32h7xx_hal_adc.o
    0x08000b0e   0x08000b0e   0x00000002   PAD
    0x08000b10   0x08000b10   0x00000006   Code   RO          187    .text.ADC_DMAHalfConvCplt  stm32h7xx_hal_adc.o
    0x08000b16   0x08000b16   0x00000002   PAD
    0x08000b18   0x08000b18   0x000000ac   Code   RO          171    .text.ADC_Enable    stm32h7xx_hal_adc.o
    0x08000bc4   0x08000bc4   0x00000004   PAD
    0x08000bc8   0x08000bc8   0x00000002   Code   RO          120    .text.BusFault_Handler  stm32h7xx_it.o
    0x08000bca   0x08000bca   0x00000006   PAD
    0x08000bd0   0x08000bd0   0x0000000c   Code   RO          132    .text.DMA1_Stream0_IRQHandler  stm32h7xx_it.o
    0x08000bdc   0x08000bdc   0x00000004   PAD
    0x08000be0   0x08000be0   0x0000000c   Code   RO          134    .text.DMA1_Stream1_IRQHandler  stm32h7xx_it.o
    0x08000bec   0x08000bec   0x00000004   PAD
    0x08000bf0   0x08000bf0   0x0000000c   Code   RO          136    .text.DMA1_Stream2_IRQHandler  stm32h7xx_it.o
    0x08000bfc   0x08000bfc   0x00000004   PAD
    0x08000c00   0x08000c00   0x00000118   Code   RO          510    .text.DMA_CalcBaseAndBitshift  stm32h7xx_hal_dma.o
    0x08000d18   0x08000d18   0x000002f4   Code   RO          516    .text.DMA_SetConfig  stm32h7xx_hal_dma.o
    0x0800100c   0x0800100c   0x00000004   PAD
    0x08001010   0x08001010   0x00000002   Code   RO          126    .text.DebugMon_Handler  stm32h7xx_it.o
    0x08001012   0x08001012   0x00000006   PAD
    0x08001018   0x08001018   0x00000022   Code   RO           19    .text.Error_Handler  main.o
    0x0800103a   0x0800103a   0x00000006   PAD
    0x08001040   0x08001040   0x0000001a   Code   RO         1622    .text.ExitRun0Mode  system_stm32h7xx.o
    0x0800105a   0x0800105a   0x00000006   PAD
    0x08001060   0x08001060   0x00000102   Code   RO          271    .text.HAL_ADCEx_MultiModeConfigChannel  stm32h7xx_hal_adc_ex.o
    0x08001162   0x08001162   0x00000006   PAD
    0x08001168   0x08001168   0x00000458   Code   RO          205    .text.HAL_ADC_ConfigChannel  stm32h7xx_hal_adc.o
    0x080015c0   0x080015c0   0x00000002   Code   RO          197    .text.HAL_ADC_ConvCpltCallback  stm32h7xx_hal_adc.o
    0x080015c2   0x080015c2   0x00000006   PAD
    0x080015c8   0x080015c8   0x00000002   Code   RO          203    .text.HAL_ADC_ConvHalfCpltCallback  stm32h7xx_hal_adc.o
    0x080015ca   0x080015ca   0x00000006   PAD
    0x080015d0   0x080015d0   0x00000002   Code   RO          201    .text.HAL_ADC_ErrorCallback  stm32h7xx_hal_adc.o
    0x080015d2   0x080015d2   0x00000006   PAD
    0x080015d8   0x080015d8   0x00000228   Code   RO          155    .text.HAL_ADC_Init  stm32h7xx_hal_adc.o
    0x08001800   0x08001800   0x00000158   Code   RO           52    .text.HAL_ADC_MspInit  adc.o
    0x08001958   0x08001958   0x0000010c   Code   RO          183    .text.HAL_ADC_Start_DMA  stm32h7xx_hal_adc.o
    0x08001a64   0x08001a64   0x00000004   PAD
    0x08001a68   0x08001a68   0x000004e0   Code   RO          520    .text.HAL_DMA_Abort  stm32h7xx_hal_dma.o
    0x08001f48   0x08001f48   0x00000298   Code   RO          522    .text.HAL_DMA_Abort_IT  stm32h7xx_hal_dma.o
    0x080021e0   0x080021e0   0x00000a7c   Code   RO          526    .text.HAL_DMA_IRQHandler  stm32h7xx_hal_dma.o
    0x08002c5c   0x08002c5c   0x00000004   PAD
    0x08002c60   0x08002c60   0x0000061e   Code   RO          508    .text.HAL_DMA_Init  stm32h7xx_hal_dma.o
    0x0800327e   0x0800327e   0x00000002   PAD
    0x08003280   0x08003280   0x00000386   Code   RO          518    .text.HAL_DMA_Start_IT  stm32h7xx_hal_dma.o
    0x08003606   0x08003606   0x00000002   PAD
    0x08003608   0x08003608   0x00000028   Code   RO          818    .text.HAL_Delay     stm32h7xx_hal.o
    0x08003630   0x08003630   0x000001a2   Code   RO          454    .text.HAL_GPIO_Init  stm32h7xx_hal_gpio.o
    0x080037d2   0x080037d2   0x00000006   PAD
    0x080037d8   0x080037d8   0x0000000a   Code   RO          458    .text.HAL_GPIO_ReadPin  stm32h7xx_hal_gpio.o
    0x080037e2   0x080037e2   0x00000006   PAD
    0x080037e8   0x080037e8   0x0000000a   Code   RO          460    .text.HAL_GPIO_WritePin  stm32h7xx_hal_gpio.o
    0x080037f2   0x080037f2   0x00000006   PAD
    0x080037f8   0x080037f8   0x0000000e   Code   RO          826    .text.HAL_GetREVID  stm32h7xx_hal.o
    0x08003806   0x08003806   0x00000002   PAD
    0x08003808   0x08003808   0x0000000c   Code   RO          810    .text.HAL_GetTick   stm32h7xx_hal.o
    0x08003814   0x08003814   0x00000004   PAD
    0x08003818   0x08003818   0x0000001a   Code   RO          808    .text.HAL_IncTick   stm32h7xx_hal.o
    0x08003832   0x08003832   0x00000006   PAD
    0x08003838   0x08003838   0x00000064   Code   RO          798    .text.HAL_Init      stm32h7xx_hal.o
    0x0800389c   0x0800389c   0x00000004   PAD
    0x080038a0   0x080038a0   0x00000058   Code   RO          800    .text.HAL_InitTick  stm32h7xx_hal.o
    0x080038f8   0x080038f8   0x0000005e   Code   RO          768    .text.HAL_MPU_ConfigRegion  stm32h7xx_hal_cortex.o
    0x08003956   0x08003956   0x00000002   PAD
    0x08003958   0x08003958   0x0000001a   Code   RO          760    .text.HAL_MPU_Disable  stm32h7xx_hal_cortex.o
    0x08003972   0x08003972   0x00000006   PAD
    0x08003978   0x08003978   0x00000020   Code   RO          762    .text.HAL_MPU_Enable  stm32h7xx_hal_cortex.o
    0x08003998   0x08003998   0x00000020   Code   RO          147    .text.HAL_MspInit   stm32h7xx_hal_msp.o
    0x080039b8   0x080039b8   0x00000022   Code   RO          750    .text.HAL_NVIC_EnableIRQ  stm32h7xx_hal_cortex.o
    0x080039da   0x080039da   0x00000006   PAD
    0x080039e0   0x080039e0   0x0000005a   Code   RO          748    .text.HAL_NVIC_SetPriority  stm32h7xx_hal_cortex.o
    0x08003a3a   0x08003a3a   0x00000006   PAD
    0x08003a40   0x08003a40   0x00000020   Code   RO          746    .text.HAL_NVIC_SetPriorityGrouping  stm32h7xx_hal_cortex.o
    0x08003a60   0x08003a60   0x00000048   Code   RO          658    .text.HAL_PWREx_ConfigSupply  stm32h7xx_hal_pwr_ex.o
    0x08003aa8   0x08003aa8   0x00000026   Code   RO          341    .text.HAL_RCCEx_GetD3PCLK1Freq  stm32h7xx_hal_rcc_ex.o
    0x08003ace   0x08003ace   0x00000002   PAD
    0x08003ad0   0x08003ad0   0x00000124   Code   RO          335    .text.HAL_RCCEx_GetPLL1ClockFreq  stm32h7xx_hal_rcc_ex.o
    0x08003bf4   0x08003bf4   0x00000004   PAD
    0x08003bf8   0x08003bf8   0x00000120   Code   RO          337    .text.HAL_RCCEx_GetPLL2ClockFreq  stm32h7xx_hal_rcc_ex.o
    0x08003d18   0x08003d18   0x00000120   Code   RO          339    .text.HAL_RCCEx_GetPLL3ClockFreq  stm32h7xx_hal_rcc_ex.o
    0x08003e38   0x08003e38   0x00000378   Code   RO          333    .text.HAL_RCCEx_GetPeriphCLKFreq  stm32h7xx_hal_rcc_ex.o
    0x080041b0   0x080041b0   0x00000a32   Code   RO          325    .text.HAL_RCCEx_PeriphCLKConfig  stm32h7xx_hal_rcc_ex.o
    0x08004be2   0x08004be2   0x00000006   PAD
    0x08004be8   0x08004be8   0x0000024a   Code   RO          293    .text.HAL_RCC_ClockConfig  stm32h7xx_hal_rcc.o
    0x08004e32   0x08004e32   0x00000006   PAD
    0x08004e38   0x08004e38   0x0000004c   Code   RO          303    .text.HAL_RCC_GetHCLKFreq  stm32h7xx_hal_rcc.o
    0x08004e84   0x08004e84   0x00000004   PAD
    0x08004e88   0x08004e88   0x00000060   Code   RO          305    .text.HAL_RCC_GetPCLK1Freq  stm32h7xx_hal_rcc.o
    0x08004ee8   0x08004ee8   0x00000060   Code   RO          307    .text.HAL_RCC_GetPCLK2Freq  stm32h7xx_hal_rcc.o
    0x08004f48   0x08004f48   0x00000114   Code   RO          295    .text.HAL_RCC_GetSysClockFreq  stm32h7xx_hal_rcc.o
    0x0800505c   0x0800505c   0x00000004   PAD
    0x08005060   0x08005060   0x0000062e   Code   RO          291    .text.HAL_RCC_OscConfig  stm32h7xx_hal_rcc.o
    0x0800568e   0x0800568e   0x00000002   PAD
    0x08005690   0x08005690   0x0000002c   Code   RO          758    .text.HAL_SYSTICK_Config  stm32h7xx_hal_cortex.o
    0x080056bc   0x080056bc   0x00000004   PAD
    0x080056c0   0x080056c0   0x000000d0   Code   RO         1400    .text.HAL_TIMEx_MasterConfigSynchronization  stm32h7xx_hal_tim_ex.o
    0x08005790   0x08005790   0x00000060   Code   RO         1105    .text.HAL_TIM_Base_Init  stm32h7xx_hal_tim.o
    0x080057f0   0x080057f0   0x00000098   Code   RO           84    .text.HAL_TIM_Base_MspInit  tim.o
    0x08005888   0x08005888   0x000000aa   Code   RO         1115    .text.HAL_TIM_Base_Start  stm32h7xx_hal_tim.o
    0x08005932   0x08005932   0x00000006   PAD
    0x08005938   0x08005938   0x000001f4   Code   RO         1285    .text.HAL_TIM_ConfigClockSource  stm32h7xx_hal_tim.o
    0x08005b2c   0x08005b2c   0x00000004   PAD
    0x08005b30   0x08005b30   0x0000049e   Code   RO         1259    .text.HAL_TIM_PWM_ConfigChannel  stm32h7xx_hal_tim.o
    0x08005fce   0x08005fce   0x00000002   PAD
    0x08005fd0   0x08005fd0   0x00000060   Code   RO         1159    .text.HAL_TIM_PWM_Init  stm32h7xx_hal_tim.o
    0x08006030   0x08006030   0x00000002   Code   RO         1161    .text.HAL_TIM_PWM_MspInit  stm32h7xx_hal_tim.o
    0x08006032   0x08006032   0x00000006   PAD
    0x08006038   0x08006038   0x00000036   Code   RO         1595    .text.HAL_UARTEx_DisableFifoMode  stm32h7xx_hal_uart_ex.o
    0x0800606e   0x0800606e   0x00000002   PAD
    0x08006070   0x08006070   0x00000002   Code   RO         1522    .text.HAL_UARTEx_RxEventCallback  stm32h7xx_hal_uart.o
    0x08006072   0x08006072   0x00000006   PAD
    0x08006078   0x08006078   0x00000002   Code   RO         1581    .text.HAL_UARTEx_RxFifoFullCallback  stm32h7xx_hal_uart_ex.o
    0x0800607a   0x0800607a   0x00000006   PAD
    0x08006080   0x08006080   0x00000092   Code   RO         1599    .text.HAL_UARTEx_SetRxFifoThreshold  stm32h7xx_hal_uart_ex.o
    0x08006112   0x08006112   0x00000006   PAD
    0x08006118   0x08006118   0x00000092   Code   RO         1597    .text.HAL_UARTEx_SetTxFifoThreshold  stm32h7xx_hal_uart_ex.o
    0x080061aa   0x080061aa   0x00000006   PAD
    0x080061b0   0x080061b0   0x00000002   Code   RO         1583    .text.HAL_UARTEx_TxFifoEmptyCallback  stm32h7xx_hal_uart_ex.o
    0x080061b2   0x080061b2   0x00000006   PAD
    0x080061b8   0x080061b8   0x00000002   Code   RO         1579    .text.HAL_UARTEx_WakeupCallback  stm32h7xx_hal_uart_ex.o
    0x080061ba   0x080061ba   0x00000006   PAD
    0x080061c0   0x080061c0   0x00000002   Code   RO         1520    .text.HAL_UART_ErrorCallback  stm32h7xx_hal_uart.o
    0x080061c2   0x080061c2   0x00000006   PAD
    0x080061c8   0x080061c8   0x000003ae   Code   RO         1516    .text.HAL_UART_IRQHandler  stm32h7xx_hal_uart.o
    0x08006576   0x08006576   0x00000002   PAD
    0x08006578   0x08006578   0x00000064   Code   RO         1432    .text.HAL_UART_Init  stm32h7xx_hal_uart.o
    0x080065dc   0x080065dc   0x00000004   PAD
    0x080065e0   0x080065e0   0x000000a0   Code   RO          101    .text.HAL_UART_MspInit  usart.o
    0x08006680   0x08006680   0x00000100   Code   RO         1452    .text.HAL_UART_Transmit  stm32h7xx_hal_uart.o
    0x08006780   0x08006780   0x00000002   Code   RO         1524    .text.HAL_UART_TxCpltCallback  stm32h7xx_hal_uart.o
    0x08006782   0x08006782   0x00000006   PAD
    0x08006788   0x08006788   0x00000084   Code   RO         1764    .text.HMI_Init      HMI.o
    0x0800680c   0x0800680c   0x00000004   PAD
    0x08006810   0x08006810   0x00000014   Code   RO         1750    .text.HMI_send_string  HMI.o
    0x08006824   0x08006824   0x00000004   PAD
    0x08006828   0x08006828   0x00000002   Code   RO          116    .text.HardFault_Handler  stm32h7xx_it.o
    0x0800682a   0x0800682a   0x00000006   PAD
    0x08006830   0x08006830   0x00000264   Code   RO         1701    .text.Init_AD9910   AD9910.o
    0x08006a94   0x08006a94   0x00000004   PAD
    0x08006a98   0x08006a98   0x000000b2   Code   RO           48    .text.MX_ADC1_Init  adc.o
    0x08006b4a   0x08006b4a   0x00000006   PAD
    0x08006b50   0x08006b50   0x00000090   Code   RO           50    .text.MX_ADC2_Init  adc.o
    0x08006be0   0x08006be0   0x00000054   Code   RO           69    .text.MX_DMA_Init   dma.o
    0x08006c34   0x08006c34   0x00000004   PAD
    0x08006c38   0x08006c38   0x00000140   Code   RO           39    .text.MX_GPIO_Init  gpio.o
    0x08006d78   0x08006d78   0x00000106   Code   RO           78    .text.MX_TIM2_Init  tim.o
    0x08006e7e   0x08006e7e   0x00000002   PAD
    0x08006e80   0x08006e80   0x0000007c   Code   RO           82    .text.MX_TIM3_Init  tim.o
    0x08006efc   0x08006efc   0x00000004   PAD
    0x08006f00   0x08006f00   0x0000007c   Code   RO           99    .text.MX_USART3_UART_Init  usart.o
    0x08006f7c   0x08006f7c   0x00000004   PAD
    0x08006f80   0x08006f80   0x00000002   Code   RO          118    .text.MemManage_Handler  stm32h7xx_it.o
    0x08006f82   0x08006f82   0x00000006   PAD
    0x08006f88   0x08006f88   0x00000002   Code   RO          114    .text.NMI_Handler   stm32h7xx_it.o
    0x08006f8a   0x08006f8a   0x00000006   PAD
    0x08006f90   0x08006f90   0x00000002   Code   RO          128    .text.PendSV_Handler  stm32h7xx_it.o
    0x08006f92   0x08006f92   0x00000006   PAD
    0x08006f98   0x08006f98   0x0000011e   Code   RO          327    .text.RCCEx_PLL2_Config  stm32h7xx_hal_rcc_ex.o
    0x080070b6   0x080070b6   0x00000002   PAD
    0x080070b8   0x080070b8   0x0000011e   Code   RO          329    .text.RCCEx_PLL3_Config  stm32h7xx_hal_rcc_ex.o
    0x080071d6   0x080071d6   0x00000002   PAD
    0x080071d8   0x080071d8   0x00000002   Code   RO          124    .text.SVC_Handler   stm32h7xx_it.o
    0x080071da   0x080071da   0x00000006   PAD
    0x080071e0   0x080071e0   0x00000004   Code   RO          130    .text.SysTick_Handler  stm32h7xx_it.o
    0x080071e4   0x080071e4   0x00000004   PAD
    0x080071e8   0x080071e8   0x000000f6   Code   RO           15    .text.SystemClock_Config  main.o
    0x080072de   0x080072de   0x00000002   PAD
    0x080072e0   0x080072e0   0x000000ee   Code   RO         1618    .text.SystemInit    system_stm32h7xx.o
    0x080073ce   0x080073ce   0x00000002   PAD
    0x080073d0   0x080073d0   0x00000140   Code   RO         1109    .text.TIM_Base_SetConfig  stm32h7xx_hal_tim.o
    0x08007510   0x08007510   0x000000c2   Code   RO         1703    .text.Txfrc         AD9910.o
    0x080075d2   0x080075d2   0x00000006   PAD
    0x080075d8   0x080075d8   0x0000005c   Code   RO         1752    .text.UART3_Printf  HMI.o
    0x08007634   0x08007634   0x00000004   PAD
    0x08007638   0x08007638   0x000000e0   Code   RO         1436    .text.UART_AdvFeatureConfig  stm32h7xx_hal_uart.o
    0x08007718   0x08007718   0x000000ba   Code   RO         1440    .text.UART_CheckIdleState  stm32h7xx_hal_uart.o
    0x080077d2   0x080077d2   0x00000006   PAD
    0x080077d8   0x080077d8   0x0000000c   Code   RO         1518    .text.UART_DMAAbortOnError  stm32h7xx_hal_uart.o
    0x080077e4   0x080077e4   0x00000004   PAD
    0x080077e8   0x080077e8   0x00000448   Code   RO         1438    .text.UART_SetConfig  stm32h7xx_hal_uart.o
    0x08007c30   0x08007c30   0x0000013e   Code   RO         1454    .text.UART_WaitOnFlagUntilTimeout  stm32h7xx_hal_uart.o
    0x08007d6e   0x08007d6e   0x00000002   PAD
    0x08007d70   0x08007d70   0x0000000c   Code   RO          138    .text.USART3_IRQHandler  stm32h7xx_it.o
    0x08007d7c   0x08007d7c   0x00000004   PAD
    0x08007d80   0x08007d80   0x00000002   Code   RO          122    .text.UsageFault_Handler  stm32h7xx_it.o
    0x08007d82   0x08007d82   0x00000006   PAD
    0x08007d88   0x08007d88   0x00000186   Code   RO           13    .text.main          main.o
    0x08007f0e   0x08007f0e   0x00000002   PAD
    0x08007f10   0x08007f10   0x00000034   Code   RO         2242    i.__0vsnprintf      mc_w.l(printfa.o)
    0x08007f44   0x08007f44   0x0000000e   Code   RO         2383    i.__scatterload_copy  mc_w.l(handlers.o)
    0x08007f52   0x08007f52   0x00000002   Code   RO         2384    i.__scatterload_null  mc_w.l(handlers.o)
    0x08007f54   0x08007f54   0x0000000e   Code   RO         2385    i.__scatterload_zeroinit  mc_w.l(handlers.o)
    0x08007f62   0x08007f62   0x00000002   PAD
    0x08007f64   0x08007f64   0x00000184   Code   RO         2244    i._fp_digits        mc_w.l(printfa.o)
    0x080080e8   0x080080e8   0x000006dc   Code   RO         2245    i._printf_core      mc_w.l(printfa.o)
    0x080087c4   0x080087c4   0x00000024   Code   RO         2246    i._printf_post_padding  mc_w.l(printfa.o)
    0x080087e8   0x080087e8   0x0000002e   Code   RO         2247    i._printf_pre_padding  mc_w.l(printfa.o)
    0x08008816   0x08008816   0x00000016   Code   RO         2248    i._snputc           mc_w.l(printfa.o)
    0x0800882c   0x0800882c   0x00000006   Data   RO         1567    .rodata..Lswitch.table.UART_SetConfig.5  stm32h7xx_hal_uart.o
    0x08008832   0x08008832   0x00000006   Data   RO         1568    .rodata..Lswitch.table.UART_SetConfig.7  stm32h7xx_hal_uart.o
    0x08008838   0x08008838   0x00000010   Data   RO         1626    .rodata.D1CorePrescTable  system_stm32h7xx.o
    0x08008848   0x08008848   0x00000018   Data   RO         1566    .rodata.UARTPrescTable  stm32h7xx_hal_uart.o
    0x08008860   0x08008860   0x00000004   Data   RO         1715    .rodata.cfr1        AD9910.o
    0x08008864   0x08008864   0x00000004   Data   RO         1716    .rodata.cfr2        AD9910.o
    0x08008868   0x08008868   0x00000004   Data   RO         1717    .rodata.cfr3        AD9910.o
    0x0800886c   0x0800886c   0x00000010   Data   RO         1609    .rodata.cst8        stm32h7xx_hal_uart_ex.o
    0x0800887c   0x0800887c   0x0000000d   Data   RO           26    .rodata.str1.1      main.o
    0x08008889   0x08008889   0x0000001c   Data   RO         1766    .rodata.str1.1      HMI.o
    0x080088a5   0x080088a5   0x00000003   PAD
    0x080088a8   0x080088a8   0x00000020   Data   RO         2382    Region$$Table       anon$$obj.o


    Execution Region RW_IRAM1 (Exec base: 0x20000000, Load base: 0x080088c8, Size: 0x00000000, Max: 0x00020000, ABSOLUTE)

    **** No section assigned to this execution region ****


    Execution Region RW_IRAM2 (Exec base: 0x24000000, Load base: 0x080088c8, Size: 0x00020888, Max: 0x00080000, ABSOLUTE, COMPRESSED[0x00000420])

    Exec Addr    Load Addr    Size         Type   Attr      Idx    E Section Name        Object

    0x24000000   COMPRESSED   0x00020108   Data   RW           25    .AXI_SRAM           main.o
    0x24020108   COMPRESSED   0x00000004   Data   RW         1624    .data.SystemCoreClock  system_stm32h7xx.o
    0x2402010c   COMPRESSED   0x00000004   Data   RW         1625    .data.SystemD2Clock  system_stm32h7xx.o
    0x24020110   COMPRESSED   0x00000008   Data   RW         1718    .data.profile11     AD9910.o
    0x24020118   COMPRESSED   0x00000001   Data   RW          895    .data.uwTickFreq    stm32h7xx_hal.o
    0x24020119   COMPRESSED   0x00000003   PAD
    0x2402011c   COMPRESSED   0x00000004   Data   RW          894    .data.uwTickPrio    stm32h7xx_hal.o
    0x24020120        -       0x00000004   Zero   RW           58    .bss.HAL_RCC_ADC12_CLK_ENABLED  adc.o
    0x24020124        -       0x00000001   Zero   RW           23    .bss.dma_finish     main.o
    0x24020125   COMPRESSED   0x00000003   PAD
    0x24020128        -       0x00000064   Zero   RW           56    .bss.hadc1          adc.o
    0x2402018c        -       0x00000064   Zero   RW           57    .bss.hadc2          adc.o
    0x240201f0        -       0x00000078   Zero   RW           59    .bss.hdma_adc1      adc.o
    0x24020268        -       0x00000078   Zero   RW           60    .bss.hdma_adc2      adc.o
    0x240202e0        -       0x00000078   Zero   RW           90    .bss.hdma_tim2_up   tim.o
    0x24020358        -       0x0000004c   Zero   RW           88    .bss.htim2          tim.o
    0x240203a4        -       0x0000004c   Zero   RW           89    .bss.htim3          tim.o
    0x240203f0        -       0x00000094   Zero   RW          105    .bss.huart3         usart.o
    0x24020484        -       0x00000004   Zero   RW          896    .bss.uwTick         stm32h7xx_hal.o
    0x24020488        -       0x00000400   Zero   RW            1    STACK               startup_stm32h743xx.o


    Execution Region RW_IRAM3 (Exec base: 0x30000000, Load base: 0x08008ce8, Size: 0x00000000, Max: 0x00004000, ABSOLUTE)

    **** No section assigned to this execution region ****


    Execution Region RW_IRAM4 (Exec base: 0x30004000, Load base: 0x08008ce8, Size: 0x00000000, Max: 0x00004000, ABSOLUTE)

    **** No section assigned to this execution region ****


    Execution Region RW_IRAM5 (Exec base: 0x38000000, Load base: 0x08008ce8, Size: 0x00000000, Max: 0x00004000, ABSOLUTE)

    **** No section assigned to this execution region ****


==============================================================================

Image component sizes


      Code (inc. data)   RO Data    RW Data    ZI Data      Debug   Object Name

       874          8         12          8          0       8706   AD9910.o
       244         48         28          0          0       4498   HMI.o
       162          0          0          0          0       5030   ad9220.o
       666          0          0          0        444       8263   adc.o
        84          0          0          0          0       5864   dma.o
       320          0          0          0          0       3529   gpio.o
       684          0         13     131336          1      10463   main.o
        44         12        664          0       1024       1032   startup_stm32h743xx.o
       280          0          0          5          4      15449   stm32h7xx_hal.o
      2508         12          0          0          0      25881   stm32h7xx_hal_adc.o
       258          0          0          0          0      26586   stm32h7xx_hal_adc_ex.o
       352          0          0          0          0      12960   stm32h7xx_hal_cortex.o
      8100         12          0          0          0      18605   stm32h7xx_hal_dma.o
       438          0          0          0          0       7362   stm32h7xx_hal_gpio.o
        32          0          0          0          0       2532   stm32h7xx_hal_msp.o
        72          0          0          0          0      11137   stm32h7xx_hal_pwr_ex.o
      2712         24          0          0          0      12225   stm32h7xx_hal_rcc.o
      4976        238          0          0          0      18551   stm32h7xx_hal_rcc_ex.o
      2366          6          0          0          0      67510   stm32h7xx_hal_tim.o
       208          0          0          0          0      26269   stm32h7xx_hal_tim_ex.o
      3140        300         36          0          0      38186   stm32h7xx_hal_uart.o
       352          0         16          0          0      11513   stm32h7xx_hal_uart_ex.o
        68          0          0          0          0       5485   stm32h7xx_it.o
       264          0         16          8          0       6605   system_stm32h7xx.o
       538          0          0          0        272       8737   tim.o
       284          0          0          0        148      11820   usart.o

    ----------------------------------------------------------------------
     30396        672        820     131360       1896     374798   Object Totals
         0          0         32          0          0          0   (incl. Generated)
       370         12          3          3          3          0   (incl. Padding)

    ----------------------------------------------------------------------

      Code (inc. data)   RO Data    RW Data    ZI Data      Debug   Library Member Name

        58          0          0          0          0          0   __dczerorl.o
         0          0          0          0          0          0   entry.o
         0          0          0          0          0          0   entry10a.o
         0          0          0          0          0          0   entry11a.o
         8          4          0          0          0          0   entry2.o
         4          0          0          0          0          0   entry5.o
         0          0          0          0          0          0   entry7b.o
         0          0          0          0          0          0   entry8b.o
         8          4          0          0          0          0   entry9a.o
        30          0          0          0          0          0   handlers.o
        48         10          0          0          0         68   init.o
         0          0          0          0          0          0   iusefp.o
        30          0          0          0          0         68   llshl.o
        36          0          0          0          0         68   llsshr.o
        32          0          0          0          0         68   llushr.o
        36          0          0          0          0        108   memseta.o
      2300         86          0          0          0        516   printfa.o
        44          0          0          0          0         80   uidiv.o
        98          0          0          0          0         92   uldiv.o
        48          0          0          0          0         68   cdrcmple.o
       334          0          0          0          0        148   dadd.o
       222          0          0          0          0        100   ddiv.o
       186          0          0          0          0        176   depilogue.o
        48          0          0          0          0         68   dfixul.o
       228          0          0          0          0         96   dmul.o

    ----------------------------------------------------------------------
      3800        104          0          0          0       1724   Library Totals
         2          0          0          0          0          0   (incl. Padding)

    ----------------------------------------------------------------------

      Code (inc. data)   RO Data    RW Data    ZI Data      Debug   Library Name

      2732        104          0          0          0       1068   mc_w.l
      1066          0          0          0          0        656   mf_w.l

    ----------------------------------------------------------------------
      3800        104          0          0          0       1724   Library Totals

    ----------------------------------------------------------------------

==============================================================================


      Code (inc. data)   RO Data    RW Data    ZI Data      Debug   

     34196        776        820     131360       1896     375442   Grand Totals
     34196        776        820       1056       1896     375442   ELF Image Totals (compressed)
     34196        776        820       1056          0          0   ROM Totals

==============================================================================

    Total RO  Size (Code + RO Data)                35016 (  34.20kB)
    Total RW  Size (RW Data + ZI Data)            133256 ( 130.13kB)
    Total ROM Size (Code + RO Data + RW Data)      36072 (  35.23kB)

==============================================================================

