Component: Arm Compiler for Embedded 6.24 Tool: armlink [5f371500]

==============================================================================

Section Cross References

    startup_stm32h743xx.o(RESET) refers to startup_stm32h743xx.o(STACK) for __initial_sp
    startup_stm32h743xx.o(RESET) refers to startup_stm32h743xx.o(.text) for Reset_Handler
    startup_stm32h743xx.o(RESET) refers to stm32h7xx_it.o(.text.NMI_Handler) for NMI_Handler
    startup_stm32h743xx.o(RESET) refers to stm32h7xx_it.o(.text.HardFault_Handler) for HardFault_Handler
    startup_stm32h743xx.o(RESET) refers to stm32h7xx_it.o(.text.MemManage_Handler) for MemManage_Handler
    startup_stm32h743xx.o(RESET) refers to stm32h7xx_it.o(.text.BusFault_Handler) for BusFault_Handler
    startup_stm32h743xx.o(RESET) refers to stm32h7xx_it.o(.text.UsageFault_Handler) for UsageFault_Handler
    startup_stm32h743xx.o(RESET) refers to stm32h7xx_it.o(.text.SVC_Handler) for SVC_Handler
    startup_stm32h743xx.o(RESET) refers to stm32h7xx_it.o(.text.DebugMon_Handler) for DebugMon_Handler
    startup_stm32h743xx.o(RESET) refers to stm32h7xx_it.o(.text.PendSV_Handler) for PendSV_Handler
    startup_stm32h743xx.o(RESET) refers to stm32h7xx_it.o(.text.SysTick_Handler) for SysTick_Handler
    startup_stm32h743xx.o(RESET) refers to stm32h7xx_it.o(.text.DMA1_Stream0_IRQHandler) for DMA1_Stream0_IRQHandler
    startup_stm32h743xx.o(RESET) refers to stm32h7xx_it.o(.text.DMA1_Stream1_IRQHandler) for DMA1_Stream1_IRQHandler
    startup_stm32h743xx.o(RESET) refers to stm32h7xx_it.o(.text.DMA1_Stream2_IRQHandler) for DMA1_Stream2_IRQHandler
    startup_stm32h743xx.o(RESET) refers to stm32h7xx_it.o(.text.USART3_IRQHandler) for USART3_IRQHandler
    startup_stm32h743xx.o(.text) refers to system_stm32h7xx.o(.text.ExitRun0Mode) for ExitRun0Mode
    startup_stm32h743xx.o(.text) refers to system_stm32h7xx.o(.text.SystemInit) for SystemInit
    startup_stm32h743xx.o(.text) refers to entry.o(.ARM.Collect$$$$00000000) for __main
    main.o(.text.App_process) refers to main.o(.bss.dma_finish_adc1) for dma_finish_adc1
    main.o(.text.App_process) refers to main.o(.bss.dma_finish_adc2) for dma_finish_adc2
    main.o(.text.App_process) refers to tim.o(.bss.htim3) for htim3
    main.o(.text.App_process) refers to stm32h7xx_hal_tim.o(.text.HAL_TIM_Base_Stop) for HAL_TIM_Base_Stop
    main.o(.text.App_process) refers to adc.o(.bss.hadc1) for hadc1
    main.o(.text.App_process) refers to stm32h7xx_hal_adc.o(.text.HAL_ADC_Stop_DMA) for HAL_ADC_Stop_DMA
    main.o(.text.App_process) refers to adc.o(.bss.hadc2) for hadc2
    main.o(.text.App_process) refers to main.o(.AXI_SRAM) for adc1_buffer
    main.o(.text.App_process) refers to main.o(.bss.output) for output
    main.o(.text.App_process) refers to tasks.o(.text.FFT_Task) for FFT_Task
    main.o(.text.App_process) refers to tasks.o(.text.Send_Wave) for Send_Wave
    main.o(.text.App_process) refers to tasks.o(.text.USART_Task) for USART_Task
    main.o(.text.App_process) refers to stm32h7xx_hal_adc.o(.text.HAL_ADC_Start_DMA) for HAL_ADC_Start_DMA
    main.o(.text.App_process) refers to stm32h7xx_hal_tim.o(.text.HAL_TIM_Base_Start) for HAL_TIM_Base_Start
    main.o(.ARM.exidx.text.App_process) refers to main.o(.text.App_process) for [Anonymous Symbol]
    main.o(.text.main) refers to main.o(.text.MPU_Config) for MPU_Config
    main.o(.text.main) refers to stm32h7xx_hal.o(.text.HAL_Init) for HAL_Init
    main.o(.text.main) refers to main.o(.text.SystemClock_Config) for SystemClock_Config
    main.o(.text.main) refers to main.o(.text.PeriphCommonClock_Config) for PeriphCommonClock_Config
    main.o(.text.main) refers to gpio.o(.text.MX_GPIO_Init) for MX_GPIO_Init
    main.o(.text.main) refers to dma.o(.text.MX_DMA_Init) for MX_DMA_Init
    main.o(.text.main) refers to adc.o(.text.MX_ADC1_Init) for MX_ADC1_Init
    main.o(.text.main) refers to tim.o(.text.MX_TIM3_Init) for MX_TIM3_Init
    main.o(.text.main) refers to tim.o(.text.MX_TIM2_Init) for MX_TIM2_Init
    main.o(.text.main) refers to usart.o(.text.MX_USART3_UART_Init) for MX_USART3_UART_Init
    main.o(.text.main) refers to adc.o(.text.MX_ADC2_Init) for MX_ADC2_Init
    main.o(.text.main) refers to adc.o(.bss.hadc2) for hadc2
    main.o(.text.main) refers to main.o(.AXI_SRAM) for adc2_buffer
    main.o(.text.main) refers to stm32h7xx_hal_adc.o(.text.HAL_ADC_Start_DMA) for HAL_ADC_Start_DMA
    main.o(.text.main) refers to adc.o(.bss.hadc1) for hadc1
    main.o(.text.main) refers to tim.o(.bss.htim3) for htim3
    main.o(.text.main) refers to stm32h7xx_hal_tim.o(.text.HAL_TIM_Base_Start) for HAL_TIM_Base_Start
    main.o(.text.main) refers to ad9910.o(.text.Init_AD9910) for Init_AD9910
    main.o(.text.main) refers to ad9910.o(.text.AD9910_FreWrite) for AD9910_FreWrite
    main.o(.text.main) refers to ad9910.o(.text.AD9910_AmpWrite) for AD9910_AmpWrite
    main.o(.text.main) refers to hmi.o(.text.HMI_Init) for HMI_Init
[...]
    CRS_IRQHandler                           0x080002cb   Thumb Code     0  startup_stm32h743xx.o(.text)
    DCMI_IRQHandler                          0x080002cb   Thumb Code     0  startup_stm32h743xx.o(.text)
    DFSDM1_FLT0_IRQHandler                   0x080002cb   Thumb Code     0  startup_stm32h743xx.o(.text)
    DFSDM1_FLT1_IRQHandler                   0x080002cb   Thumb Code     0  startup_stm32h743xx.o(.text)
    DFSDM1_FLT2_IRQHandler                   0x080002cb   Thumb Code     0  startup_stm32h743xx.o(.text)
    DFSDM1_FLT3_IRQHandler                   0x080002cb   Thumb Code     0  startup_stm32h743xx.o(.text)
    DMA1_Stream3_IRQHandler                  0x080002cb   Thumb Code     0  startup_stm32h743xx.o(.text)
    DMA1_Stream4_IRQHandler                  0x080002cb   Thumb Code     0  startup_stm32h743xx.o(.text)
    DMA1_Stream5_IRQHandler                  0x080002cb   Thumb Code     0  startup_stm32h743xx.o(.text)
    DMA1_Stream6_IRQHandler                  0x080002cb   Thumb Code     0  startup_stm32h743xx.o(.text)
    DMA1_Stream7_IRQHandler                  0x080002cb   Thumb Code     0  startup_stm32h743xx.o(.text)
    DMA2D_IRQHandler                         0x080002cb   Thumb Code     0  startup_stm32h743xx.o(.text)
    DMA2_Stream0_IRQHandler                  0x080002cb   Thumb Code     0  startup_stm32h743xx.o(.text)
    DMA2_Stream1_IRQHandler                  0x080002cb   Thumb Code     0  startup_stm32h743xx.o(.text)
    DMA2_Stream2_IRQHandler                  0x080002cb   Thumb Code     0  startup_stm32h743xx.o(.text)
    DMA2_Stream3_IRQHandler                  0x080002cb   Thumb Code     0  startup_stm32h743xx.o(.text)
    DMA2_Stream4_IRQHandler                  0x080002cb   Thumb Code     0  startup_stm32h743xx.o(.text)
    DMA2_Stream5_IRQHandler                  0x080002cb   Thumb Code     0  startup_stm32h743xx.o(.text)
    DMA2_Stream6_IRQHandler                  0x080002cb   Thumb Code     0  startup_stm32h743xx.o(.text)
    DMA2_Stream7_IRQHandler                  0x080002cb   Thumb Code     0  startup_stm32h743xx.o(.text)
    DMAMUX1_OVR_IRQHandler                   0x080002cb   Thumb Code     0  startup_stm32h743xx.o(.text)
    DMAMUX2_OVR_IRQHandler                   0x080002cb   Thumb Code     0  startup_stm32h743xx.o(.text)
    ECC_IRQHandler                           0x080002cb   Thumb Code     0  startup_stm32h743xx.o(.text)
    ETH_IRQHandler                           0x080002cb   Thumb Code     0  startup_stm32h743xx.o(.text)
    ETH_WKUP_IRQHandler                      0x080002cb   Thumb Code     0  startup_stm32h743xx.o(.text)
    EXTI0_IRQHandler                         0x080002cb   Thumb Code     0  startup_stm32h743xx.o(.text)
    EXTI15_10_IRQHandler                     0x080002cb   Thumb Code     0  startup_stm32h743xx.o(.text)
    EXTI1_IRQHandler                         0x080002cb   Thumb Code     0  startup_stm32h743xx.o(.text)
    EXTI2_IRQHandler                         0x080002cb   Thumb Code     0  startup_stm32h743xx.o(.text)
    EXTI3_IRQHandler                         0x080002cb   Thumb Code     0  startup_stm32h743xx.o(.text)
    EXTI4_IRQHandler                         0x080002cb   Thumb Code     0  startup_stm32h743xx.o(.text)
    EXTI9_5_IRQHandler                       0x080002cb   Thumb Code     0  startup_stm32h743xx.o(.text)
    FDCAN1_IT0_IRQHandler                    0x080002cb   Thumb Code     0  startup_stm32h743xx.o(.text)
    FDCAN1_IT1_IRQHandler                    0x080002cb   Thumb Code     0  startup_stm32h743xx.o(.text)
    FDCAN2_IT0_IRQHandler                    0x080002cb   Thumb Code     0  startup_stm32h743xx.o(.text)
    FDCAN2_IT1_IRQHandler                    0x080002cb   Thumb Code     0  startup_stm32h743xx.o(.text)
    FDCAN_CAL_IRQHandler                     0x080002cb   Thumb Code     0  startup_stm32h743xx.o(.text)
    FLASH_IRQHandler                         0x080002cb   Thumb Code     0  startup_stm32h743xx.o(.text)
    FMC_IRQHandler                           0x080002cb   Thumb Code     0  startup_stm32h743xx.o(.text)
    FPU_IRQHandler                           0x080002cb   Thumb Code     0  startup_stm32h743xx.o(.text)
    HRTIM1_FLT_IRQHandler                    0x080002cb   Thumb Code     0  startup_stm32h743xx.o(.text)
    HRTIM1_Master_IRQHandler                 0x080002cb   Thumb Code     0  startup_stm32h743xx.o(.text)
    HRTIM1_TIMA_IRQHandler                   0x080002cb   Thumb Code     0  startup_stm32h743xx.o(.text)
    HRTIM1_TIMB_IRQHandler                   0x080002cb   Thumb Code     0  startup_stm32h743xx.o(.text)
    HRTIM1_TIMC_IRQHandler                   0x080002cb   Thumb Code     0  startup_stm32h743xx.o(.text)
    HRTIM1_TIMD_IRQHandler                   0x080002cb   Thumb Code     0  startup_stm32h743xx.o(.text)
    HRTIM1_TIME_IRQHandler                   0x080002cb   Thumb Code     0  startup_stm32h743xx.o(.text)
    HSEM1_IRQHandler                         0x080002cb   Thumb Code     0  startup_stm32h743xx.o(.text)
    I2C1_ER_IRQHandler                       0x080002cb   Thumb Code     0  startup_stm32h743xx.o(.text)
    I2C1_EV_IRQHandler                       0x080002cb   Thumb Code     0  startup_stm32h743xx.o(.text)
    I2C2_ER_IRQHandler                       0x080002cb   Thumb Code     0  startup_stm32h743xx.o(.text)
    I2C2_EV_IRQHandler                       0x080002cb   Thumb Code     0  startup_stm32h743xx.o(.text)
    I2C3_ER_IRQHandler                       0x080002cb   Thumb Code     0  startup_stm32h743xx.o(.text)
    I2C3_EV_IRQHandler                       0x080002cb   Thumb Code     0  startup_stm32h743xx.o(.text)
    I2C4_ER_IRQHandler                       0x080002cb   Thumb Code     0  startup_stm32h743xx.o(.text)
    I2C4_EV_IRQHandler                       0x080002cb   Thumb Code     0  startup_stm32h743xx.o(.text)
    JPEG_IRQHandler                          0x080002cb   Thumb Code     0  startup_stm32h743xx.o(.text)
    LPTIM1_IRQHandler                        0x080002cb   Thumb Code     0  startup_stm32h743xx.o(.text)
    LPTIM2_IRQHandler                        0x080002cb   Thumb Code     0  startup_stm32h743xx.o(.text)
    LPTIM3_IRQHandler                        0x080002cb   Thumb Code     0  startup_stm32h743xx.o(.text)
    LPTIM4_IRQHandler                        0x080002cb   Thumb Code     0  startup_stm32h743xx.o(.text)
    LPTIM5_IRQHandler                        0x080002cb   Thumb Code     0  startup_stm32h743xx.o(.text)
    LPUART1_IRQHandler                       0x080002cb   Thumb Code     0  startup_stm32h743xx.o(.text)
    LTDC_ER_IRQHandler                       0x080002cb   Thumb Code     0  startup_stm32h743xx.o(.text)
    LTDC_IRQHandler                          0x080002cb   Thumb Code     0  startup_stm32h743xx.o(.text)
    MDIOS_IRQHandler                         0x080002cb   Thumb Code     0  startup_stm32h743xx.o(.text)
    MDIOS_WKUP_IRQHandler                    0x080002cb   Thumb Code     0  startup_stm32h743xx.o(.text)
    MDMA_IRQHandler                          0x080002cb   Thumb Code     0  startup_stm32h743xx.o(.text)
    OTG_FS_EP1_IN_IRQHandler                 0x080002cb   Thumb Code     0  startup_stm32h743xx.o(.text)
    OTG_FS_EP1_OUT_IRQHandler                0x080002cb   Thumb Code     0  startup_stm32h743xx.o(.text)
    OTG_FS_IRQHandler                        0x080002cb   Thumb Code     0  startup_stm32h743xx.o(.text)
    OTG_FS_WKUP_IRQHandler                   0x080002cb   Thumb Code     0  startup_stm32h743xx.o(.text)
    OTG_HS_EP1_IN_IRQHandler                 0x080002cb   Thumb Code     0  startup_stm32h743xx.o(.text)
    OTG_HS_EP1_OUT_IRQHandler                0x080002cb   Thumb Code     0  startup_stm32h743xx.o(.text)
    OTG_HS_IRQHandler                        0x080002cb   Thumb Code     0  startup_stm32h743xx.o(.text)
    OTG_HS_WKUP_IRQHandler                   0x080002cb   Thumb Code     0  startup_stm32h743xx.o(.text)
    PVD_AVD_IRQHandler                       0x080002cb   Thumb Code     0  startup_stm32h743xx.o(.text)
    QUADSPI_IRQHandler                       0x080002cb   Thumb Code     0  startup_stm32h743xx.o(.text)
    RCC_IRQHandler                           0x080002cb   Thumb Code     0  startup_stm32h743xx.o(.text)
    RNG_IRQHandler                           0x080002cb   Thumb Code     0  startup_stm32h743xx.o(.text)
    RTC_Alarm_IRQHandler                     0x080002cb   Thumb Code     0  startup_stm32h743xx.o(.text)
    RTC_WKUP_IRQHandler                      0x080002cb   Thumb Code     0  startup_stm32h743xx.o(.text)
    SAI1_IRQHandler                          0x080002cb   Thumb Code     0  startup_stm32h743xx.o(.text)
    SAI2_IRQHandler                          0x080002cb   Thumb Code     0  startup_stm32h743xx.o(.text)
    SAI3_IRQHandler                          0x080002cb   Thumb Code     0  startup_stm32h743xx.o(.text)
    SAI4_IRQHandler                          0x080002cb   Thumb Code     0  startup_stm32h743xx.o(.text)
    SDMMC1_IRQHandler                        0x080002cb   Thumb Code     0  startup_stm32h743xx.o(.text)
    SDMMC2_IRQHandler                        0x080002cb   Thumb Code     0  startup_stm32h743xx.o(.text)
    SPDIF_RX_IRQHandler                      0x080002cb   Thumb Code     0  startup_stm32h743xx.o(.text)
    SPI1_IRQHandler                          0x080002cb   Thumb Code     0  startup_stm32h743xx.o(.text)
    SPI2_IRQHandler                          0x080002cb   Thumb Code     0  startup_stm32h743xx.o(.text)
    SPI3_IRQHandler                          0x080002cb   Thumb Code     0  startup_stm32h743xx.o(.text)
    SPI4_IRQHandler                          0x080002cb   Thumb Code     0  startup_stm32h743xx.o(.text)
    SPI5_IRQHandler                          0x080002cb   Thumb Code     0  startup_stm32h743xx.o(.text)
    SPI6_IRQHandler                          0x080002cb   Thumb Code     0  startup_stm32h743xx.o(.text)
    SWPMI1_IRQHandler                        0x080002cb   Thumb Code     0  startup_stm32h743xx.o(.text)
    TAMP_STAMP_IRQHandler                    0x080002cb   Thumb Code     0  startup_stm32h743xx.o(.text)
    TIM15_IRQHandler                         0x080002cb   Thumb Code     0  startup_stm32h743xx.o(.text)
    TIM16_IRQHandler                         0x080002cb   Thumb Code     0  startup_stm32h743xx.o(.text)
    TIM17_IRQHandler                         0x080002cb   Thumb Code     0  startup_stm32h743xx.o(.text)
    TIM1_BRK_IRQHandler                      0x080002cb   Thumb Code     0  startup_stm32h743xx.o(.text)
    TIM1_CC_IRQHandler                       0x080002cb   Thumb Code     0  startup_stm32h743xx.o(.text)
    TIM1_TRG_COM_IRQHandler                  0x080002cb   Thumb Code     0  startup_stm32h743xx.o(.text)
    TIM1_UP_IRQHandler                       0x080002cb   Thumb Code     0  startup_stm32h743xx.o(.text)
    TIM2_IRQHandler                          0x080002cb   Thumb Code     0  startup_stm32h743xx.o(.text)
    TIM3_IRQHandler                          0x080002cb   Thumb Code     0  startup_stm32h743xx.o(.text)
    TIM4_IRQHandler                          0x080002cb   Thumb Code     0  startup_stm32h743xx.o(.text)
    TIM5_IRQHandler                          0x080002cb   Thumb Code     0  startup_stm32h743xx.o(.text)
    TIM6_DAC_IRQHandler                      0x080002cb   Thumb Code     0  startup_stm32h743xx.o(.text)
    TIM7_IRQHandler                          0x080002cb   Thumb Code     0  startup_stm32h743xx.o(.text)
    TIM8_BRK_TIM12_IRQHandler                0x080002cb   Thumb Code     0  startup_stm32h743xx.o(.text)
    TIM8_CC_IRQHandler                       0x080002cb   Thumb Code     0  startup_stm32h743xx.o(.text)
    TIM8_TRG_COM_TIM14_IRQHandler            0x080002cb   Thumb Code     0  startup_stm32h743xx.o(.text)
    TIM8_UP_TIM13_IRQHandler                 0x080002cb   Thumb Code     0  startup_stm32h743xx.o(.text)
    UART4_IRQHandler                         0x080002cb   Thumb Code     0  startup_stm32h743xx.o(.text)
    UART5_IRQHandler                         0x080002cb   Thumb Code     0  startup_stm32h743xx.o(.text)
    UART7_IRQHandler                         0x080002cb   Thumb Code     0  startup_stm32h743xx.o(.text)
    UART8_IRQHandler                         0x080002cb   Thumb Code     0  startup_stm32h743xx.o(.text)
    USART1_IRQHandler                        0x080002cb   Thumb Code     0  startup_stm32h743xx.o(.text)
    USART2_IRQHandler                        0x080002cb   Thumb Code     0  startup_stm32h743xx.o(.text)
    USART6_IRQHandler                        0x080002cb   Thumb Code     0  startup_stm32h743xx.o(.text)
    WAKEUP_PIN_IRQHandler                    0x080002cb   Thumb Code     0  startup_stm32h743xx.o(.text)
    WWDG_IRQHandler                          0x080002cb   Thumb Code     0  startup_stm32h743xx.o(.text)
    arm_radix8_butterfly_f32                 0x080002d9   Thumb Code  2126  arm_cfft_radix8_f32.o(.text)
    __aeabi_uldivmod                         0x08000b2d   Thumb Code    98  uldiv.o(.text)
    __aeabi_memset                           0x08000b8f   Thumb Code    14  memseta.o(.text)
    __aeabi_memset4                          0x08000b8f   Thumb Code     0  memseta.o(.text)
    __aeabi_memset8                          0x08000b8f   Thumb Code     0  memseta.o(.text)
    __aeabi_memclr                           0x08000b9d   Thumb Code     4  memseta.o(.text)
    __aeabi_memclr4                          0x08000b9d   Thumb Code     0  memseta.o(.text)
    __aeabi_memclr8                          0x08000b9d   Thumb Code     0  memseta.o(.text)
    _memset$wrapper                          0x08000ba1   Thumb Code    18  memseta.o(.text)
    __aeabi_fadd                             0x08000bb3   Thumb Code   164  fadd.o(.text)
    __aeabi_fsub                             0x08000c57   Thumb Code     6  fadd.o(.text)
    __aeabi_frsub                            0x08000c5d   Thumb Code     6  fadd.o(.text)
    __aeabi_fmul                             0x08000c63   Thumb Code   100  fmul.o(.text)
    __aeabi_uidiv                            0x08000cc7   Thumb Code     0  uidiv.o(.text)
    __aeabi_uidivmod                         0x08000cc7   Thumb Code    44  uidiv.o(.text)
    __aeabi_llsl                             0x08000cf3   Thumb Code    30  llshl.o(.text)
    _ll_shift_l                              0x08000cf3   Thumb Code     0  llshl.o(.text)
    __aeabi_llsr                             0x08000d11   Thumb Code    32  llushr.o(.text)
    _ll_ushift_r                             0x08000d11   Thumb Code     0  llushr.o(.text)
    __I$use$fp                               0x08000d31   Thumb Code     0  iusefp.o(.text)
    _float_round                             0x08000d31   Thumb Code    18  fepilogue.o(.text)
    _float_epilogue                          0x08000d43   Thumb Code    92  fepilogue.o(.text)
    __aeabi_dadd                             0x08000d9f   Thumb Code   322  dadd.o(.text)
    __aeabi_dsub                             0x08000ee1   Thumb Code     6  dadd.o(.text)
    __aeabi_drsub                            0x08000ee7   Thumb Code     6  dadd.o(.text)
    __aeabi_dmul                             0x08000eed   Thumb Code   228  dmul.o(.text)
    __aeabi_ddiv                             0x08000fd1   Thumb Code   222  ddiv.o(.text)
    __aeabi_d2ulz                            0x080010af   Thumb Code    48  dfixul.o(.text)
    __aeabi_cdrcmple                         0x080010e1   Thumb Code    48  cdrcmple.o(.text)
    __scatterload                            0x08001111   Thumb Code    38  init.o(.text)
    __scatterload_rt2                        0x08001111   Thumb Code     0  init.o(.text)
    __aeabi_lasr                             0x08001141   Thumb Code    36  llsshr.o(.text)
    _ll_sshift_r                             0x08001141   Thumb Code     0  llsshr.o(.text)
    _double_round                            0x08001165   Thumb Code    30  depilogue.o(.text)
    _double_epilogue                         0x08001183   Thumb Code   156  depilogue.o(.text)
    __decompress                             0x0800121f   Thumb Code     0  __dczerorl.o(.text)
    __decompress0                            0x0800121f   Thumb Code    58  __dczerorl.o(.text)
    AD9910_AmpWrite                          0x08001259   Thumb Code    40  ad9910.o(.text.AD9910_AmpWrite)
    AD9910_FreWrite                          0x08001281   Thumb Code    72  ad9910.o(.text.AD9910_FreWrite)
    ADC_ConfigureBoostMode                   0x080012d1   Thumb Code   536  stm32h7xx_hal_adc.o(.text.ADC_ConfigureBoostMode)
    ADC_ConversionStop                       0x080014e9   Thumb Code   402  stm32h7xx_hal_adc.o(.text.ADC_ConversionStop)
    ADC_DMAConvCplt                          0x08001681   Thumb Code   210  stm32h7xx_hal_adc.o(.text.ADC_DMAConvCplt)
    ADC_DMAError                             0x08001759   Thumb Code    42  stm32h7xx_hal_adc.o(.text.ADC_DMAError)
    ADC_DMAHalfConvCplt                      0x08001789   Thumb Code    22  stm32h7xx_hal_adc.o(.text.ADC_DMAHalfConvCplt)
    ADC_Disable                              0x080017a1   Thumb Code   196  stm32h7xx_hal_adc.o(.text.ADC_Disable)
    ADC_Enable                               0x08001869   Thumb Code   328  stm32h7xx_hal_adc.o(.text.ADC_Enable)
    App_process                              0x080019b1   Thumb Code   360  main.o(.text.App_process)
    BusFault_Handler                         0x08001b19   Thumb Code     4  stm32h7xx_it.o(.text.BusFault_Handler)
    DMA1_Stream0_IRQHandler                  0x08001b21   Thumb Code    16  stm32h7xx_it.o(.text.DMA1_Stream0_IRQHandler)
    DMA1_Stream1_IRQHandler                  0x08001b31   Thumb Code    16  stm32h7xx_it.o(.text.DMA1_Stream1_IRQHandler)
    DMA1_Stream2_IRQHandler                  0x08001b41   Thumb Code    16  stm32h7xx_it.o(.text.DMA1_Stream2_IRQHandler)
    DebugMon_Handler                         0x080025d1   Thumb Code     2  stm32h7xx_it.o(.text.DebugMon_Handler)
    Error_Handler                            0x080025d9   Thumb Code    36  main.o(.text.Error_Handler)
    ExitRun0Mode                             0x08002601   Thumb Code    40  system_stm32h7xx.o(.text.ExitRun0Mode)
    FFT_Task                                 0x08002629   Thumb Code   186  tasks.o(.text.FFT_Task)
    Find_Vpp                                 0x080026e9   Thumb Code   540  fftana.o(.text.Find_Vpp)
    Freq_Analysis_Split                      0x08002911   Thumb Code   216  signalseperation.o(.text.Freq_Analysis_Split)
    HAL_ADCEx_MultiModeConfigChannel         0x080029f1   Thumb Code   658  stm32h7xx_hal_adc_ex.o(.text.HAL_ADCEx_MultiModeConfigChannel)
    HAL_ADC_ConfigChannel                    0x08002c89   Thumb Code  2162  stm32h7xx_hal_adc.o(.text.HAL_ADC_ConfigChannel)
    HAL_ADC_ConvCpltCallback                 0x08003501   Thumb Code    72  main.o(.text.HAL_ADC_ConvCpltCallback)
    HAL_ADC_ConvHalfCpltCallback             0x08003549   Thumb Code     8  stm32h7xx_hal_adc.o(.text.HAL_ADC_ConvHalfCpltCallback)
    HAL_ADC_ErrorCallback                    0x08003551   Thumb Code     8  stm32h7xx_hal_adc.o(.text.HAL_ADC_ErrorCallback)
    HAL_ADC_Init                             0x08003559   Thumb Code   968  stm32h7xx_hal_adc.o(.text.HAL_ADC_Init)
    HAL_ADC_MspInit                          0x08003921   Thumb Code   456  adc.o(.text.HAL_ADC_MspInit)
    HAL_ADC_Start_DMA                        0x08003ae9   Thumb Code   476  stm32h7xx_hal_adc.o(.text.HAL_ADC_Start_DMA)
    HAL_ADC_Stop_DMA                         0x08003cc9   Thumb Code   224  stm32h7xx_hal_adc.o(.text.HAL_ADC_Stop_DMA)
    HAL_DMA_Abort                            0x08003da9   Thumb Code  2424  stm32h7xx_hal_dma.o(.text.HAL_DMA_Abort)
    HAL_DMA_Abort_IT                         0x08004721   Thumb Code  1706  stm32h7xx_hal_dma.o(.text.HAL_DMA_Abort_IT)
    HAL_DMA_IRQHandler                       0x08004dd1   Thumb Code  4544  stm32h7xx_hal_dma.o(.text.HAL_DMA_IRQHandler)
    HAL_DMA_Init                             0x08005f91   Thumb Code  2402  stm32h7xx_hal_dma.o(.text.HAL_DMA_Init)
    HAL_DMA_Start_IT                         0x080068f9   Thumb Code  1794  stm32h7xx_hal_dma.o(.text.HAL_DMA_Start_IT)
    HAL_Delay                                0x08007001   Thumb Code    66  stm32h7xx_hal.o(.text.HAL_Delay)
    HAL_GPIO_Init                            0x08007049   Thumb Code   964  stm32h7xx_hal_gpio.o(.text.HAL_GPIO_Init)
    HAL_GPIO_ReadPin                         0x08007411   Thumb Code    46  stm32h7xx_hal_gpio.o(.text.HAL_GPIO_ReadPin)
    HAL_GPIO_WritePin                        0x08007441   Thumb Code    46  stm32h7xx_hal_gpio.o(.text.HAL_GPIO_WritePin)
    HAL_GetREVID                             0x08007471   Thumb Code    14  stm32h7xx_hal.o(.text.HAL_GetREVID)
    HAL_GetTick                              0x08007481   Thumb Code    12  stm32h7xx_hal.o(.text.HAL_GetTick)
    HAL_IncTick                              0x08007491   Thumb Code    26  stm32h7xx_hal.o(.text.HAL_IncTick)
    HAL_Init                                 0x080074b1   Thumb Code   122  stm32h7xx_hal.o(.text.HAL_Init)
    HAL_InitTick                             0x08007531   Thumb Code   134  stm32h7xx_hal.o(.text.HAL_InitTick)
    HAL_MPU_ConfigRegion                     0x080075b9   Thumb Code   128  stm32h7xx_hal_cortex.o(.text.HAL_MPU_ConfigRegion)
    HAL_MPU_Disable                          0x08007639   Thumb Code    34  stm32h7xx_hal_cortex.o(.text.HAL_MPU_Disable)
    HAL_MPU_Enable                           0x08007661   Thumb Code    48  stm32h7xx_hal_cortex.o(.text.HAL_MPU_Enable)
    HAL_MspInit                              0x08007691   Thumb Code    36  stm32h7xx_hal_msp.o(.text.HAL_MspInit)
    HAL_NVIC_EnableIRQ                       0x080076b9   Thumb Code    20  stm32h7xx_hal_cortex.o(.text.HAL_NVIC_EnableIRQ)
    HAL_NVIC_SetPriority                     0x080076d1   Thumb Code    46  stm32h7xx_hal_cortex.o(.text.HAL_NVIC_SetPriority)
    HAL_NVIC_SetPriorityGrouping             0x08007701   Thumb Code    16  stm32h7xx_hal_cortex.o(.text.HAL_NVIC_SetPriorityGrouping)
    HAL_PWREx_ConfigSupply                   0x08007711   Thumb Code   162  stm32h7xx_hal_pwr_ex.o(.text.HAL_PWREx_ConfigSupply)
    HAL_RCCEx_GetD3PCLK1Freq                 0x080077b9   Thumb Code    38  stm32h7xx_hal_rcc_ex.o(.text.HAL_RCCEx_GetD3PCLK1Freq)
    HAL_RCCEx_GetPLL1ClockFreq               0x080077e1   Thumb Code   648  stm32h7xx_hal_rcc_ex.o(.text.HAL_RCCEx_GetPLL1ClockFreq)
    HAL_RCCEx_GetPLL2ClockFreq               0x08007a79   Thumb Code   648  stm32h7xx_hal_rcc_ex.o(.text.HAL_RCCEx_GetPLL2ClockFreq)
    HAL_RCCEx_GetPLL3ClockFreq               0x08007d11   Thumb Code   648  stm32h7xx_hal_rcc_ex.o(.text.HAL_RCCEx_GetPLL3ClockFreq)
    HAL_RCCEx_GetPeriphCLKFreq               0x08007fa9   Thumb Code  3146  stm32h7xx_hal_rcc_ex.o(.text.HAL_RCCEx_GetPeriphCLKFreq)
    HAL_RCCEx_PeriphCLKConfig                0x08008bf9   Thumb Code  4256  stm32h7xx_hal_rcc_ex.o(.text.HAL_RCCEx_PeriphCLKConfig)
    HAL_RCC_ClockConfig                      0x08009c99   Thumb Code  1176  stm32h7xx_hal_rcc.o(.text.HAL_RCC_ClockConfig)
    HAL_RCC_GetHCLKFreq                      0x0800a131   Thumb Code    86  stm32h7xx_hal_rcc.o(.text.HAL_RCC_GetHCLKFreq)
    HAL_RCC_GetPCLK1Freq                     0x0800a189   Thumb Code    38  stm32h7xx_hal_rcc.o(.text.HAL_RCC_GetPCLK1Freq)
    HAL_RCC_GetPCLK2Freq                     0x0800a1b1   Thumb Code    38  stm32h7xx_hal_rcc.o(.text.HAL_RCC_GetPCLK2Freq)
    HAL_RCC_GetSysClockFreq                  0x0800a1d9   Thumb Code   748  stm32h7xx_hal_rcc.o(.text.HAL_RCC_GetSysClockFreq)
    HAL_RCC_OscConfig                        0x0800a4d9   Thumb Code  2904  stm32h7xx_hal_rcc.o(.text.HAL_RCC_OscConfig)
    HAL_SYSTICK_Config                       0x0800b031   Thumb Code    16  stm32h7xx_hal_cortex.o(.text.HAL_SYSTICK_Config)
    HAL_TIMEx_MasterConfigSynchronization    0x0800b041   Thumb Code   344  stm32h7xx_hal_tim_ex.o(.text.HAL_TIMEx_MasterConfigSynchronization)
    HAL_TIM_Base_Init                        0x0800b199   Thumb Code   168  stm32h7xx_hal_tim.o(.text.HAL_TIM_Base_Init)
    HAL_TIM_Base_MspInit                     0x0800b241   Thumb Code   192  tim.o(.text.HAL_TIM_Base_MspInit)
    HAL_TIM_Base_Start                       0x0800b301   Thumb Code   248  stm32h7xx_hal_tim.o(.text.HAL_TIM_Base_Start)
    HAL_TIM_Base_Stop                        0x0800b3f9   Thumb Code    70  stm32h7xx_hal_tim.o(.text.HAL_TIM_Base_Stop)
    HAL_TIM_ConfigClockSource                0x0800b441   Thumb Code   464  stm32h7xx_hal_tim.o(.text.HAL_TIM_ConfigClockSource)
    HAL_TIM_MspPostInit                      0x0800b611   Thumb Code    94  tim.o(.text.HAL_TIM_MspPostInit)
    HAL_TIM_PWM_ConfigChannel                0x0800b671   Thumb Code   432  stm32h7xx_hal_tim.o(.text.HAL_TIM_PWM_ConfigChannel)
    HAL_TIM_PWM_Init                         0x0800b821   Thumb Code   168  stm32h7xx_hal_tim.o(.text.HAL_TIM_PWM_Init)
    HAL_TIM_PWM_MspInit                      0x0800b8c9   Thumb Code     8  stm32h7xx_hal_tim.o(.text.HAL_TIM_PWM_MspInit)
    HAL_UARTEx_DisableFifoMode               0x0800b8d1   Thumb Code   124  stm32h7xx_hal_uart_ex.o(.text.HAL_UARTEx_DisableFifoMode)
    HAL_UARTEx_RxEventCallback               0x0800b951   Thumb Code    12  stm32h7xx_hal_uart.o(.text.HAL_UARTEx_RxEventCallback)
    HAL_UARTEx_RxFifoFullCallback            0x0800b961   Thumb Code     8  stm32h7xx_hal_uart_ex.o(.text.HAL_UARTEx_RxFifoFullCallback)
    HAL_UARTEx_SetRxFifoThreshold            0x0800b969   Thumb Code   140  stm32h7xx_hal_uart_ex.o(.text.HAL_UARTEx_SetRxFifoThreshold)
    HAL_UARTEx_SetTxFifoThreshold            0x0800b9f9   Thumb Code   140  stm32h7xx_hal_uart_ex.o(.text.HAL_UARTEx_SetTxFifoThreshold)
    HAL_UARTEx_TxFifoEmptyCallback           0x0800ba89   Thumb Code     8  stm32h7xx_hal_uart_ex.o(.text.HAL_UARTEx_TxFifoEmptyCallback)
    HAL_UARTEx_WakeupCallback                0x0800ba91   Thumb Code     8  stm32h7xx_hal_uart_ex.o(.text.HAL_UARTEx_WakeupCallback)
    HAL_UART_ErrorCallback                   0x0800ba99   Thumb Code     8  stm32h7xx_hal_uart.o(.text.HAL_UART_ErrorCallback)
    HAL_UART_IRQHandler                      0x0800baa1   Thumb Code  1790  stm32h7xx_hal_uart.o(.text.HAL_UART_IRQHandler)
    HAL_UART_Init                            0x0800c1a1   Thumb Code   170  stm32h7xx_hal_uart.o(.text.HAL_UART_Init)
    HAL_UART_MspInit                         0x0800c251   Thumb Code   190  usart.o(.text.HAL_UART_MspInit)
    HAL_UART_Transmit                        0x0800c311   Thumb Code   312  stm32h7xx_hal_uart.o(.text.HAL_UART_Transmit)
    HAL_UART_TxCpltCallback                  0x0800c449   Thumb Code     8  stm32h7xx_hal_uart.o(.text.HAL_UART_TxCpltCallback)
    HMI_Init                                 0x0800c451   Thumb Code   100  hmi.o(.text.HMI_Init)
    HMI_send_string                          0x0800c4b9   Thumb Code    28  hmi.o(.text.HMI_send_string)
    HardFault_Handler                        0x0800c4d9   Thumb Code     4  stm32h7xx_it.o(.text.HardFault_Handler)
    Init_AD9910                              0x0800c4e1   Thumb Code   654  ad9910.o(.text.Init_AD9910)
    MX_ADC1_Init                             0x0800cb59   Thumb Code   198  adc.o(.text.MX_ADC1_Init)
    MX_ADC2_Init                             0x0800cc21   Thumb Code   164  adc.o(.text.MX_ADC2_Init)
    MX_DMA_Init                              0x0800ccc9   Thumb Code    94  dma.o(.text.MX_DMA_Init)
    MX_GPIO_Init                             0x0800cd29   Thumb Code   434  gpio.o(.text.MX_GPIO_Init)
    MX_TIM2_Init                             0x0800cee1   Thumb Code   222  tim.o(.text.MX_TIM2_Init)
    MX_TIM3_Init                             0x0800cfc1   Thumb Code   138  tim.o(.text.MX_TIM3_Init)
    MX_USART3_UART_Init                      0x0800d051   Thumb Code   142  usart.o(.text.MX_USART3_UART_Init)
    Max_Harmonic_Find                        0x0800d0e1   Thumb Code   174  fftana.o(.text.Max_Harmonic_Find)
    Max_Three_Find                           0x0800d191   Thumb Code   148  fftana.o(.text.Max_Three_Find)
    MemManage_Handler                        0x0800d229   Thumb Code     4  stm32h7xx_it.o(.text.MemManage_Handler)
    NMI_Handler                              0x0800d231   Thumb Code     4  stm32h7xx_it.o(.text.NMI_Handler)
    PendSV_Handler                           0x0800d2a9   Thumb Code     2  stm32h7xx_it.o(.text.PendSV_Handler)
    PeriphCommonClock_Config                 0x0800d2b1   Thumb Code    76  main.o(.text.PeriphCommonClock_Config)
    Rec_wavetype                             0x0800d6a1   Thumb Code   232  fftana.o(.text.Rec_wavetype)
    SVC_Handler                              0x0800d7a1   Thumb Code     2  stm32h7xx_it.o(.text.SVC_Handler)
    Send_Wave                                0x0800d7a9   Thumb Code    56  tasks.o(.text.Send_Wave)
    SysTick_Handler                          0x0800d841   Thumb Code     8  stm32h7xx_it.o(.text.SysTick_Handler)
    SystemClock_Config                       0x0800d849   Thumb Code   230  main.o(.text.SystemClock_Config)
    SystemInit                               0x0800d931   Thumb Code   396  system_stm32h7xx.o(.text.SystemInit)
    TIM_Base_SetConfig                       0x0800dac1   Thumb Code   420  stm32h7xx_hal_tim.o(.text.TIM_Base_SetConfig)
    TIM_ETR_SetConfig                        0x0800dc69   Thumb Code    52  stm32h7xx_hal_tim.o(.text.TIM_ETR_SetConfig)
    TIM_OC2_SetConfig                        0x0800de21   Thumb Code   364  stm32h7xx_hal_tim.o(.text.TIM_OC2_SetConfig)
    Txfrc                                    0x0800e431   Thumb Code   130  ad9910.o(.text.Txfrc)
    UART3_Printf                             0x0800e4b9   Thumb Code   134  hmi.o(.text.UART3_Printf)
    UART_AdvFeatureConfig                    0x0800e5c9   Thumb Code   328  stm32h7xx_hal_uart.o(.text.UART_AdvFeatureConfig)
    UART_CheckIdleState                      0x0800e711   Thumb Code   326  stm32h7xx_hal_uart.o(.text.UART_CheckIdleState)
    UART_SetConfig                           0x0800e961   Thumb Code  2338  stm32h7xx_hal_uart.o(.text.UART_SetConfig)
    UART_WaitOnFlagUntilTimeout              0x0800f289   Thumb Code   268  stm32h7xx_hal_uart.o(.text.UART_WaitOnFlagUntilTimeout)
    USART3_IRQHandler                        0x0800f399   Thumb Code    16  stm32h7xx_it.o(.text.USART3_IRQHandler)
    USART_Task                               0x0800f3a9   Thumb Code   648  tasks.o(.text.USART_Task)
    UsageFault_Handler                       0x0800f649   Thumb Code     4  stm32h7xx_it.o(.text.UsageFault_Handler)
    arm_bitreversal_32_extra                 0x0800f719   Thumb Code   142  arm_bitreversal2_extra.o(.text.arm_bitreversal_32_extra)
    arm_cfft_f32_extra                       0x0800f7a9   Thumb Code   382  arm_cfft_f32_extra.o(.text.arm_cfft_f32_extra)
    arm_cfft_radix8by2_f32_extra             0x0800f929   Thumb Code  1002  arm_cfft_f32_extra.o(.text.arm_cfft_radix8by2_f32_extra)
    arm_cfft_radix8by4_f32_extra             0x0800fd19   Thumb Code  2656  arm_cfft_f32_extra.o(.text.arm_cfft_radix8by4_f32_extra)
    fft_process                              0x08010779   Thumb Code   348  fftana.o(.text.fft_process)
    get_fft_num                              0x080108d9   Thumb Code   264  fftana.o(.text.get_fft_num)
    get_freqaxis                             0x080109e1   Thumb Code    92  fftana.o(.text.get_freqaxis)
    get_max_3                                0x08010a49   Thumb Code   676  fftana.o(.text.get_max_3)
    main                                     0x08010cf1   Thumb Code   360  main.o(.text.main)
    process_data                             0x08010e59   Thumb Code   180  fftana.o(.text.process_data)
    process_data_decay                       0x08010f11   Thumb Code   180  ad9220.o(.text.process_data_decay)
    regurlize_mag                            0x08010fc9   Thumb Code   174  fftana.o(.text.regurlize_mag)
    txd_8bit                                 0x08011079   Thumb Code   140  ad9910.o(.text.txd_8bit)
    __0sprintf                               0x08011105   Thumb Code    34  printfa.o(i.__0sprintf)
    __1sprintf                               0x08011105   Thumb Code     0  printfa.o(i.__0sprintf)
    __2sprintf                               0x08011105   Thumb Code     0  printfa.o(i.__0sprintf)
    __c89sprintf                             0x08011105   Thumb Code     0  printfa.o(i.__0sprintf)
    sprintf                                  0x08011105   Thumb Code     0  printfa.o(i.__0sprintf)
    __0vsnprintf                             0x0801112d   Thumb Code    46  printfa.o(i.__0vsnprintf)
    __1vsnprintf                             0x0801112d   Thumb Code     0  printfa.o(i.__0vsnprintf)
    __2vsnprintf                             0x0801112d   Thumb Code     0  printfa.o(i.__0vsnprintf)
    __c89vsnprintf                           0x0801112d   Thumb Code     0  printfa.o(i.__0vsnprintf)
    vsnprintf                                0x0801112d   Thumb Code     0  printfa.o(i.__0vsnprintf)
    __ARM_fpclassify                         0x08011161   Thumb Code    48  fpclassify.o(i.__ARM_fpclassify)
    __hardfp_atan                            0x08011191   Thumb Code   402  atan.o(i.__hardfp_atan)
    __hardfp_atan2                           0x08011369   Thumb Code   392  atan2.o(i.__hardfp_atan2)
    __hardfp_sqrtf                           0x08011531   Thumb Code    58  sqrtf.o(i.__hardfp_sqrtf)
    __kernel_poly                            0x0801156b   Thumb Code   112  poly.o(i.__kernel_poly)
    __mathlib_dbl_infnan                     0x080115db   Thumb Code     6  dunder.o(i.__mathlib_dbl_infnan)
    __mathlib_dbl_infnan2                    0x080115e1   Thumb Code     6  dunder.o(i.__mathlib_dbl_infnan2)
    __mathlib_dbl_underflow                  0x080115e9   Thumb Code    10  dunder.o(i.__mathlib_dbl_underflow)
    __scatterload_copy                       0x08011601   Thumb Code    14  handlers.o(i.__scatterload_copy)
    __scatterload_null                       0x0801160f   Thumb Code     2  handlers.o(i.__scatterload_null)
    __scatterload_zeroinit                   0x08011611   Thumb Code    14  handlers.o(i.__scatterload_zeroinit)
    __set_errno                              0x08011621   Thumb Code     6  errno.o(i.__set_errno)
    atan                                     0x08011eff   Thumb Code    16  atan.o(i.atan)
    fabs                                     0x08011f0f   Thumb Code    24  fabs.o(i.fabs)
    free                                     0x08011f29   Thumb Code    76  malloc.o(i.free)
    malloc                                   0x08011f79   Thumb Code    92  malloc.o(i.malloc)
    __mathlib_zero                           0x08012080   Data           8  qnan.o(.constdata)
    D1CorePrescTable                         0x08012088   Data          16  system_stm32h7xx.o(.rodata.D1CorePrescTable)
    UARTPrescTable                           0x080120b0   Data          24  stm32h7xx_hal_uart.o(.rodata.UARTPrescTable)
    armBitRevIndexTableExtra1024             0x080120c8   Data        7200  arm_common_tables_extra.o(.rodata.armBitRevIndexTableExtra1024)
    armBitRevIndexTableExtra128              0x08013ce8   Data         832  arm_common_tables_extra.o(.rodata.armBitRevIndexTableExtra128)
    armBitRevIndexTableExtra16               0x08014028   Data          80  arm_common_tables_extra.o(.rodata.armBitRevIndexTableExtra16)
    armBitRevIndexTableExtra16384            0x08014078   Data       124320  arm_common_tables_extra.o(.rodata.armBitRevIndexTableExtra16384)
    armBitRevIndexTableExtra2048             0x08032618   Data       15232  arm_common_tables_extra.o(.rodata.armBitRevIndexTableExtra2048)
    armBitRevIndexTableExtra256              0x08036198   Data        1760  arm_common_tables_extra.o(.rodata.armBitRevIndexTableExtra256)
    armBitRevIndexTableExtra32               0x08036878   Data         192  arm_common_tables_extra.o(.rodata.armBitRevIndexTableExtra32)
    armBitRevIndexTableExtra4096             0x08036938   Data       16128  arm_common_tables_extra.o(.rodata.armBitRevIndexTableExtra4096)
    armBitRevIndexTableExtra512              0x0803a838   Data        1792  arm_common_tables_extra.o(.rodata.armBitRevIndexTableExtra512)
    armBitRevIndexTableExtra64               0x0803af38   Data         224  arm_common_tables_extra.o(.rodata.armBitRevIndexTableExtra64)
    armBitRevIndexTableExtra8192             0x0803b018   Data       58304  arm_common_tables_extra.o(.rodata.armBitRevIndexTableExtra8192)
    arm_cfft_sR_f32_len1024_extra            0x080493d8   Data          16  arm_const_structs_extra.o(.rodata.arm_cfft_sR_f32_len1024_extra)
    arm_cfft_sR_f32_len128_extra             0x080493e8   Data          16  arm_const_structs_extra.o(.rodata.arm_cfft_sR_f32_len128_extra)
    arm_cfft_sR_f32_len16384_extra           0x080493f8   Data          16  arm_const_structs_extra.o(.rodata.arm_cfft_sR_f32_len16384_extra)
    arm_cfft_sR_f32_len16_extra              0x08049408   Data          16  arm_const_structs_extra.o(.rodata.arm_cfft_sR_f32_len16_extra)
    arm_cfft_sR_f32_len2048_extra            0x08049418   Data          16  arm_const_structs_extra.o(.rodata.arm_cfft_sR_f32_len2048_extra)
    arm_cfft_sR_f32_len256_extra             0x08049428   Data          16  arm_const_structs_extra.o(.rodata.arm_cfft_sR_f32_len256_extra)
    arm_cfft_sR_f32_len32_extra              0x08049438   Data          16  arm_const_structs_extra.o(.rodata.arm_cfft_sR_f32_len32_extra)
    arm_cfft_sR_f32_len4096_extra            0x08049448   Data          16  arm_const_structs_extra.o(.rodata.arm_cfft_sR_f32_len4096_extra)
    arm_cfft_sR_f32_len512_extra             0x08049458   Data          16  arm_const_structs_extra.o(.rodata.arm_cfft_sR_f32_len512_extra)
    arm_cfft_sR_f32_len64_extra              0x08049468   Data          16  arm_const_structs_extra.o(.rodata.arm_cfft_sR_f32_len64_extra)
    arm_cfft_sR_f32_len8192_extra            0x08049478   Data          16  arm_const_structs_extra.o(.rodata.arm_cfft_sR_f32_len8192_extra)
    cfr1                                     0x08049488   Data           4  ad9910.o(.rodata.cfr1)
    cfr2                                     0x0804948c   Data           4  ad9910.o(.rodata.cfr2)
    cfr3                                     0x08049490   Data           4  ad9910.o(.rodata.cfr3)
    twiddleCoefExtra_1024                    0x08049558   Data        8192  arm_common_tables_extra.o(.rodata.twiddleCoefExtra_1024)
    twiddleCoefExtra_128                     0x0804b558   Data        1024  arm_common_tables_extra.o(.rodata.twiddleCoefExtra_128)
    twiddleCoefExtra_16                      0x0804b958   Data         128  arm_common_tables_extra.o(.rodata.twiddleCoefExtra_16)
    twiddleCoefExtra_16384                   0x0804b9d8   Data       131072  arm_common_tables_extra.o(.rodata.twiddleCoefExtra_16384)
    twiddleCoefExtra_2048                    0x0806b9d8   Data       16384  arm_common_tables_extra.o(.rodata.twiddleCoefExtra_2048)
    twiddleCoefExtra_256                     0x0806f9d8   Data        2048  arm_common_tables_extra.o(.rodata.twiddleCoefExtra_256)
    twiddleCoefExtra_32                      0x080701d8   Data         256  arm_common_tables_extra.o(.rodata.twiddleCoefExtra_32)
    twiddleCoefExtra_4096                    0x080702d8   Data       32768  arm_common_tables_extra.o(.rodata.twiddleCoefExtra_4096)
    twiddleCoefExtra_512                     0x080782d8   Data        4096  arm_common_tables_extra.o(.rodata.twiddleCoefExtra_512)
    twiddleCoefExtra_64                      0x080792d8   Data         512  arm_common_tables_extra.o(.rodata.twiddleCoefExtra_64)
    twiddleCoefExtra_8192                    0x080794d8   Data       65536  arm_common_tables_extra.o(.rodata.twiddleCoefExtra_8192)
    Region$$Table$$Base                      0x080894d8   Number         0  anon$$obj.o(Region$$Table)
    Region$$Table$$Limit                     0x08089508   Number         0  anon$$obj.o(Region$$Table)
    adc1_buffer                              0x24000000   Data       16384  main.o(.AXI_SRAM)
    adc2_buffer                              0x24004000   Data       16384  main.o(.AXI_SRAM)
    FFTIN_Mix                                0x24008000   Data       32768  main.o(.AXI_SRAM)
    FFTIN_Inter                              0x24010000   Data       32768  main.o(.AXI_SRAM)
    FFTOUT_Mix                               0x24018000   Data       81920  main.o(.AXI_SRAM)
    FFTOUT_Inter                             0x2402c000   Data       81920  main.o(.AXI_SRAM)
    __microlib_freelist                      0x24040000   Data           4  mvars.o(.data)
    __microlib_freelist_initialised          0x24040004   Data           4  mvars.o(.data)
    SystemCoreClock                          0x2404000c   Data           4  system_stm32h7xx.o(.data.SystemCoreClock)
    SystemD2Clock                            0x24040010   Data           4  system_stm32h7xx.o(.data.SystemD2Clock)
    profile11                                0x24040014   Data           8  ad9910.o(.data.profile11)
    uwTickFreq                               0x2404001c   Data           1  stm32h7xx_hal.o(.data.uwTickFreq)
    uwTickPrio                               0x24040020   Data           4  stm32h7xx_hal.o(.data.uwTickPrio)
    Top3_Inter                               0x2404002c   Data           6  main.o(.bss.Top3_Inter)
    Top3_Mix                                 0x24040032   Data           6  main.o(.bss.Top3_Mix)
    dma_finish_adc1                          0x24040038   Data           1  main.o(.bss.dma_finish_adc1)
    dma_finish_adc2                          0x24040039   Data           1  main.o(.bss.dma_finish_adc2)
    hadc1                                    0x2404003c   Data         100  adc.o(.bss.hadc1)
    hadc2                                    0x240400a0   Data         100  adc.o(.bss.hadc2)
    hdma_adc1                                0x24040104   Data         120  adc.o(.bss.hdma_adc1)
    hdma_adc2                                0x2404017c   Data         120  adc.o(.bss.hdma_adc2)
    hdma_tim2_up                             0x240401f4   Data         120  tim.o(.bss.hdma_tim2_up)
    htim2                                    0x2404026c   Data          76  tim.o(.bss.htim2)
    htim3                                    0x240402b8   Data          76  tim.o(.bss.htim3)
    huart3                                   0x24040304   Data         148  usart.o(.bss.huart3)
    output                                   0x24040398   Data          28  main.o(.bss.output)
    uwTick                                   0x240403b4   Data           4  stm32h7xx_hal.o(.bss.uwTick)
    __heap_base                              0x240403b8   Data           0  startup_stm32h743xx.o(HEAP)
    __heap_limit                             0x240405b8   Data           0  startup_stm32h743xx.o(HEAP)
    __initial_sp                             0x240409b8   Data           0  startup_stm32h743xx.o(STACK)



==============================================================================

Memory Map of the image

  Image Entry point : 0x08000299

  Load Region LR_IROM1 (Base: 0x08000000, Size: 0x000cd530, Max: 0x00100000, ABSOLUTE, COMPRESSED[0x00089db4])

    Execution Region ER_IROM1 (Exec base: 0x08000000, Load base: 0x08000000, Size: 0x00089508, Max: 0x00100000, ABSOLUTE)

    Exec Addr    Load Addr    Size         Type   Attr      Idx    E Section Name        Object

    0x08000000   0x08000000   0x00000298   Data   RO            3    RESET               startup_stm32h743xx.o
    0x08000298   0x08000298   0x00000000   Code   RO         2212  * .ARM.Collect$$$$00000000  mc_w.l(entry.o)
    0x08000298   0x08000298   0x00000004   Code   RO         2325    .ARM.Collect$$$$00000001  mc_w.l(entry2.o)
    0x0800029c   0x0800029c   0x00000004   Code   RO         2328    .ARM.Collect$$$$00000004  mc_w.l(entry5.o)
    0x080002a0   0x080002a0   0x00000000   Code   RO         2330    .ARM.Collect$$$$00000008  mc_w.l(entry7b.o)
    0x080002a0   0x080002a0   0x00000000   Code   RO         2332    .ARM.Collect$$$$0000000A  mc_w.l(entry8b.o)
    0x080002a0   0x080002a0   0x00000008   Code   RO         2333    .ARM.Collect$$$$0000000B  mc_w.l(entry9a.o)
    0x080002a8   0x080002a8   0x00000000   Code   RO         2335    .ARM.Collect$$$$0000000D  mc_w.l(entry10a.o)
    0x080002a8   0x080002a8   0x00000000   Code   RO         2337    .ARM.Collect$$$$0000000F  mc_w.l(entry11a.o)
    0x080002a8   0x080002a8   0x00000004   Code   RO         2326    .ARM.Collect$$$$00002712  mc_w.l(entry2.o)
    0x080002ac   0x080002ac   0x0000002c   Code   RO            4    .text               startup_stm32h743xx.o
    0x080002d8   0x080002d8   0x00000854   Code   RO         2150    .text               arm_cortexM7l_math.lib(arm_cfft_radix8_f32.o)
    0x08000b2c   0x08000b2c   0x00000062   Code   RO         2215    .text               mc_w.l(uldiv.o)
    0x08000b8e   0x08000b8e   0x00000024   Code   RO         2217    .text               mc_w.l(memseta.o)
    0x08000bb2   0x08000bb2   0x000000b0   Code   RO         2275    .text               mf_w.l(fadd.o)
    0x08000c62   0x08000c62   0x00000064   Code   RO         2277    .text               mf_w.l(fmul.o)
    0x08000cc6   0x08000cc6   0x0000002c   Code   RO         2353    .text               mc_w.l(uidiv.o)
    0x08000cf2   0x08000cf2   0x0000001e   Code   RO         2355    .text               mc_w.l(llshl.o)
    0x08000d10   0x08000d10   0x00000020   Code   RO         2357    .text               mc_w.l(llushr.o)
    0x08000d30   0x08000d30   0x00000000   Code   RO         2372    .text               mc_w.l(iusefp.o)
    0x08000d30   0x08000d30   0x0000006e   Code   RO         2373    .text               mf_w.l(fepilogue.o)
    0x08000d9e   0x08000d9e   0x0000014e   Code   RO         2375    .text               mf_w.l(dadd.o)
    0x08000eec   0x08000eec   0x000000e4   Code   RO         2377    .text               mf_w.l(dmul.o)
    0x08000fd0   0x08000fd0   0x000000de   Code   RO         2379    .text               mf_w.l(ddiv.o)
    0x080010ae   0x080010ae   0x00000030   Code   RO         2381    .text               mf_w.l(dfixul.o)
    0x080010de   0x080010de   0x00000002   PAD
    0x080010e0   0x080010e0   0x00000030   Code   RO         2383    .text               mf_w.l(cdrcmple.o)
    0x08001110   0x08001110   0x00000030   Code   RO         2389    .text               mc_w.l(init.o)
    0x08001140   0x08001140   0x00000024   Code   RO         2392    .text               mc_w.l(llsshr.o)
    0x08001164   0x08001164   0x000000ba   Code   RO         2395    .text               mf_w.l(depilogue.o)
    0x0800121e   0x0800121e   0x0000003a   Code   RO         2405    .text               mc_w.l(__dczerorl.o)
    0x08001258   0x08001258   0x00000028   Code   RO         1929    .text.AD9910_AmpWrite  ad9910.o
    0x08001280   0x08001280   0x00000050   Code   RO         1927    .text.AD9910_FreWrite  ad9910.o
    0x080012d0   0x080012d0   0x00000218   Code   RO          173    .text.ADC_ConfigureBoostMode  stm32h7xx_hal_adc.o
    0x080014e8   0x080014e8   0x00000192   Code   RO          177    .text.ADC_ConversionStop  stm32h7xx_hal_adc.o
    0x0800167a   0x0800167a   0x00000006   PAD
    0x08001680   0x08001680   0x000000d2   Code   RO          207    .text.ADC_DMAConvCplt  stm32h7xx_hal_adc.o
    0x08001752   0x08001752   0x00000006   PAD
    0x08001758   0x08001758   0x0000002a   Code   RO          211    .text.ADC_DMAError  stm32h7xx_hal_adc.o
    0x08001782   0x08001782   0x00000006   PAD
    0x08001788   0x08001788   0x00000016   Code   RO          209    .text.ADC_DMAHalfConvCplt  stm32h7xx_hal_adc.o
    0x0800179e   0x0800179e   0x00000002   PAD
    0x080017a0   0x080017a0   0x000000c4   Code   RO          179    .text.ADC_Disable   stm32h7xx_hal_adc.o
    0x08001864   0x08001864   0x00000004   PAD
    0x08001868   0x08001868   0x00000148   Code   RO          187    .text.ADC_Enable    stm32h7xx_hal_adc.o
    0x080019b0   0x080019b0   0x00000168   Code   RO           11    .text.App_process   main.o
    0x08001b18   0x08001b18   0x00000004   Code   RO          118    .text.BusFault_Handler  stm32h7xx_it.o
    0x08001b1c   0x08001b1c   0x00000004   PAD
    0x08001b20   0x08001b20   0x00000010   Code   RO          130    .text.DMA1_Stream0_IRQHandler  stm32h7xx_it.o
    0x08001b30   0x08001b30   0x00000010   Code   RO          132    .text.DMA1_Stream1_IRQHandler  stm32h7xx_it.o
    0x08001b40   0x08001b40   0x00000010   Code   RO          134    .text.DMA1_Stream2_IRQHandler  stm32h7xx_it.o
    0x08001b50   0x08001b50   0x000001ca   Code   RO          668    .text.DMA_CalcBaseAndBitshift  stm32h7xx_hal_dma.o
    0x08001d1a   0x08001d1a   0x00000006   PAD
    0x08001d20   0x08001d20   0x00000178   Code   RO          670    .text.DMA_CalcDMAMUXChannelBaseAndMask  stm32h7xx_hal_dma.o
    0x08001e98   0x08001e98   0x0000012a   Code   RO          672    .text.DMA_CalcDMAMUXRequestGenBaseAndMask  stm32h7xx_hal_dma.o
    0x08001fc2   0x08001fc2   0x00000006   PAD
    0x08001fc8   0x08001fc8   0x000000f0   Code   RO          666    .text.DMA_CheckFifoParam  stm32h7xx_hal_dma.o
    0x080020b8   0x080020b8   0x00000514   Code   RO          678    .text.DMA_SetConfig  stm32h7xx_hal_dma.o
    0x080025cc   0x080025cc   0x00000004   PAD
    0x080025d0   0x080025d0   0x00000002   Code   RO          124    .text.DebugMon_Handler  stm32h7xx_it.o
    0x080025d2   0x080025d2   0x00000006   PAD
    0x080025d8   0x080025d8   0x00000024   Code   RO           21    .text.Error_Handler  main.o
    0x080025fc   0x080025fc   0x00000004   PAD
    0x08002600   0x08002600   0x00000028   Code   RO         1849    .text.ExitRun0Mode  system_stm32h7xx.o
    0x08002628   0x08002628   0x000000ba   Code   RO         1861    .text.FFT_Task      tasks.o
    0x080026e2   0x080026e2   0x00000006   PAD
    0x080026e8   0x080026e8   0x00000224   Code   RO         1897    .text.Find_Vpp      fftana.o
    0x0800290c   0x0800290c   0x00000004   PAD
    0x08002910   0x08002910   0x000000dc   Code   RO         1911    .text.Freq_Analysis_Split  signalseperation.o
    0x080029ec   0x080029ec   0x00000004   PAD
    0x080029f0   0x080029f0   0x00000292   Code   RO          392    .text.HAL_ADCEx_MultiModeConfigChannel  stm32h7xx_hal_adc_ex.o
    0x08002c82   0x08002c82   0x00000006   PAD
    0x08002c88   0x08002c88   0x00000872   Code   RO          231    .text.HAL_ADC_ConfigChannel  stm32h7xx_hal_adc.o
    0x080034fa   0x080034fa   0x00000006   PAD
    0x08003500   0x08003500   0x00000048   Code   RO           23    .text.HAL_ADC_ConvCpltCallback  main.o
    0x08003548   0x08003548   0x00000008   Code   RO          229    .text.HAL_ADC_ConvHalfCpltCallback  stm32h7xx_hal_adc.o
    0x08003550   0x08003550   0x00000008   Code   RO          227    .text.HAL_ADC_ErrorCallback  stm32h7xx_hal_adc.o
    0x08003558   0x08003558   0x000003c8   Code   RO          153    .text.HAL_ADC_Init  stm32h7xx_hal_adc.o
    0x08003920   0x08003920   0x000001c8   Code   RO           54    .text.HAL_ADC_MspInit  adc.o
    0x08003ae8   0x08003ae8   0x000001dc   Code   RO          205    .text.HAL_ADC_Start_DMA  stm32h7xx_hal_adc.o
    0x08003cc4   0x08003cc4   0x00000004   PAD
    0x08003cc8   0x08003cc8   0x000000e0   Code   RO          215    .text.HAL_ADC_Stop_DMA  stm32h7xx_hal_adc.o
    0x08003da8   0x08003da8   0x00000978   Code   RO          682    .text.HAL_DMA_Abort  stm32h7xx_hal_dma.o
    0x08004720   0x08004720   0x000006aa   Code   RO          684    .text.HAL_DMA_Abort_IT  stm32h7xx_hal_dma.o
    0x08004dca   0x08004dca   0x00000006   PAD
    0x08004dd0   0x08004dd0   0x000011c0   Code   RO          688    .text.HAL_DMA_IRQHandler  stm32h7xx_hal_dma.o
    0x08005f90   0x08005f90   0x00000962   Code   RO          664    .text.HAL_DMA_Init  stm32h7xx_hal_dma.o
    0x080068f2   0x080068f2   0x00000006   PAD
    0x080068f8   0x080068f8   0x00000702   Code   RO          680    .text.HAL_DMA_Start_IT  stm32h7xx_hal_dma.o
    0x08006ffa   0x08006ffa   0x00000006   PAD
    0x08007000   0x08007000   0x00000042   Code   RO         1005    .text.HAL_Delay     stm32h7xx_hal.o
    0x08007042   0x08007042   0x00000006   PAD
    0x08007048   0x08007048   0x000003c4   Code   RO          612    .text.HAL_GPIO_Init  stm32h7xx_hal_gpio.o
    0x0800740c   0x0800740c   0x00000004   PAD
    0x08007410   0x08007410   0x0000002e   Code   RO          616    .text.HAL_GPIO_ReadPin  stm32h7xx_hal_gpio.o
    0x0800743e   0x0800743e   0x00000002   PAD
    0x08007440   0x08007440   0x0000002e   Code   RO          618    .text.HAL_GPIO_WritePin  stm32h7xx_hal_gpio.o
    0x0800746e   0x0800746e   0x00000002   PAD
    0x08007470   0x08007470   0x0000000e   Code   RO         1013    .text.HAL_GetREVID  stm32h7xx_hal.o
    0x0800747e   0x0800747e   0x00000002   PAD
    0x08007480   0x08007480   0x0000000c   Code   RO          997    .text.HAL_GetTick   stm32h7xx_hal.o
    0x0800748c   0x0800748c   0x00000004   PAD
    0x08007490   0x08007490   0x0000001a   Code   RO          995    .text.HAL_IncTick   stm32h7xx_hal.o
    0x080074aa   0x080074aa   0x00000006   PAD
    0x080074b0   0x080074b0   0x0000007a   Code   RO          985    .text.HAL_Init      stm32h7xx_hal.o
    0x0800752a   0x0800752a   0x00000006   PAD
    0x08007530   0x08007530   0x00000086   Code   RO          987    .text.HAL_InitTick  stm32h7xx_hal.o
    0x080075b6   0x080075b6   0x00000002   PAD
    0x080075b8   0x080075b8   0x00000080   Code   RO          944    .text.HAL_MPU_ConfigRegion  stm32h7xx_hal_cortex.o
    0x08007638   0x08007638   0x00000022   Code   RO          936    .text.HAL_MPU_Disable  stm32h7xx_hal_cortex.o
    0x0800765a   0x0800765a   0x00000006   PAD
    0x08007660   0x08007660   0x00000030   Code   RO          938    .text.HAL_MPU_Enable  stm32h7xx_hal_cortex.o
    0x08007690   0x08007690   0x00000024   Code   RO          145    .text.HAL_MspInit   stm32h7xx_hal_msp.o
    0x080076b4   0x080076b4   0x00000004   PAD
    0x080076b8   0x080076b8   0x00000014   Code   RO          920    .text.HAL_NVIC_EnableIRQ  stm32h7xx_hal_cortex.o
    0x080076cc   0x080076cc   0x00000004   PAD
    0x080076d0   0x080076d0   0x0000002e   Code   RO          912    .text.HAL_NVIC_SetPriority  stm32h7xx_hal_cortex.o
    0x080076fe   0x080076fe   0x00000002   PAD
    0x08007700   0x08007700   0x00000010   Code   RO          908    .text.HAL_NVIC_SetPriorityGrouping  stm32h7xx_hal_cortex.o
    0x08007710   0x08007710   0x000000a2   Code   RO          821    .text.HAL_PWREx_ConfigSupply  stm32h7xx_hal_pwr_ex.o
    0x080077b2   0x080077b2   0x00000006   PAD
    0x080077b8   0x080077b8   0x00000026   Code   RO          466    .text.HAL_RCCEx_GetD3PCLK1Freq  stm32h7xx_hal_rcc_ex.o
    0x080077de   0x080077de   0x00000002   PAD
    0x080077e0   0x080077e0   0x00000298   Code   RO          460    .text.HAL_RCCEx_GetPLL1ClockFreq  stm32h7xx_hal_rcc_ex.o
    0x08007a78   0x08007a78   0x00000298   Code   RO          462    .text.HAL_RCCEx_GetPLL2ClockFreq  stm32h7xx_hal_rcc_ex.o
    0x08007d10   0x08007d10   0x00000298   Code   RO          464    .text.HAL_RCCEx_GetPLL3ClockFreq  stm32h7xx_hal_rcc_ex.o
    0x08007fa8   0x08007fa8   0x00000c4a   Code   RO          458    .text.HAL_RCCEx_GetPeriphCLKFreq  stm32h7xx_hal_rcc_ex.o
    0x08008bf2   0x08008bf2   0x00000006   PAD
    0x08008bf8   0x08008bf8   0x000010a0   Code   RO          450    .text.HAL_RCCEx_PeriphCLKConfig  stm32h7xx_hal_rcc_ex.o
    0x08009c98   0x08009c98   0x00000498   Code   RO          419    .text.HAL_RCC_ClockConfig  stm32h7xx_hal_rcc.o
    0x0800a130   0x0800a130   0x00000056   Code   RO          429    .text.HAL_RCC_GetHCLKFreq  stm32h7xx_hal_rcc.o
    0x0800a186   0x0800a186   0x00000002   PAD
    0x0800a188   0x0800a188   0x00000026   Code   RO          431    .text.HAL_RCC_GetPCLK1Freq  stm32h7xx_hal_rcc.o
    0x0800a1ae   0x0800a1ae   0x00000002   PAD
    0x0800a1b0   0x0800a1b0   0x00000026   Code   RO          433    .text.HAL_RCC_GetPCLK2Freq  stm32h7xx_hal_rcc.o
    0x0800a1d6   0x0800a1d6   0x00000002   PAD
    0x0800a1d8   0x0800a1d8   0x000002fc   Code   RO          421    .text.HAL_RCC_GetSysClockFreq  stm32h7xx_hal_rcc.o
    0x0800a4d4   0x0800a4d4   0x00000004   PAD
    0x0800a4d8   0x0800a4d8   0x00000b58   Code   RO          417    .text.HAL_RCC_OscConfig  stm32h7xx_hal_rcc.o
    0x0800b030   0x0800b030   0x00000010   Code   RO          932    .text.HAL_SYSTICK_Config  stm32h7xx_hal_cortex.o
    0x0800b040   0x0800b040   0x00000158   Code   RO         1621    .text.HAL_TIMEx_MasterConfigSynchronization  stm32h7xx_hal_tim_ex.o
    0x0800b198   0x0800b198   0x000000a8   Code   RO         1304    .text.HAL_TIM_Base_Init  stm32h7xx_hal_tim.o
    0x0800b240   0x0800b240   0x000000c0   Code   RO           84    .text.HAL_TIM_Base_MspInit  tim.o
    0x0800b300   0x0800b300   0x000000f8   Code   RO         1314    .text.HAL_TIM_Base_Start  stm32h7xx_hal_tim.o
    0x0800b3f8   0x0800b3f8   0x00000046   Code   RO         1316    .text.HAL_TIM_Base_Stop  stm32h7xx_hal_tim.o
    0x0800b43e   0x0800b43e   0x00000002   PAD
    0x0800b440   0x0800b440   0x000001d0   Code   RO         1500    .text.HAL_TIM_ConfigClockSource  stm32h7xx_hal_tim.o
    0x0800b610   0x0800b610   0x0000005e   Code   RO           80    .text.HAL_TIM_MspPostInit  tim.o
    0x0800b66e   0x0800b66e   0x00000002   PAD
    0x0800b670   0x0800b670   0x000001b0   Code   RO         1474    .text.HAL_TIM_PWM_ConfigChannel  stm32h7xx_hal_tim.o
    0x0800b820   0x0800b820   0x000000a8   Code   RO         1358    .text.HAL_TIM_PWM_Init  stm32h7xx_hal_tim.o
    0x0800b8c8   0x0800b8c8   0x00000008   Code   RO         1360    .text.HAL_TIM_PWM_MspInit  stm32h7xx_hal_tim.o
    0x0800b8d0   0x0800b8d0   0x0000007c   Code   RO         1822    .text.HAL_UARTEx_DisableFifoMode  stm32h7xx_hal_uart_ex.o
    0x0800b94c   0x0800b94c   0x00000004   PAD
    0x0800b950   0x0800b950   0x0000000c   Code   RO         1746    .text.HAL_UARTEx_RxEventCallback  stm32h7xx_hal_uart.o
    0x0800b95c   0x0800b95c   0x00000004   PAD
    0x0800b960   0x0800b960   0x00000008   Code   RO         1804    .text.HAL_UARTEx_RxFifoFullCallback  stm32h7xx_hal_uart_ex.o
    0x0800b968   0x0800b968   0x0000008c   Code   RO         1826    .text.HAL_UARTEx_SetRxFifoThreshold  stm32h7xx_hal_uart_ex.o
    0x0800b9f4   0x0800b9f4   0x00000004   PAD
    0x0800b9f8   0x0800b9f8   0x0000008c   Code   RO         1824    .text.HAL_UARTEx_SetTxFifoThreshold  stm32h7xx_hal_uart_ex.o
    0x0800ba84   0x0800ba84   0x00000004   PAD
    0x0800ba88   0x0800ba88   0x00000008   Code   RO         1806    .text.HAL_UARTEx_TxFifoEmptyCallback  stm32h7xx_hal_uart_ex.o
    0x0800ba90   0x0800ba90   0x00000008   Code   RO         1802    .text.HAL_UARTEx_WakeupCallback  stm32h7xx_hal_uart_ex.o
    0x0800ba98   0x0800ba98   0x00000008   Code   RO         1744    .text.HAL_UART_ErrorCallback  stm32h7xx_hal_uart.o
    0x0800baa0   0x0800baa0   0x000006fe   Code   RO         1740    .text.HAL_UART_IRQHandler  stm32h7xx_hal_uart.o
    0x0800c19e   0x0800c19e   0x00000002   PAD
    0x0800c1a0   0x0800c1a0   0x000000aa   Code   RO         1652    .text.HAL_UART_Init  stm32h7xx_hal_uart.o
    0x0800c24a   0x0800c24a   0x00000006   PAD
    0x0800c250   0x0800c250   0x000000be   Code   RO          100    .text.HAL_UART_MspInit  usart.o
    0x0800c30e   0x0800c30e   0x00000002   PAD
    0x0800c310   0x0800c310   0x00000138   Code   RO         1672    .text.HAL_UART_Transmit  stm32h7xx_hal_uart.o
    0x0800c448   0x0800c448   0x00000008   Code   RO         1750    .text.HAL_UART_TxCpltCallback  stm32h7xx_hal_uart.o
    0x0800c450   0x0800c450   0x00000064   Code   RO         1985    .text.HMI_Init      hmi.o
    0x0800c4b4   0x0800c4b4   0x00000004   PAD
    0x0800c4b8   0x0800c4b8   0x0000001c   Code   RO         1971    .text.HMI_send_string  hmi.o
    0x0800c4d4   0x0800c4d4   0x00000004   PAD
    0x0800c4d8   0x0800c4d8   0x00000004   Code   RO          114    .text.HardFault_Handler  stm32h7xx_it.o
    0x0800c4dc   0x0800c4dc   0x00000004   PAD
    0x0800c4e0   0x0800c4e0   0x0000028e   Code   RO         1923    .text.Init_AD9910   ad9910.o
    0x0800c76e   0x0800c76e   0x00000002   PAD
    0x0800c770   0x0800c770   0x0000001c   Code   RO          285    .text.LL_ADC_Disable  stm32h7xx_hal_adc.o
    0x0800c78c   0x0800c78c   0x00000004   PAD
    0x0800c790   0x0800c790   0x00000018   Code   RO          159    .text.LL_ADC_DisableDeepPowerDown  stm32h7xx_hal_adc.o
    0x0800c7a8   0x0800c7a8   0x0000001c   Code   RO          283    .text.LL_ADC_Enable  stm32h7xx_hal_adc.o
    0x0800c7c4   0x0800c7c4   0x00000004   PAD
    0x0800c7c8   0x0800c7c8   0x0000001e   Code   RO          163    .text.LL_ADC_EnableInternalRegulator  stm32h7xx_hal_adc.o
    0x0800c7e6   0x0800c7e6   0x00000002   PAD
    0x0800c7e8   0x0800c7e8   0x00000010   Code   RO          247    .text.LL_ADC_GetCommonPathInternalCh  stm32h7xx_hal_adc.o
    0x0800c7f8   0x0800c7f8   0x00000010   Code   RO          185    .text.LL_ADC_GetMultimode  stm32h7xx_hal_adc.o
    0x0800c808   0x0800c808   0x00000010   Code   RO          171    .text.LL_ADC_INJ_IsConversionOngoing  stm32h7xx_hal_adc.o
    0x0800c818   0x0800c818   0x0000001c   Code   RO          281    .text.LL_ADC_INJ_StopConversion  stm32h7xx_hal_adc.o
    0x0800c834   0x0800c834   0x00000004   PAD
    0x0800c838   0x0800c838   0x00000010   Code   RO          157    .text.LL_ADC_IsDeepPowerDownEnabled  stm32h7xx_hal_adc.o
    0x0800c848   0x0800c848   0x00000010   Code   RO          277    .text.LL_ADC_IsDisableOngoing  stm32h7xx_hal_adc.o
    0x0800c858   0x0800c858   0x00000010   Code   RO          167    .text.LL_ADC_IsEnabled  stm32h7xx_hal_adc.o
    0x0800c868   0x0800c868   0x00000010   Code   RO          306    .text.LL_ADC_IsEnabled  stm32h7xx_hal_adc_ex.o
    0x0800c878   0x0800c878   0x00000010   Code   RO          161    .text.LL_ADC_IsInternalRegulatorEnabled  stm32h7xx_hal_adc.o
    0x0800c888   0x0800c888   0x00000010   Code   RO          165    .text.LL_ADC_REG_IsConversionOngoing  stm32h7xx_hal_adc.o
    0x0800c898   0x0800c898   0x00000010   Code   RO          308    .text.LL_ADC_REG_IsConversionOngoing  stm32h7xx_hal_adc_ex.o
    0x0800c8a8   0x0800c8a8   0x00000016   Code   RO          197    .text.LL_ADC_REG_IsTriggerSourceSWStart  stm32h7xx_hal_adc.o
    0x0800c8be   0x0800c8be   0x00000002   PAD
    0x0800c8c0   0x0800c8c0   0x0000001a   Code   RO          213    .text.LL_ADC_REG_SetDataTransferMode  stm32h7xx_hal_adc.o
    0x0800c8da   0x0800c8da   0x00000006   PAD
    0x0800c8e0   0x0800c8e0   0x0000003a   Code   RO          233    .text.LL_ADC_REG_SetSequencerRanks  stm32h7xx_hal_adc.o
    0x0800c91a   0x0800c91a   0x00000006   PAD
    0x0800c920   0x0800c920   0x0000001c   Code   RO          189    .text.LL_ADC_REG_StartConversion  stm32h7xx_hal_adc.o
    0x0800c93c   0x0800c93c   0x00000004   PAD
    0x0800c940   0x0800c940   0x0000001c   Code   RO          279    .text.LL_ADC_REG_StopConversion  stm32h7xx_hal_adc.o
    0x0800c95c   0x0800c95c   0x00000004   PAD
    0x0800c960   0x0800c960   0x0000005a   Code   RO          245    .text.LL_ADC_SetChannelPreselection  stm32h7xx_hal_adc.o
    0x0800c9ba   0x0800c9ba   0x00000006   PAD
    0x0800c9c0   0x0800c9c0   0x00000036   Code   RO          235    .text.LL_ADC_SetChannelSamplingTime  stm32h7xx_hal_adc.o
    0x0800c9f6   0x0800c9f6   0x00000002   PAD
    0x0800c9f8   0x0800c9f8   0x00000034   Code   RO          243    .text.LL_ADC_SetChannelSingleDiff  stm32h7xx_hal_adc.o
    0x0800ca2c   0x0800ca2c   0x00000004   PAD
    0x0800ca30   0x0800ca30   0x0000001a   Code   RO          169    .text.LL_ADC_SetCommonClock  stm32h7xx_hal_adc.o
    0x0800ca4a   0x0800ca4a   0x00000006   PAD
    0x0800ca50   0x0800ca50   0x0000001a   Code   RO          249    .text.LL_ADC_SetCommonPathInternalCh  stm32h7xx_hal_adc.o
    0x0800ca6a   0x0800ca6a   0x00000006   PAD
    0x0800ca70   0x0800ca70   0x00000024   Code   RO          241    .text.LL_ADC_SetDataRightShift  stm32h7xx_hal_adc.o
    0x0800ca94   0x0800ca94   0x00000004   PAD
    0x0800ca98   0x0800ca98   0x00000032   Code   RO          237    .text.LL_ADC_SetOffset  stm32h7xx_hal_adc.o
    0x0800caca   0x0800caca   0x00000006   PAD
    0x0800cad0   0x0800cad0   0x00000028   Code   RO          239    .text.LL_ADC_SetOffsetSignedSaturation  stm32h7xx_hal_adc.o
    0x0800caf8   0x0800caf8   0x0000005a   Code   RO           15    .text.MPU_Config    main.o
    0x0800cb52   0x0800cb52   0x00000006   PAD
    0x0800cb58   0x0800cb58   0x000000c6   Code   RO           50    .text.MX_ADC1_Init  adc.o
    0x0800cc1e   0x0800cc1e   0x00000002   PAD
    0x0800cc20   0x0800cc20   0x000000a4   Code   RO           52    .text.MX_ADC2_Init  adc.o
    0x0800ccc4   0x0800ccc4   0x00000004   PAD
    0x0800ccc8   0x0800ccc8   0x0000005e   Code   RO           70    .text.MX_DMA_Init   dma.o
    0x0800cd26   0x0800cd26   0x00000002   PAD
    0x0800cd28   0x0800cd28   0x000001b2   Code   RO           42    .text.MX_GPIO_Init  gpio.o
    0x0800ceda   0x0800ceda   0x00000006   PAD
    0x0800cee0   0x0800cee0   0x000000de   Code   RO           78    .text.MX_TIM2_Init  tim.o
    0x0800cfbe   0x0800cfbe   0x00000002   PAD
    0x0800cfc0   0x0800cfc0   0x0000008a   Code   RO           82    .text.MX_TIM3_Init  tim.o
    0x0800d04a   0x0800d04a   0x00000006   PAD
    0x0800d050   0x0800d050   0x0000008e   Code   RO           98    .text.MX_USART3_UART_Init  usart.o
    0x0800d0de   0x0800d0de   0x00000002   PAD
    0x0800d0e0   0x0800d0e0   0x000000ae   Code   RO         1901    .text.Max_Harmonic_Find  fftana.o
    0x0800d18e   0x0800d18e   0x00000002   PAD
    0x0800d190   0x0800d190   0x00000094   Code   RO         1891    .text.Max_Three_Find  fftana.o
    0x0800d224   0x0800d224   0x00000004   PAD
    0x0800d228   0x0800d228   0x00000004   Code   RO          116    .text.MemManage_Handler  stm32h7xx_it.o
    0x0800d22c   0x0800d22c   0x00000004   PAD
    0x0800d230   0x0800d230   0x00000004   Code   RO          112    .text.NMI_Handler   stm32h7xx_it.o
    0x0800d234   0x0800d234   0x00000004   PAD
    0x0800d238   0x0800d238   0x0000006c   Code   RO          918    .text.NVIC_EncodePriority  stm32h7xx_hal_cortex.o
    0x0800d2a4   0x0800d2a4   0x00000004   PAD
    0x0800d2a8   0x0800d2a8   0x00000002   Code   RO          126    .text.PendSV_Handler  stm32h7xx_it.o
    0x0800d2aa   0x0800d2aa   0x00000006   PAD
    0x0800d2b0   0x0800d2b0   0x0000004c   Code   RO           19    .text.PeriphCommonClock_Config  main.o
    0x0800d2fc   0x0800d2fc   0x00000004   PAD
    0x0800d300   0x0800d300   0x000001ca   Code   RO          452    .text.RCCEx_PLL2_Config  stm32h7xx_hal_rcc_ex.o
    0x0800d4ca   0x0800d4ca   0x00000006   PAD
    0x0800d4d0   0x0800d4d0   0x000001ca   Code   RO          454    .text.RCCEx_PLL3_Config  stm32h7xx_hal_rcc_ex.o
    0x0800d69a   0x0800d69a   0x00000006   PAD
    0x0800d6a0   0x0800d6a0   0x000000fc   Code   RO         1893    .text.Rec_wavetype  fftana.o
    0x0800d79c   0x0800d79c   0x00000004   PAD
    0x0800d7a0   0x0800d7a0   0x00000002   Code   RO          122    .text.SVC_Handler   stm32h7xx_it.o
    0x0800d7a2   0x0800d7a2   0x00000006   PAD
    0x0800d7a8   0x0800d7a8   0x0000003c   Code   RO         1863    .text.Send_Wave     tasks.o
    0x0800d7e4   0x0800d7e4   0x00000004   PAD
    0x0800d7e8   0x0800d7e8   0x00000052   Code   RO          934    .text.SysTick_Config  stm32h7xx_hal_cortex.o
    0x0800d83a   0x0800d83a   0x00000006   PAD
    0x0800d840   0x0800d840   0x00000008   Code   RO          128    .text.SysTick_Handler  stm32h7xx_it.o
    0x0800d848   0x0800d848   0x000000e6   Code   RO           17    .text.SystemClock_Config  main.o
    0x0800d92e   0x0800d92e   0x00000002   PAD
    0x0800d930   0x0800d930   0x0000018c   Code   RO         1845    .text.SystemInit    system_stm32h7xx.o
    0x0800dabc   0x0800dabc   0x00000004   PAD
    0x0800dac0   0x0800dac0   0x000001a4   Code   RO         1308    .text.TIM_Base_SetConfig  stm32h7xx_hal_tim.o
    0x0800dc64   0x0800dc64   0x00000004   PAD
    0x0800dc68   0x0800dc68   0x00000034   Code   RO         1498    .text.TIM_ETR_SetConfig  stm32h7xx_hal_tim.o
    0x0800dc9c   0x0800dc9c   0x00000004   PAD
    0x0800dca0   0x0800dca0   0x00000030   Code   RO         1504    .text.TIM_ITRx_SetConfig  stm32h7xx_hal_tim.o
    0x0800dcd0   0x0800dcd0   0x00000150   Code   RO         1452    .text.TIM_OC1_SetConfig  stm32h7xx_hal_tim.o
    0x0800de20   0x0800de20   0x0000016c   Code   RO         1454    .text.TIM_OC2_SetConfig  stm32h7xx_hal_tim.o
    0x0800df8c   0x0800df8c   0x00000004   PAD
    0x0800df90   0x0800df90   0x0000016a   Code   RO         1456    .text.TIM_OC3_SetConfig  stm32h7xx_hal_tim.o
    0x0800e0fa   0x0800e0fa   0x00000006   PAD
    0x0800e100   0x0800e100   0x000000da   Code   RO         1458    .text.TIM_OC4_SetConfig  stm32h7xx_hal_tim.o
    0x0800e1da   0x0800e1da   0x00000006   PAD
    0x0800e1e0   0x0800e1e0   0x000000d0   Code   RO         1460    .text.TIM_OC5_SetConfig  stm32h7xx_hal_tim.o
    0x0800e2b0   0x0800e2b0   0x000000d2   Code   RO         1462    .text.TIM_OC6_SetConfig  stm32h7xx_hal_tim.o
    0x0800e382   0x0800e382   0x00000006   PAD
    0x0800e388   0x0800e388   0x00000050   Code   RO         1502    .text.TIM_TI1_ConfigInputStage  stm32h7xx_hal_tim.o
    0x0800e3d8   0x0800e3d8   0x00000052   Code   RO         1506    .text.TIM_TI2_ConfigInputStage  stm32h7xx_hal_tim.o
    0x0800e42a   0x0800e42a   0x00000006   PAD
    0x0800e430   0x0800e430   0x00000082   Code   RO         1925    .text.Txfrc         ad9910.o
    0x0800e4b2   0x0800e4b2   0x00000006   PAD
    0x0800e4b8   0x0800e4b8   0x00000086   Code   RO         1973    .text.UART3_Printf  hmi.o
    0x0800e53e   0x0800e53e   0x00000002   PAD
    0x0800e540   0x0800e540   0x00000086   Code   RO         1820    .text.UARTEx_SetNbDataToProcess  stm32h7xx_hal_uart_ex.o
    0x0800e5c6   0x0800e5c6   0x00000002   PAD
    0x0800e5c8   0x0800e5c8   0x00000148   Code   RO         1656    .text.UART_AdvFeatureConfig  stm32h7xx_hal_uart.o
    0x0800e710   0x0800e710   0x00000146   Code   RO         1660    .text.UART_CheckIdleState  stm32h7xx_hal_uart.o
    0x0800e856   0x0800e856   0x00000002   PAD
    0x0800e858   0x0800e858   0x0000001e   Code   RO         1742    .text.UART_DMAAbortOnError  stm32h7xx_hal_uart.o
    0x0800e876   0x0800e876   0x00000002   PAD
    0x0800e878   0x0800e878   0x0000009e   Code   RO         1712    .text.UART_EndRxTransfer  stm32h7xx_hal_uart.o
    0x0800e916   0x0800e916   0x00000002   PAD
    0x0800e918   0x0800e918   0x00000044   Code   RO         1748    .text.UART_EndTransmit_IT  stm32h7xx_hal_uart.o
    0x0800e95c   0x0800e95c   0x00000004   PAD
    0x0800e960   0x0800e960   0x00000922   Code   RO         1658    .text.UART_SetConfig  stm32h7xx_hal_uart.o
    0x0800f282   0x0800f282   0x00000006   PAD
    0x0800f288   0x0800f288   0x0000010c   Code   RO         1674    .text.UART_WaitOnFlagUntilTimeout  stm32h7xx_hal_uart.o
    0x0800f394   0x0800f394   0x00000004   PAD
    0x0800f398   0x0800f398   0x00000010   Code   RO          136    .text.USART3_IRQHandler  stm32h7xx_it.o
    0x0800f3a8   0x0800f3a8   0x000002a0   Code   RO         1865    .text.USART_Task    tasks.o
    0x0800f648   0x0800f648   0x00000004   Code   RO          120    .text.UsageFault_Handler  stm32h7xx_it.o
    0x0800f64c   0x0800f64c   0x00000004   PAD
    0x0800f650   0x0800f650   0x00000030   Code   RO          922    .text.__NVIC_EnableIRQ  stm32h7xx_hal_cortex.o
    0x0800f680   0x0800f680   0x00000010   Code   RO          914    .text.__NVIC_GetPriorityGrouping  stm32h7xx_hal_cortex.o
    0x0800f690   0x0800f690   0x00000042   Code   RO          916    .text.__NVIC_SetPriority  stm32h7xx_hal_cortex.o
    0x0800f6d2   0x0800f6d2   0x00000006   PAD
    0x0800f6d8   0x0800f6d8   0x0000003c   Code   RO          910    .text.__NVIC_SetPriorityGrouping  stm32h7xx_hal_cortex.o
    0x0800f714   0x0800f714   0x00000004   PAD
    0x0800f718   0x0800f718   0x0000008e   Code   RO         2025    .text.arm_bitreversal_32_extra  arm_bitreversal2_extra.o
    0x0800f7a6   0x0800f7a6   0x00000002   PAD
    0x0800f7a8   0x0800f7a8   0x0000017e   Code   RO         2037    .text.arm_cfft_f32_extra  arm_cfft_f32_extra.o
    0x0800f926   0x0800f926   0x00000002   PAD
    0x0800f928   0x0800f928   0x000003ea   Code   RO         2033    .text.arm_cfft_radix8by2_f32_extra  arm_cfft_f32_extra.o
    0x0800fd12   0x0800fd12   0x00000006   PAD
    0x0800fd18   0x0800fd18   0x00000a60   Code   RO         2035    .text.arm_cfft_radix8by4_f32_extra  arm_cfft_f32_extra.o
    0x08010778   0x08010778   0x00000160   Code   RO         1881    .text.fft_process   fftana.o
    0x080108d8   0x080108d8   0x00000108   Code   RO         1879    .text.get_fft_num   fftana.o
    0x080109e0   0x080109e0   0x00000064   Code   RO         1883    .text.get_freqaxis  fftana.o
    0x08010a44   0x08010a44   0x00000004   PAD
    0x08010a48   0x08010a48   0x000002a4   Code   RO         1887    .text.get_max_3     fftana.o
    0x08010cec   0x08010cec   0x00000004   PAD
    0x08010cf0   0x08010cf0   0x00000168   Code   RO           13    .text.main          main.o
    0x08010e58   0x08010e58   0x000000b8   Code   RO         1875    .text.process_data  fftana.o
    0x08010f10   0x08010f10   0x000000b8   Code   RO         2014    .text.process_data_decay  ad9220.o
    0x08010fc8   0x08010fc8   0x000000ae   Code   RO         1885    .text.regurlize_mag  fftana.o
    0x08011076   0x08011076   0x00000002   PAD
    0x08011078   0x08011078   0x0000008c   Code   RO         1921    .text.txd_8bit      ad9910.o
    0x08011104   0x08011104   0x00000028   Code   RO         2222    i.__0sprintf        mc_w.l(printfa.o)
    0x0801112c   0x0801112c   0x00000034   Code   RO         2225    i.__0vsnprintf      mc_w.l(printfa.o)
    0x08011160   0x08011160   0x00000030   Code   RO         2385    i.__ARM_fpclassify  m_wv.l(fpclassify.o)
    0x08011190   0x08011190   0x000001d4   Code   RO         2281    i.__hardfp_atan     m_wv.l(atan.o)
    0x08011364   0x08011364   0x00000004   PAD
    0x08011368   0x08011368   0x000001c8   Code   RO         2194    i.__hardfp_atan2    m_wv.l(atan2.o)
    0x08011530   0x08011530   0x0000003a   Code   RO         2206    i.__hardfp_sqrtf    m_wv.l(sqrtf.o)
    0x0801156a   0x0801156a   0x00000070   Code   RO         2387    i.__kernel_poly     m_wv.l(poly.o)
    0x080115da   0x080115da   0x00000006   Code   RO         2289    i.__mathlib_dbl_infnan  m_wv.l(dunder.o)
    0x080115e0   0x080115e0   0x00000006   Code   RO         2290    i.__mathlib_dbl_infnan2  m_wv.l(dunder.o)
    0x080115e6   0x080115e6   0x00000002   PAD
    0x080115e8   0x080115e8   0x00000018   Code   RO         2294    i.__mathlib_dbl_underflow  m_wv.l(dunder.o)
    0x08011600   0x08011600   0x0000000e   Code   RO         2399    i.__scatterload_copy  mc_w.l(handlers.o)
    0x0801160e   0x0801160e   0x00000002   Code   RO         2400    i.__scatterload_null  mc_w.l(handlers.o)
    0x08011610   0x08011610   0x0000000e   Code   RO         2401    i.__scatterload_zeroinit  mc_w.l(handlers.o)
    0x0801161e   0x0801161e   0x00000002   PAD
    0x08011620   0x08011620   0x0000000c   Code   RO         2367    i.__set_errno       mc_w.l(errno.o)
    0x0801162c   0x0801162c   0x00000184   Code   RO         2227    i._fp_digits        mc_w.l(printfa.o)
    0x080117b0   0x080117b0   0x000006dc   Code   RO         2228    i._printf_core      mc_w.l(printfa.o)
    0x08011e8c   0x08011e8c   0x00000024   Code   RO         2229    i._printf_post_padding  mc_w.l(printfa.o)
    0x08011eb0   0x08011eb0   0x0000002e   Code   RO         2230    i._printf_pre_padding  mc_w.l(printfa.o)
    0x08011ede   0x08011ede   0x00000016   Code   RO         2231    i._snputc           mc_w.l(printfa.o)
    0x08011ef4   0x08011ef4   0x0000000a   Code   RO         2232    i._sputc            mc_w.l(printfa.o)
    0x08011efe   0x08011efe   0x00000010   Code   RO         2283    i.atan              m_wv.l(atan.o)
    0x08011f0e   0x08011f0e   0x00000018   Code   RO         2304    i.fabs              m_wv.l(fabs.o)
    0x08011f26   0x08011f26   0x00000002   PAD
    0x08011f28   0x08011f28   0x00000050   Code   RO         2247    i.free              mc_w.l(malloc.o)
    0x08011f78   0x08011f78   0x0000006c   Code   RO         2248    i.malloc            mc_w.l(malloc.o)
    0x08011fe4   0x08011fe4   0x00000004   PAD
    0x08011fe8   0x08011fe8   0x00000098   Data   RO         2284    .constdata          m_wv.l(atan.o)
    0x08012080   0x08012080   0x00000008   Data   RO         2324    .constdata          m_wv.l(qnan.o)
    0x08012088   0x08012088   0x00000010   Data   RO         1853    .rodata.D1CorePrescTable  system_stm32h7xx.o
    0x08012098   0x08012098   0x00000008   Data   RO          698    .rodata.DMA_CalcBaseAndBitshift.flagBitshiftOffset  stm32h7xx_hal_dma.o
    0x080120a0   0x080120a0   0x00000008   Data   RO         1837    .rodata.UARTEx_SetNbDataToProcess.denominator  stm32h7xx_hal_uart_ex.o
    0x080120a8   0x080120a8   0x00000008   Data   RO         1836    .rodata.UARTEx_SetNbDataToProcess.numerator  stm32h7xx_hal_uart_ex.o
    0x080120b0   0x080120b0   0x00000018   Data   RO         1792    .rodata.UARTPrescTable  stm32h7xx_hal_uart.o
    0x080120c8   0x080120c8   0x00001c20   Data   RO         2061    .rodata.armBitRevIndexTableExtra1024  arm_common_tables_extra.o
    0x08013ce8   0x08013ce8   0x00000340   Data   RO         2058    .rodata.armBitRevIndexTableExtra128  arm_common_tables_extra.o
    0x08014028   0x08014028   0x00000050   Data   RO         2055    .rodata.armBitRevIndexTableExtra16  arm_common_tables_extra.o
    0x08014078   0x08014078   0x0001e5a0   Data   RO         2065    .rodata.armBitRevIndexTableExtra16384  arm_common_tables_extra.o
    0x08032618   0x08032618   0x00003b80   Data   RO         2062    .rodata.armBitRevIndexTableExtra2048  arm_common_tables_extra.o
    0x08036198   0x08036198   0x000006e0   Data   RO         2059    .rodata.armBitRevIndexTableExtra256  arm_common_tables_extra.o
    0x08036878   0x08036878   0x000000c0   Data   RO         2056    .rodata.armBitRevIndexTableExtra32  arm_common_tables_extra.o
    0x08036938   0x08036938   0x00003f00   Data   RO         2063    .rodata.armBitRevIndexTableExtra4096  arm_common_tables_extra.o
    0x0803a838   0x0803a838   0x00000700   Data   RO         2060    .rodata.armBitRevIndexTableExtra512  arm_common_tables_extra.o
    0x0803af38   0x0803af38   0x000000e0   Data   RO         2057    .rodata.armBitRevIndexTableExtra64  arm_common_tables_extra.o
    0x0803b018   0x0803b018   0x0000e3c0   Data   RO         2064    .rodata.armBitRevIndexTableExtra8192  arm_common_tables_extra.o
    0x080493d8   0x080493d8   0x00000010   Data   RO         2098    .rodata.arm_cfft_sR_f32_len1024_extra  arm_const_structs_extra.o
    0x080493e8   0x080493e8   0x00000010   Data   RO         2095    .rodata.arm_cfft_sR_f32_len128_extra  arm_const_structs_extra.o
    0x080493f8   0x080493f8   0x00000010   Data   RO         2102    .rodata.arm_cfft_sR_f32_len16384_extra  arm_const_structs_extra.o
    0x08049408   0x08049408   0x00000010   Data   RO         2092    .rodata.arm_cfft_sR_f32_len16_extra  arm_const_structs_extra.o
    0x08049418   0x08049418   0x00000010   Data   RO         2099    .rodata.arm_cfft_sR_f32_len2048_extra  arm_const_structs_extra.o
    0x08049428   0x08049428   0x00000010   Data   RO         2096    .rodata.arm_cfft_sR_f32_len256_extra  arm_const_structs_extra.o
    0x08049438   0x08049438   0x00000010   Data   RO         2093    .rodata.arm_cfft_sR_f32_len32_extra  arm_const_structs_extra.o
    0x08049448   0x08049448   0x00000010   Data   RO         2100    .rodata.arm_cfft_sR_f32_len4096_extra  arm_const_structs_extra.o
    0x08049458   0x08049458   0x00000010   Data   RO         2097    .rodata.arm_cfft_sR_f32_len512_extra  arm_const_structs_extra.o
    0x08049468   0x08049468   0x00000010   Data   RO         2094    .rodata.arm_cfft_sR_f32_len64_extra  arm_const_structs_extra.o
    0x08049478   0x08049478   0x00000010   Data   RO         2101    .rodata.arm_cfft_sR_f32_len8192_extra  arm_const_structs_extra.o
    0x08049488   0x08049488   0x00000004   Data   RO         1937    .rodata.cfr1        ad9910.o
    0x0804948c   0x0804948c   0x00000004   Data   RO         1938    .rodata.cfr2        ad9910.o
    0x08049490   0x08049490   0x00000004   Data   RO         1939    .rodata.cfr3        ad9910.o
    0x08049494   0x08049494   0x0000000d   Data   RO           29    .rodata.str1.1      main.o
    0x080494a1   0x080494a1   0x00000071   Data   RO         1867    .rodata.str1.1      tasks.o
    0x08049512   0x08049512   0x00000045   Data   RO         1987    .rodata.str1.1      hmi.o
    0x08049557   0x08049557   0x00000001   PAD
    0x08049558   0x08049558   0x00002000   Data   RO         2072    .rodata.twiddleCoefExtra_1024  arm_common_tables_extra.o
    0x0804b558   0x0804b558   0x00000400   Data   RO         2069    .rodata.twiddleCoefExtra_128  arm_common_tables_extra.o
    0x0804b958   0x0804b958   0x00000080   Data   RO         2066    .rodata.twiddleCoefExtra_16  arm_common_tables_extra.o
    0x0804b9d8   0x0804b9d8   0x00020000   Data   RO         2076    .rodata.twiddleCoefExtra_16384  arm_common_tables_extra.o
    0x0806b9d8   0x0806b9d8   0x00004000   Data   RO         2073    .rodata.twiddleCoefExtra_2048  arm_common_tables_extra.o
    0x0806f9d8   0x0806f9d8   0x00000800   Data   RO         2070    .rodata.twiddleCoefExtra_256  arm_common_tables_extra.o
    0x080701d8   0x080701d8   0x00000100   Data   RO         2067    .rodata.twiddleCoefExtra_32  arm_common_tables_extra.o
    0x080702d8   0x080702d8   0x00008000   Data   RO         2074    .rodata.twiddleCoefExtra_4096  arm_common_tables_extra.o
    0x080782d8   0x080782d8   0x00001000   Data   RO         2071    .rodata.twiddleCoefExtra_512  arm_common_tables_extra.o
    0x080792d8   0x080792d8   0x00000200   Data   RO         2068    .rodata.twiddleCoefExtra_64  arm_common_tables_extra.o
    0x080794d8   0x080794d8   0x00010000   Data   RO         2075    .rodata.twiddleCoefExtra_8192  arm_common_tables_extra.o
    0x080894d8   0x080894d8   0x00000030   Data   RO         2398    Region$$Table       anon$$obj.o


    Execution Region RW_IRAM1 (Exec base: 0x20000000, Load base: 0x08089508, Size: 0x00000000, Max: 0x00020000, ABSOLUTE)

    **** No section assigned to this execution region ****


    Execution Region RW_IRAM2 (Exec base: 0x24000000, Load base: 0x08089508, Size: 0x000409b8, Max: 0x00080000, ABSOLUTE, COMPRESSED[0x00000828])

    Exec Addr    Load Addr    Size         Type   Attr      Idx    E Section Name        Object

    0x24000000   COMPRESSED   0x00040000   Data   RW           27    .AXI_SRAM           main.o
    0x24040000   COMPRESSED   0x00000004   Data   RW         2363    .data               mc_w.l(mvars.o)
    0x24040004   COMPRESSED   0x00000004   Data   RW         2364    .data               mc_w.l(mvars.o)
    0x24040008   COMPRESSED   0x00000004   Data   RW         2368    .data               mc_w.l(errno.o)
    0x2404000c   COMPRESSED   0x00000004   Data   RW         1851    .data.SystemCoreClock  system_stm32h7xx.o
    0x24040010   COMPRESSED   0x00000004   Data   RW         1852    .data.SystemD2Clock  system_stm32h7xx.o
    0x24040014   COMPRESSED   0x00000008   Data   RW         1940    .data.profile11     ad9910.o
    0x2404001c   COMPRESSED   0x00000001   Data   RW         1082    .data.uwTickFreq    stm32h7xx_hal.o
    0x2404001d   COMPRESSED   0x00000003   PAD
    0x24040020   COMPRESSED   0x00000004   Data   RW         1081    .data.uwTickPrio    stm32h7xx_hal.o
    0x24040024   COMPRESSED   0x00000004   PAD
    0x24040028        -       0x00000004   Zero   RW           60    .bss.HAL_RCC_ADC12_CLK_ENABLED  adc.o
    0x2404002c        -       0x00000006   Zero   RW           33    .bss.Top3_Inter     main.o
    0x24040032        -       0x00000006   Zero   RW           32    .bss.Top3_Mix       main.o
    0x24040038        -       0x00000001   Zero   RW           25    .bss.dma_finish_adc1  main.o
    0x24040039        -       0x00000001   Zero   RW           26    .bss.dma_finish_adc2  main.o
    0x2404003a   COMPRESSED   0x00000002   PAD
    0x2404003c        -       0x00000064   Zero   RW           58    .bss.hadc1          adc.o
    0x240400a0        -       0x00000064   Zero   RW           59    .bss.hadc2          adc.o
    0x24040104        -       0x00000078   Zero   RW           61    .bss.hdma_adc1      adc.o
    0x2404017c        -       0x00000078   Zero   RW           62    .bss.hdma_adc2      adc.o
    0x240401f4        -       0x00000078   Zero   RW           90    .bss.hdma_tim2_up   tim.o
    0x2404026c        -       0x0000004c   Zero   RW           88    .bss.htim2          tim.o
    0x240402b8        -       0x0000004c   Zero   RW           89    .bss.htim3          tim.o
    0x24040304        -       0x00000094   Zero   RW          104    .bss.huart3         usart.o
    0x24040398        -       0x0000001c   Zero   RW           28    .bss.output         main.o
    0x240403b4        -       0x00000004   Zero   RW         1083    .bss.uwTick         stm32h7xx_hal.o
    0x240403b8        -       0x00000200   Zero   RW            2    HEAP                startup_stm32h743xx.o
    0x240405b8        -       0x00000400   Zero   RW            1    STACK               startup_stm32h743xx.o


    Execution Region RW_IRAM3 (Exec base: 0x30000000, Load base: 0x08089d30, Size: 0x00004000, Max: 0x00004000, ABSOLUTE, COMPRESSED[0x00000084])

    Exec Addr    Load Addr    Size         Type   Attr      Idx    E Section Name        Object

    0x30000000   COMPRESSED   0x00004000   Data   RW         1903    .SRAM1              fftana.o


    Execution Region RW_IRAM4 (Exec base: 0x30004000, Load base: 0x08089db4, Size: 0x00000000, Max: 0x00004000, ABSOLUTE)

    **** No section assigned to this execution region ****


    Execution Region RW_IRAM5 (Exec base: 0x38000000, Load base: 0x08089db4, Size: 0x00000000, Max: 0x00004000, ABSOLUTE)

    **** No section assigned to this execution region ****


==============================================================================

Image component sizes


      Code (inc. data)   RO Data    RW Data    ZI Data      Debug   Object Name

       184          4          0          0          0       4135   ad9220.o
      1044          8         12          8          0       4685   ad9910.o
       818          0          0          0        444       7903   adc.o
       142          0          0          0          0        977   arm_bitreversal2_extra.o
      4040          0          0          0          0       5818   arm_cfft_f32_extra.o
         0          0     488080          0          0       2412   arm_common_tables_extra.o
         0          0        176          0          0       1320   arm_const_structs_extra.o
        94          0          0          0          0       5327   dma.o
      2872         44          0      16384          0       7749   fftana.o
       434          0          0          0          0       3095   gpio.o
       262          0         69          0          0       2561   hmi.o
      1224          0         13     262144         42      12121   main.o
       220          4          0          0          0       1763   signalseperation.o
        44         12        664          0       1536        868   startup_stm32h743xx.o
       374          0          0          5          4      13792   stm32h7xx_hal.o
      6384          0          0          0          0      21973   stm32h7xx_hal_adc.o
       690          0          0          0          0      21526   stm32h7xx_hal_adc_ex.o
       688          0          0          0          0      11598   stm32h7xx_hal_cortex.o
     15542          8          8          0          0      12828   stm32h7xx_hal_dma.o
      1056          0          0          0          0       7041   stm32h7xx_hal_gpio.o
        36          0          0          0          0       2253   stm32h7xx_hal_msp.o
       162          0          0          0          0      10405   stm32h7xx_hal_pwr_ex.o
      5006         66          0          0          0      11918   stm32h7xx_hal_rcc.o
     10348        118          0          0          0      19276   stm32h7xx_hal_rcc_ex.o
      3938         22          0          0          0      37581   stm32h7xx_hal_tim.o
       344          0          0          0          0      17516   stm32h7xx_hal_tim_ex.o
      5816        258         24          0          0      29316   stm32h7xx_hal_uart.o
       562          0         16          0          0       8916   stm32h7xx_hal_uart_ex.o
        98          0          0          0          0       1421   stm32h7xx_it.o
       436          0         16          8          0       6183   system_stm32h7xx.o
       918         28        113          0          0       2120   tasks.o
       646          0          0          0        272       7947   tim.o
       332          0          0          0        148      11142   usart.o

    ----------------------------------------------------------------------
     65240        596     489240     278552       2452     315486   Object Totals
         0          0         48          0          0          0   (incl. Generated)
       486         24          1          3          6          0   (incl. Padding)

    ----------------------------------------------------------------------

      Code (inc. data)   RO Data    RW Data    ZI Data      Debug   Library Member Name

      2132          6          0          0          0      20483   arm_cfft_radix8_f32.o
       484         66        152          0          0        348   atan.o
       456         64          0          0          0        180   atan2.o
        36         14          0          0          0        348   dunder.o
        24          0          0          0          0        124   fabs.o
        48          0          0          0          0        124   fpclassify.o
       112          0          0          0          0        116   poly.o
         0          0          8          0          0          0   qnan.o
        58          0          0          0          0        136   sqrtf.o
        58          0          0          0          0          0   __dczerorl.o
         0          0          0          0          0          0   entry.o
         0          0          0          0          0          0   entry10a.o
         0          0          0          0          0          0   entry11a.o
         8          4          0          0          0          0   entry2.o
         4          0          0          0          0          0   entry5.o
         0          0          0          0          0          0   entry7b.o
         0          0          0          0          0          0   entry8b.o
         8          4          0          0          0          0   entry9a.o
        12          6          0          4          0         68   errno.o
        30          0          0          0          0          0   handlers.o
        48         10          0          0          0         68   init.o
         0          0          0          0          0          0   iusefp.o
        30          0          0          0          0         68   llshl.o
        36          0          0          0          0         68   llsshr.o
        32          0          0          0          0         68   llushr.o
       188         20          0          0          0        160   malloc.o
        36          0          0          0          0        108   memseta.o
         0          0          0          8          0          0   mvars.o
      2350         92          0          0          0        668   printfa.o
        44          0          0          0          0         80   uidiv.o
        98          0          0          0          0         92   uldiv.o
        48          0          0          0          0         68   cdrcmple.o
       334          0          0          0          0        148   dadd.o
       222          0          0          0          0        100   ddiv.o
       186          0          0          0          0        176   depilogue.o
        48          0          0          0          0         68   dfixul.o
       228          0          0          0          0         96   dmul.o
       176          0          0          0          0        140   fadd.o
       110          0          0          0          0        168   fepilogue.o
       100          0          0          0          0         76   fmul.o

    ----------------------------------------------------------------------
      7800        294        160         12          0      24347   Library Totals
        16          8          0          0          0          0   (incl. Padding)

    ----------------------------------------------------------------------

      Code (inc. data)   RO Data    RW Data    ZI Data      Debug   Library Name

      2132          6          0          0          0      20483   arm_cortexM7l_math.lib
      1218        144        160          0          0       1376   m_wv.l
      2982        136          0         12          0       1448   mc_w.l
      1452          0          0          0          0       1040   mf_w.l

    ----------------------------------------------------------------------
      7800        294        160         12          0      24347   Library Totals

    ----------------------------------------------------------------------

==============================================================================


      Code (inc. data)   RO Data    RW Data    ZI Data      Debug   

     73040        890     489400     278564       2452     337285   Grand Totals
     73040        890     489400       2220       2452     337285   ELF Image Totals (compressed)
     73040        890     489400       2220          0          0   ROM Totals

==============================================================================

    Total RO  Size (Code + RO Data)               562440 ( 549.26kB)
    Total RW  Size (RW Data + ZI Data)            281016 ( 274.43kB)
    Total ROM Size (Code + RO Data + RW Data)     564660 ( 551.43kB)

==============================================================================

