Component: ARM Compiler 6.7 Tool: armlink [5c9ef700]

==============================================================================

Section Cross References

    startup_stm32h743xx.o(RESET) refers to startup_stm32h743xx.o(STACK) for __initial_sp
    startup_stm32h743xx.o(RESET) refers to startup_stm32h743xx.o(.text) for Reset_Handler
    startup_stm32h743xx.o(RESET) refers to stm32h7xx_it.o(.text.NMI_Handler) for NMI_Handler
    startup_stm32h743xx.o(RESET) refers to stm32h7xx_it.o(.text.HardFault_Handler) for HardFault_Handler
    startup_stm32h743xx.o(RESET) refers to stm32h7xx_it.o(.text.MemManage_Handler) for MemManage_Handler
    startup_stm32h743xx.o(RESET) refers to stm32h7xx_it.o(.text.BusFault_Handler) for BusFault_Handler
    startup_stm32h743xx.o(RESET) refers to stm32h7xx_it.o(.text.UsageFault_Handler) for UsageFault_Handler
    startup_stm32h743xx.o(RESET) refers to stm32h7xx_it.o(.text.SVC_Handler) for SVC_Handler
    startup_stm32h743xx.o(RESET) refers to stm32h7xx_it.o(.text.DebugMon_Handler) for DebugMon_Handler
    startup_stm32h743xx.o(RESET) refers to stm32h7xx_it.o(.text.PendSV_Handler) for PendSV_Handler
    startup_stm32h743xx.o(RESET) refers to stm32h7xx_it.o(.text.SysTick_Handler) for SysTick_Handler
    startup_stm32h743xx.o(RESET) refers to stm32h7xx_it.o(.text.DMA1_Stream0_IRQHandler) for DMA1_Stream0_IRQHandler
    startup_stm32h743xx.o(RESET) refers to stm32h7xx_it.o(.text.DMA1_Stream1_IRQHandler) for DMA1_Stream1_IRQHandler
    startup_stm32h743xx.o(RESET) refers to stm32h7xx_it.o(.text.DMA1_Stream2_IRQHandler) for DMA1_Stream2_IRQHandler
    startup_stm32h743xx.o(RESET) refers to stm32h7xx_it.o(.text.USART3_IRQHandler) for USART3_IRQHandler
    startup_stm32h743xx.o(.text) refers to system_stm32h7xx.o(.text.ExitRun0Mode) for ExitRun0Mode
    startup_stm32h743xx.o(.text) refers to system_stm32h7xx.o(.text.SystemInit) for SystemInit
    startup_stm32h743xx.o(.text) refers to entry.o(.ARM.Collect$$$$00000000) for __main
    main.o(.text.App_process) refers to main.o(.bss.dma_finish) for dma_finish
    main.o(.text.App_process) refers to ad9220.o(.text.AD9220_Stop_DMA) for AD9220_Stop_DMA
    main.o(.text.App_process) refers to main.o(.bss.output) for output
    main.o(.text.App_process) refers to tasks.o(.text.FFT_Task) for FFT_Task
    main.o(.text.App_process) refers to main.o(.AXI_SRAM) for adc1_buffer
    main.o(.text.App_process) refers to ad9220.o(.text.AD9220_Start_DMA) for AD9220_Start_DMA
    main.o(.ARM.exidx.text.App_process) refers to main.o(.text.App_process) for [Anonymous Symbol]
    main.o(.text.main) refers to stm32h7xx_hal_cortex.o(.text.HAL_MPU_Disable) for HAL_MPU_Disable
    main.o(.text.main) refers to stm32h7xx_hal_cortex.o(.text.HAL_MPU_ConfigRegion) for HAL_MPU_ConfigRegion
    main.o(.text.main) refers to stm32h7xx_hal_cortex.o(.text.HAL_MPU_Enable) for HAL_MPU_Enable
    main.o(.text.main) refers to stm32h7xx_hal.o(.text.HAL_Init) for HAL_Init
    main.o(.text.main) refers to main.o(.text.SystemClock_Config) for SystemClock_Config
    main.o(.text.main) refers to memseta.o(.text) for __aeabi_memclr8
    main.o(.text.main) refers to stm32h7xx_hal_rcc_ex.o(.text.HAL_RCCEx_PeriphCLKConfig) for HAL_RCCEx_PeriphCLKConfig
    main.o(.text.main) refers to gpio.o(.text.MX_GPIO_Init) for MX_GPIO_Init
    main.o(.text.main) refers to dma.o(.text.MX_DMA_Init) for MX_DMA_Init
    main.o(.text.main) refers to adc.o(.text.MX_ADC1_Init) for MX_ADC1_Init
    main.o(.text.main) refers to tim.o(.text.MX_TIM3_Init) for MX_TIM3_Init
    main.o(.text.main) refers to tim.o(.text.MX_TIM2_Init) for MX_TIM2_Init
    main.o(.text.main) refers to usart.o(.text.MX_USART3_UART_Init) for MX_USART3_UART_Init
    main.o(.text.main) refers to adc.o(.text.MX_ADC2_Init) for MX_ADC2_Init
    main.o(.text.main) refers to main.o(.AXI_SRAM) for adc1_buffer
    main.o(.text.main) refers to ad9220.o(.text.AD9220_Init) for AD9220_Init
    main.o(.text.main) refers to ad9220.o(.text.AD9220_Start_DMA) for AD9220_Start_DMA
    main.o(.text.main) refers to ad9910.o(.text.Init_AD9910) for Init_AD9910
    main.o(.text.main) refers to ad9910.o(.text.AD9910_FreWrite) for AD9910_FreWrite
    main.o(.text.main) refers to ad9910.o(.text.AD9910_AmpWrite) for AD9910_AmpWrite
    main.o(.text.main) refers to hmi.o(.text.HMI_Init) for HMI_Init
    main.o(.text.main) refers to main.o(.bss.dma_finish) for dma_finish
    main.o(.text.main) refers to main.o(.bss.output) for output
    main.o(.text.main) refers to ad9220.o(.text.AD9220_Stop_DMA) for AD9220_Stop_DMA
    main.o(.text.main) refers to tasks.o(.text.FFT_Task) for FFT_Task
    main.o(.text.main) refers to main.o(.text.Error_Handler) for Error_Handler
    main.o(.ARM.exidx.text.main) refers to main.o(.text.main) for [Anonymous Symbol]
    main.o(.text.SystemClock_Config) refers to memseta.o(.text) for __aeabi_memclr4
    main.o(.text.SystemClock_Config) refers to stm32h7xx_hal_pwr_ex.o(.text.HAL_PWREx_ConfigSupply) for HAL_PWREx_ConfigSupply
[...]
    Removing stm32h7xx_hal_flash.o(.text.HAL_FLASH_GetError), (12 bytes).
    Removing stm32h7xx_hal_flash.o(.ARM.exidx.text.HAL_FLASH_GetError), (8 bytes).
    Removing stm32h7xx_hal_flash.o(.bss.pFlash), (28 bytes).
    Removing stm32h7xx_hal_flash_ex.o(.text), (0 bytes).
    Removing stm32h7xx_hal_flash_ex.o(.text.HAL_FLASHEx_Erase), (528 bytes).
    Removing stm32h7xx_hal_flash_ex.o(.ARM.exidx.text.HAL_FLASHEx_Erase), (8 bytes).
    Removing stm32h7xx_hal_flash_ex.o(.text.FLASH_Erase_Sector), (88 bytes).
    Removing stm32h7xx_hal_flash_ex.o(.ARM.exidx.text.FLASH_Erase_Sector), (8 bytes).
    Removing stm32h7xx_hal_flash_ex.o(.text.HAL_FLASHEx_Erase_IT), (346 bytes).
    Removing stm32h7xx_hal_flash_ex.o(.ARM.exidx.text.HAL_FLASHEx_Erase_IT), (8 bytes).
    Removing stm32h7xx_hal_flash_ex.o(.text.HAL_FLASHEx_OBProgram), (594 bytes).
    Removing stm32h7xx_hal_flash_ex.o(.ARM.exidx.text.HAL_FLASHEx_OBProgram), (8 bytes).
    Removing stm32h7xx_hal_flash_ex.o(.text.HAL_FLASHEx_OBGetConfig), (258 bytes).
    Removing stm32h7xx_hal_flash_ex.o(.ARM.exidx.text.HAL_FLASHEx_OBGetConfig), (8 bytes).
    Removing stm32h7xx_hal_flash_ex.o(.text.HAL_FLASHEx_Unlock_Bank1), (52 bytes).
    Removing stm32h7xx_hal_flash_ex.o(.ARM.exidx.text.HAL_FLASHEx_Unlock_Bank1), (8 bytes).
    Removing stm32h7xx_hal_flash_ex.o(.text.HAL_FLASHEx_Lock_Bank1), (20 bytes).
    Removing stm32h7xx_hal_flash_ex.o(.ARM.exidx.text.HAL_FLASHEx_Lock_Bank1), (8 bytes).
    Removing stm32h7xx_hal_flash_ex.o(.text.HAL_FLASHEx_Unlock_Bank2), (52 bytes).
    Removing stm32h7xx_hal_flash_ex.o(.ARM.exidx.text.HAL_FLASHEx_Unlock_Bank2), (8 bytes).
    Removing stm32h7xx_hal_flash_ex.o(.text.HAL_FLASHEx_Lock_Bank2), (20 bytes).
    Removing stm32h7xx_hal_flash_ex.o(.ARM.exidx.text.HAL_FLASHEx_Lock_Bank2), (8 bytes).
    Removing stm32h7xx_hal_flash_ex.o(.text.HAL_FLASHEx_ComputeCRC), (412 bytes).
    Removing stm32h7xx_hal_flash_ex.o(.ARM.exidx.text.HAL_FLASHEx_ComputeCRC), (8 bytes).
    Removing stm32h7xx_hal_gpio.o(.text), (0 bytes).
    Removing stm32h7xx_hal_gpio.o(.ARM.exidx.text.HAL_GPIO_Init), (8 bytes).
    Removing stm32h7xx_hal_gpio.o(.text.HAL_GPIO_DeInit), (268 bytes).
    Removing stm32h7xx_hal_gpio.o(.ARM.exidx.text.HAL_GPIO_DeInit), (8 bytes).
    Removing stm32h7xx_hal_gpio.o(.ARM.exidx.text.HAL_GPIO_ReadPin), (8 bytes).
    Removing stm32h7xx_hal_gpio.o(.ARM.exidx.text.HAL_GPIO_WritePin), (8 bytes).
    Removing stm32h7xx_hal_gpio.o(.text.HAL_GPIO_TogglePin), (16 bytes).
    Removing stm32h7xx_hal_gpio.o(.ARM.exidx.text.HAL_GPIO_TogglePin), (8 bytes).
    Removing stm32h7xx_hal_gpio.o(.text.HAL_GPIO_LockPin), (40 bytes).
    Removing stm32h7xx_hal_gpio.o(.ARM.exidx.text.HAL_GPIO_LockPin), (8 bytes).
    Removing stm32h7xx_hal_gpio.o(.text.HAL_GPIO_EXTI_IRQHandler), (20 bytes).
    Removing stm32h7xx_hal_gpio.o(.ARM.exidx.text.HAL_GPIO_EXTI_IRQHandler), (8 bytes).
    Removing stm32h7xx_hal_gpio.o(.text.HAL_GPIO_EXTI_Callback), (2 bytes).
    Removing stm32h7xx_hal_gpio.o(.ARM.exidx.text.HAL_GPIO_EXTI_Callback), (8 bytes).
    Removing stm32h7xx_hal_hsem.o(.text), (0 bytes).
    Removing stm32h7xx_hal_hsem.o(.text.HAL_HSEM_Take), (32 bytes).
    Removing stm32h7xx_hal_hsem.o(.ARM.exidx.text.HAL_HSEM_Take), (8 bytes).
    Removing stm32h7xx_hal_hsem.o(.text.HAL_HSEM_FastTake), (36 bytes).
    Removing stm32h7xx_hal_hsem.o(.ARM.exidx.text.HAL_HSEM_FastTake), (8 bytes).
    Removing stm32h7xx_hal_hsem.o(.text.HAL_HSEM_IsSemTaken), (16 bytes).
    Removing stm32h7xx_hal_hsem.o(.ARM.exidx.text.HAL_HSEM_IsSemTaken), (8 bytes).
    Removing stm32h7xx_hal_hsem.o(.text.HAL_HSEM_Release), (18 bytes).
    Removing stm32h7xx_hal_hsem.o(.ARM.exidx.text.HAL_HSEM_Release), (8 bytes).
    Removing stm32h7xx_hal_hsem.o(.text.HAL_HSEM_ReleaseAll), (18 bytes).
    Removing stm32h7xx_hal_hsem.o(.ARM.exidx.text.HAL_HSEM_ReleaseAll), (8 bytes).
    Removing stm32h7xx_hal_hsem.o(.text.HAL_HSEM_SetClearKey), (18 bytes).
    Removing stm32h7xx_hal_hsem.o(.ARM.exidx.text.HAL_HSEM_SetClearKey), (8 bytes).
    Removing stm32h7xx_hal_hsem.o(.text.HAL_HSEM_GetClearKey), (14 bytes).
    Removing stm32h7xx_hal_hsem.o(.ARM.exidx.text.HAL_HSEM_GetClearKey), (8 bytes).
    Removing stm32h7xx_hal_hsem.o(.text.HAL_HSEM_ActivateNotification), (16 bytes).
    Removing stm32h7xx_hal_hsem.o(.ARM.exidx.text.HAL_HSEM_ActivateNotification), (8 bytes).
    Removing stm32h7xx_hal_hsem.o(.text.HAL_HSEM_DeactivateNotification), (18 bytes).
    Removing stm32h7xx_hal_hsem.o(.ARM.exidx.text.HAL_HSEM_DeactivateNotification), (8 bytes).
    Removing stm32h7xx_hal_hsem.o(.text.HAL_HSEM_IRQHandler), (22 bytes).
    Removing stm32h7xx_hal_hsem.o(.ARM.exidx.text.HAL_HSEM_IRQHandler), (8 bytes).
    Removing stm32h7xx_hal_hsem.o(.text.HAL_HSEM_FreeCallback), (2 bytes).
    Removing stm32h7xx_hal_hsem.o(.ARM.exidx.text.HAL_HSEM_FreeCallback), (8 bytes).
    Removing stm32h7xx_hal_dma.o(.text), (0 bytes).
    Removing stm32h7xx_hal_dma.o(.ARM.exidx.text.HAL_DMA_Init), (8 bytes).
    Removing stm32h7xx_hal_dma.o(.text.HAL_DMA_DeInit), (1150 bytes).
    Removing stm32h7xx_hal_dma.o(.ARM.exidx.text.HAL_DMA_DeInit), (8 bytes).
    Removing stm32h7xx_hal_dma.o(.ARM.exidx.text.HAL_DMA_Start), (8 bytes).
    Removing stm32h7xx_hal_dma.o(.ARM.exidx.text.HAL_DMA_Start_IT), (8 bytes).
    Removing stm32h7xx_hal_dma.o(.ARM.exidx.text.HAL_DMA_Abort), (8 bytes).
    Removing stm32h7xx_hal_dma.o(.ARM.exidx.text.HAL_DMA_Abort_IT), (8 bytes).
    Removing stm32h7xx_hal_dma.o(.text.HAL_DMA_PollForTransfer), (1630 bytes).
    Removing stm32h7xx_hal_dma.o(.ARM.exidx.text.HAL_DMA_PollForTransfer), (8 bytes).
    Removing stm32h7xx_hal_dma.o(.ARM.exidx.text.HAL_DMA_IRQHandler), (8 bytes).
    Removing stm32h7xx_hal_dma.o(.text.HAL_DMA_RegisterCallback), (106 bytes).
    Removing stm32h7xx_hal_dma.o(.ARM.exidx.text.HAL_DMA_RegisterCallback), (8 bytes).
    Removing stm32h7xx_hal_dma.o(.text.HAL_DMA_UnRegisterCallback), (116 bytes).
    Removing stm32h7xx_hal_dma.o(.ARM.exidx.text.HAL_DMA_UnRegisterCallback), (8 bytes).
    Removing stm32h7xx_hal_dma.o(.text.HAL_DMA_GetState), (6 bytes).
    Removing stm32h7xx_hal_dma.o(.ARM.exidx.text.HAL_DMA_GetState), (8 bytes).
    Removing stm32h7xx_hal_dma.o(.text.HAL_DMA_GetError), (4 bytes).
    Removing stm32h7xx_hal_dma.o(.ARM.exidx.text.HAL_DMA_GetError), (8 bytes).
    Removing stm32h7xx_hal_dma_ex.o(.text), (0 bytes).
    Removing stm32h7xx_hal_dma_ex.o(.text.HAL_DMAEx_MultiBufferStart), (918 bytes).
    Removing stm32h7xx_hal_dma_ex.o(.ARM.exidx.text.HAL_DMAEx_MultiBufferStart), (8 bytes).
    Removing stm32h7xx_hal_dma_ex.o(.text.HAL_DMAEx_MultiBufferStart_IT), (1524 bytes).
    Removing stm32h7xx_hal_dma_ex.o(.ARM.exidx.text.HAL_DMAEx_MultiBufferStart_IT), (8 bytes).
    Removing stm32h7xx_hal_dma_ex.o(.text.HAL_DMAEx_ChangeMemory), (20 bytes).
    Removing stm32h7xx_hal_dma_ex.o(.ARM.exidx.text.HAL_DMAEx_ChangeMemory), (8 bytes).
    Removing stm32h7xx_hal_dma_ex.o(.text.HAL_DMAEx_ConfigMuxSync), (116 bytes).
    Removing stm32h7xx_hal_dma_ex.o(.ARM.exidx.text.HAL_DMAEx_ConfigMuxSync), (8 bytes).
    Removing stm32h7xx_hal_dma_ex.o(.text.HAL_DMAEx_ConfigMuxRequestGenerator), (90 bytes).
    Removing stm32h7xx_hal_dma_ex.o(.ARM.exidx.text.HAL_DMAEx_ConfigMuxRequestGenerator), (8 bytes).
    Removing stm32h7xx_hal_dma_ex.o(.text.HAL_DMAEx_EnableMuxRequestGenerator), (30 bytes).
    Removing stm32h7xx_hal_dma_ex.o(.ARM.exidx.text.HAL_DMAEx_EnableMuxRequestGenerator), (8 bytes).
    Removing stm32h7xx_hal_dma_ex.o(.text.HAL_DMAEx_DisableMuxRequestGenerator), (30 bytes).
    Removing stm32h7xx_hal_dma_ex.o(.ARM.exidx.text.HAL_DMAEx_DisableMuxRequestGenerator), (8 bytes).
    Removing stm32h7xx_hal_dma_ex.o(.text.HAL_DMAEx_MUX_IRQHandler), (92 bytes).
    Removing stm32h7xx_hal_dma_ex.o(.ARM.exidx.text.HAL_DMAEx_MUX_IRQHandler), (8 bytes).
    Removing stm32h7xx_hal_mdma.o(.text), (0 bytes).
    Removing stm32h7xx_hal_mdma.o(.text.HAL_MDMA_Init), (248 bytes).
    Removing stm32h7xx_hal_mdma.o(.ARM.exidx.text.HAL_MDMA_Init), (8 bytes).
    Removing stm32h7xx_hal_mdma.o(.text.HAL_MDMA_DeInit), (64 bytes).
    Removing stm32h7xx_hal_mdma.o(.ARM.exidx.text.HAL_MDMA_DeInit), (8 bytes).
    Removing stm32h7xx_hal_mdma.o(.text.HAL_MDMA_ConfigPostRequestMask), (112 bytes).
    Removing stm32h7xx_hal_mdma.o(.ARM.exidx.text.HAL_MDMA_ConfigPostRequestMask), (8 bytes).
    Removing stm32h7xx_hal_mdma.o(.text.HAL_MDMA_RegisterCallback), (100 bytes).
    Removing stm32h7xx_hal_mdma.o(.ARM.exidx.text.HAL_MDMA_RegisterCallback), (8 bytes).
    Removing stm32h7xx_hal_mdma.o(.text.HAL_MDMA_UnRegisterCallback), (116 bytes).
    Removing stm32h7xx_hal_mdma.o(.ARM.exidx.text.HAL_MDMA_UnRegisterCallback), (8 bytes).
    Removing stm32h7xx_hal_mdma.o(.text.HAL_MDMA_LinkedList_CreateNode), (274 bytes).
    Removing stm32h7xx_hal_mdma.o(.ARM.exidx.text.HAL_MDMA_LinkedList_CreateNode), (8 bytes).
    Removing stm32h7xx_hal_mdma.o(.text.HAL_MDMA_LinkedList_AddNode), (228 bytes).
    Removing stm32h7xx_hal_mdma.o(.ARM.exidx.text.HAL_MDMA_LinkedList_AddNode), (8 bytes).
    Removing stm32h7xx_hal_mdma.o(.text.HAL_MDMA_LinkedList_RemoveNode), (188 bytes).
    Removing stm32h7xx_hal_mdma.o(.ARM.exidx.text.HAL_MDMA_LinkedList_RemoveNode), (8 bytes).
    Removing stm32h7xx_hal_mdma.o(.text.HAL_MDMA_LinkedList_EnableCircularMode), (98 bytes).
    Removing stm32h7xx_hal_mdma.o(.ARM.exidx.text.HAL_MDMA_LinkedList_EnableCircularMode), (8 bytes).
    Removing stm32h7xx_hal_mdma.o(.text.HAL_MDMA_LinkedList_DisableCircularMode), (90 bytes).
    Removing stm32h7xx_hal_mdma.o(.ARM.exidx.text.HAL_MDMA_LinkedList_DisableCircularMode), (8 bytes).
    Removing stm32h7xx_hal_mdma.o(.text.HAL_MDMA_Start), (270 bytes).
    Removing stm32h7xx_hal_mdma.o(.ARM.exidx.text.HAL_MDMA_Start), (8 bytes).
    Removing stm32h7xx_hal_mdma.o(.text.HAL_MDMA_Start_IT), (328 bytes).
    Removing stm32h7xx_hal_mdma.o(.ARM.exidx.text.HAL_MDMA_Start_IT), (8 bytes).
    Removing stm32h7xx_hal_mdma.o(.text.HAL_MDMA_Abort), (116 bytes).
    Removing stm32h7xx_hal_mdma.o(.ARM.exidx.text.HAL_MDMA_Abort), (8 bytes).
    Removing stm32h7xx_hal_mdma.o(.text.HAL_MDMA_Abort_IT), (44 bytes).
    Removing stm32h7xx_hal_mdma.o(.ARM.exidx.text.HAL_MDMA_Abort_IT), (8 bytes).
    Removing stm32h7xx_hal_mdma.o(.text.HAL_MDMA_PollForTransfer), (428 bytes).
    Removing stm32h7xx_hal_mdma.o(.ARM.exidx.text.HAL_MDMA_PollForTransfer), (8 bytes).
    Removing stm32h7xx_hal_mdma.o(.text.HAL_MDMA_GenerateSWRequest), (60 bytes).
    Removing stm32h7xx_hal_mdma.o(.ARM.exidx.text.HAL_MDMA_GenerateSWRequest), (8 bytes).
    Removing stm32h7xx_hal_mdma.o(.text.HAL_MDMA_IRQHandler), (408 bytes).
    Removing stm32h7xx_hal_mdma.o(.ARM.exidx.text.HAL_MDMA_IRQHandler), (8 bytes).
    Removing stm32h7xx_hal_mdma.o(.text.HAL_MDMA_GetState), (6 bytes).
    Removing stm32h7xx_hal_mdma.o(.ARM.exidx.text.HAL_MDMA_GetState), (8 bytes).
    Removing stm32h7xx_hal_mdma.o(.text.HAL_MDMA_GetError), (4 bytes).
    Removing stm32h7xx_hal_mdma.o(.ARM.exidx.text.HAL_MDMA_GetError), (8 bytes).
    Removing stm32h7xx_hal_pwr.o(.text), (0 bytes).
    Removing stm32h7xx_hal_pwr.o(.text.HAL_PWR_DeInit), (2 bytes).
    Removing stm32h7xx_hal_pwr.o(.ARM.exidx.text.HAL_PWR_DeInit), (8 bytes).
    Removing stm32h7xx_hal_pwr.o(.text.HAL_PWR_EnableBkUpAccess), (18 bytes).
    Removing stm32h7xx_hal_pwr.o(.ARM.exidx.text.HAL_PWR_EnableBkUpAccess), (8 bytes).
    Removing stm32h7xx_hal_pwr.o(.text.HAL_PWR_DisableBkUpAccess), (18 bytes).
    Removing stm32h7xx_hal_pwr.o(.ARM.exidx.text.HAL_PWR_DisableBkUpAccess), (8 bytes).
    Removing stm32h7xx_hal_pwr.o(.text.HAL_PWR_ConfigPVD), (134 bytes).
    Removing stm32h7xx_hal_pwr.o(.ARM.exidx.text.HAL_PWR_ConfigPVD), (8 bytes).
    Removing stm32h7xx_hal_pwr.o(.text.HAL_PWR_EnablePVD), (18 bytes).
    Removing stm32h7xx_hal_pwr.o(.ARM.exidx.text.HAL_PWR_EnablePVD), (8 bytes).
    Removing stm32h7xx_hal_pwr.o(.text.HAL_PWR_DisablePVD), (18 bytes).
    Removing stm32h7xx_hal_pwr.o(.ARM.exidx.text.HAL_PWR_DisablePVD), (8 bytes).
    Removing stm32h7xx_hal_pwr.o(.text.HAL_PWR_EnableWakeUpPin), (26 bytes).
    Removing stm32h7xx_hal_pwr.o(.ARM.exidx.text.HAL_PWR_EnableWakeUpPin), (8 bytes).
    Removing stm32h7xx_hal_pwr.o(.text.HAL_PWR_DisableWakeUpPin), (24 bytes).
    Removing stm32h7xx_hal_pwr.o(.ARM.exidx.text.HAL_PWR_DisableWakeUpPin), (8 bytes).
    Removing stm32h7xx_hal_pwr.o(.text.HAL_PWR_EnterSLEEPMode), (26 bytes).
    Removing stm32h7xx_hal_pwr.o(.ARM.exidx.text.HAL_PWR_EnterSLEEPMode), (8 bytes).
    Removing stm32h7xx_hal_pwr.o(.text.HAL_PWR_EnterSTOPMode), (82 bytes).
    Removing stm32h7xx_hal_pwr.o(.ARM.exidx.text.HAL_PWR_EnterSTOPMode), (8 bytes).
    Removing stm32h7xx_hal_pwr.o(.text.HAL_PWR_EnterSTANDBYMode), (52 bytes).
    Removing stm32h7xx_hal_pwr.o(.ARM.exidx.text.HAL_PWR_EnterSTANDBYMode), (8 bytes).
    Removing stm32h7xx_hal_pwr.o(.text.HAL_PWR_EnableSleepOnExit), (18 bytes).
    Removing stm32h7xx_hal_pwr.o(.ARM.exidx.text.HAL_PWR_EnableSleepOnExit), (8 bytes).
    Removing stm32h7xx_hal_pwr.o(.text.HAL_PWR_DisableSleepOnExit), (18 bytes).
    Removing stm32h7xx_hal_pwr.o(.ARM.exidx.text.HAL_PWR_DisableSleepOnExit), (8 bytes).
    Removing stm32h7xx_hal_pwr.o(.text.HAL_PWR_EnableSEVOnPend), (18 bytes).
    Removing stm32h7xx_hal_pwr.o(.ARM.exidx.text.HAL_PWR_EnableSEVOnPend), (8 bytes).
    Removing stm32h7xx_hal_pwr.o(.text.HAL_PWR_DisableSEVOnPend), (18 bytes).
    Removing stm32h7xx_hal_pwr.o(.ARM.exidx.text.HAL_PWR_DisableSEVOnPend), (8 bytes).
    Removing stm32h7xx_hal_pwr.o(.text.HAL_PWR_PVD_IRQHandler), (28 bytes).
    Removing stm32h7xx_hal_pwr.o(.ARM.exidx.text.HAL_PWR_PVD_IRQHandler), (8 bytes).
    Removing stm32h7xx_hal_pwr.o(.text.HAL_PWR_PVDCallback), (2 bytes).
    Removing stm32h7xx_hal_pwr.o(.ARM.exidx.text.HAL_PWR_PVDCallback), (8 bytes).
    Removing stm32h7xx_hal_pwr_ex.o(.text), (0 bytes).
    Removing stm32h7xx_hal_pwr_ex.o(.ARM.exidx.text.HAL_PWREx_ConfigSupply), (8 bytes).
    Removing stm32h7xx_hal_pwr_ex.o(.text.HAL_PWREx_GetSupplyConfig), (16 bytes).
    Removing stm32h7xx_hal_pwr_ex.o(.ARM.exidx.text.HAL_PWREx_GetSupplyConfig), (8 bytes).
    Removing stm32h7xx_hal_pwr_ex.o(.text.HAL_PWREx_ControlVoltageScaling), (214 bytes).
    Removing stm32h7xx_hal_pwr_ex.o(.ARM.exidx.text.HAL_PWREx_ControlVoltageScaling), (8 bytes).
    Removing stm32h7xx_hal_pwr_ex.o(.text.HAL_PWREx_GetVoltageRange), (16 bytes).
    Removing stm32h7xx_hal_pwr_ex.o(.ARM.exidx.text.HAL_PWREx_GetVoltageRange), (8 bytes).
    Removing stm32h7xx_hal_pwr_ex.o(.text.HAL_PWREx_ControlStopModeVoltageScaling), (22 bytes).
    Removing stm32h7xx_hal_pwr_ex.o(.ARM.exidx.text.HAL_PWREx_ControlStopModeVoltageScaling), (8 bytes).
    Removing stm32h7xx_hal_pwr_ex.o(.text.HAL_PWREx_GetStopModeVoltageRange), (16 bytes).
    Removing stm32h7xx_hal_pwr_ex.o(.ARM.exidx.text.HAL_PWREx_GetStopModeVoltageRange), (8 bytes).
    Removing stm32h7xx_hal_pwr_ex.o(.text.HAL_PWREx_EnterSTOPMode), (114 bytes).
    Removing stm32h7xx_hal_pwr_ex.o(.ARM.exidx.text.HAL_PWREx_EnterSTOPMode), (8 bytes).
    Removing stm32h7xx_hal_pwr_ex.o(.text.HAL_PWREx_ClearPendingEvent), (4 bytes).
    Removing stm32h7xx_hal_pwr_ex.o(.ARM.exidx.text.HAL_PWREx_ClearPendingEvent), (8 bytes).
    Removing stm32h7xx_hal_pwr_ex.o(.text.HAL_PWREx_EnterSTANDBYMode), (56 bytes).
    Removing stm32h7xx_hal_pwr_ex.o(.ARM.exidx.text.HAL_PWREx_EnterSTANDBYMode), (8 bytes).
    Removing stm32h7xx_hal_pwr_ex.o(.text.HAL_PWREx_ConfigD3Domain), (20 bytes).
    Removing stm32h7xx_hal_pwr_ex.o(.ARM.exidx.text.HAL_PWREx_ConfigD3Domain), (8 bytes).
    Removing stm32h7xx_hal_pwr_ex.o(.text.HAL_PWREx_EnableFlashPowerDown), (18 bytes).
    Removing stm32h7xx_hal_pwr_ex.o(.ARM.exidx.text.HAL_PWREx_EnableFlashPowerDown), (8 bytes).
    Removing stm32h7xx_hal_pwr_ex.o(.text.HAL_PWREx_DisableFlashPowerDown), (18 bytes).
    Removing stm32h7xx_hal_pwr_ex.o(.ARM.exidx.text.HAL_PWREx_DisableFlashPowerDown), (8 bytes).
    Removing stm32h7xx_hal_pwr_ex.o(.text.HAL_PWREx_EnableWakeUpPin), (108 bytes).
    Removing stm32h7xx_hal_pwr_ex.o(.ARM.exidx.text.HAL_PWREx_EnableWakeUpPin), (8 bytes).
    Removing stm32h7xx_hal_pwr_ex.o(.text.HAL_PWREx_DisableWakeUpPin), (18 bytes).
    Removing stm32h7xx_hal_pwr_ex.o(.ARM.exidx.text.HAL_PWREx_DisableWakeUpPin), (8 bytes).
    Removing stm32h7xx_hal_pwr_ex.o(.text.HAL_PWREx_GetWakeupFlag), (14 bytes).
    Removing stm32h7xx_hal_pwr_ex.o(.ARM.exidx.text.HAL_PWREx_GetWakeupFlag), (8 bytes).
    Removing stm32h7xx_hal_pwr_ex.o(.text.HAL_PWREx_ClearWakeupFlag), (24 bytes).
    Removing stm32h7xx_hal_pwr_ex.o(.ARM.exidx.text.HAL_PWREx_ClearWakeupFlag), (8 bytes).
    Removing stm32h7xx_hal_pwr_ex.o(.text.HAL_PWREx_WAKEUP_PIN_IRQHandler), (118 bytes).
    Removing stm32h7xx_hal_pwr_ex.o(.ARM.exidx.text.HAL_PWREx_WAKEUP_PIN_IRQHandler), (8 bytes).
    Removing stm32h7xx_hal_pwr_ex.o(.text.HAL_PWREx_WKUP1_Callback), (2 bytes).
    Removing stm32h7xx_hal_pwr_ex.o(.ARM.exidx.text.HAL_PWREx_WKUP1_Callback), (8 bytes).
    Removing stm32h7xx_hal_pwr_ex.o(.text.HAL_PWREx_WKUP2_Callback), (2 bytes).
    Removing stm32h7xx_hal_pwr_ex.o(.ARM.exidx.text.HAL_PWREx_WKUP2_Callback), (8 bytes).
    Removing stm32h7xx_hal_pwr_ex.o(.text.HAL_PWREx_WKUP3_Callback), (2 bytes).
    Removing stm32h7xx_hal_pwr_ex.o(.ARM.exidx.text.HAL_PWREx_WKUP3_Callback), (8 bytes).
    Removing stm32h7xx_hal_pwr_ex.o(.text.HAL_PWREx_WKUP4_Callback), (2 bytes).
    Removing stm32h7xx_hal_pwr_ex.o(.ARM.exidx.text.HAL_PWREx_WKUP4_Callback), (8 bytes).
    Removing stm32h7xx_hal_pwr_ex.o(.text.HAL_PWREx_WKUP5_Callback), (2 bytes).
    Removing stm32h7xx_hal_pwr_ex.o(.ARM.exidx.text.HAL_PWREx_WKUP5_Callback), (8 bytes).
    Removing stm32h7xx_hal_pwr_ex.o(.text.HAL_PWREx_WKUP6_Callback), (2 bytes).
    Removing stm32h7xx_hal_pwr_ex.o(.ARM.exidx.text.HAL_PWREx_WKUP6_Callback), (8 bytes).
    Removing stm32h7xx_hal_pwr_ex.o(.text.HAL_PWREx_EnableBkUpReg), (54 bytes).
    Removing stm32h7xx_hal_pwr_ex.o(.ARM.exidx.text.HAL_PWREx_EnableBkUpReg), (8 bytes).
    Removing stm32h7xx_hal_pwr_ex.o(.text.HAL_PWREx_DisableBkUpReg), (54 bytes).
    Removing stm32h7xx_hal_pwr_ex.o(.ARM.exidx.text.HAL_PWREx_DisableBkUpReg), (8 bytes).
    Removing stm32h7xx_hal_pwr_ex.o(.text.HAL_PWREx_EnableUSBReg), (54 bytes).
    Removing stm32h7xx_hal_pwr_ex.o(.ARM.exidx.text.HAL_PWREx_EnableUSBReg), (8 bytes).
    Removing stm32h7xx_hal_pwr_ex.o(.text.HAL_PWREx_DisableUSBReg), (54 bytes).
    Removing stm32h7xx_hal_pwr_ex.o(.ARM.exidx.text.HAL_PWREx_DisableUSBReg), (8 bytes).
    Removing stm32h7xx_hal_pwr_ex.o(.text.HAL_PWREx_EnableUSBVoltageDetector), (18 bytes).
    Removing stm32h7xx_hal_pwr_ex.o(.ARM.exidx.text.HAL_PWREx_EnableUSBVoltageDetector), (8 bytes).
    Removing stm32h7xx_hal_pwr_ex.o(.text.HAL_PWREx_DisableUSBVoltageDetector), (18 bytes).
    Removing stm32h7xx_hal_pwr_ex.o(.ARM.exidx.text.HAL_PWREx_DisableUSBVoltageDetector), (8 bytes).
    Removing stm32h7xx_hal_pwr_ex.o(.text.HAL_PWREx_EnableBatteryCharging), (28 bytes).
    Removing stm32h7xx_hal_pwr_ex.o(.ARM.exidx.text.HAL_PWREx_EnableBatteryCharging), (8 bytes).
    Removing stm32h7xx_hal_pwr_ex.o(.text.HAL_PWREx_DisableBatteryCharging), (18 bytes).
    Removing stm32h7xx_hal_pwr_ex.o(.ARM.exidx.text.HAL_PWREx_DisableBatteryCharging), (8 bytes).
    Removing stm32h7xx_hal_pwr_ex.o(.text.HAL_PWREx_EnableMonitoring), (18 bytes).
    Removing stm32h7xx_hal_pwr_ex.o(.ARM.exidx.text.HAL_PWREx_EnableMonitoring), (8 bytes).
    Removing stm32h7xx_hal_pwr_ex.o(.text.HAL_PWREx_DisableMonitoring), (18 bytes).
    Removing stm32h7xx_hal_pwr_ex.o(.ARM.exidx.text.HAL_PWREx_DisableMonitoring), (8 bytes).
    Removing stm32h7xx_hal_pwr_ex.o(.text.HAL_PWREx_GetTemperatureLevel), (34 bytes).
    Removing stm32h7xx_hal_pwr_ex.o(.ARM.exidx.text.HAL_PWREx_GetTemperatureLevel), (8 bytes).
    Removing stm32h7xx_hal_pwr_ex.o(.text.HAL_PWREx_GetVBATLevel), (34 bytes).
    Removing stm32h7xx_hal_pwr_ex.o(.ARM.exidx.text.HAL_PWREx_GetVBATLevel), (8 bytes).
    Removing stm32h7xx_hal_pwr_ex.o(.text.HAL_PWREx_ConfigAVD), (128 bytes).
    Removing stm32h7xx_hal_pwr_ex.o(.ARM.exidx.text.HAL_PWREx_ConfigAVD), (8 bytes).
    Removing stm32h7xx_hal_pwr_ex.o(.text.HAL_PWREx_EnableAVD), (18 bytes).
    Removing stm32h7xx_hal_pwr_ex.o(.ARM.exidx.text.HAL_PWREx_EnableAVD), (8 bytes).
    Removing stm32h7xx_hal_pwr_ex.o(.text.HAL_PWREx_DisableAVD), (18 bytes).
    Removing stm32h7xx_hal_pwr_ex.o(.ARM.exidx.text.HAL_PWREx_DisableAVD), (8 bytes).
    Removing stm32h7xx_hal_pwr_ex.o(.text.HAL_PWREx_PVD_AVD_IRQHandler), (92 bytes).
    Removing stm32h7xx_hal_pwr_ex.o(.ARM.exidx.text.HAL_PWREx_PVD_AVD_IRQHandler), (8 bytes).
    Removing stm32h7xx_hal_pwr_ex.o(.text.HAL_PWREx_AVDCallback), (2 bytes).
    Removing stm32h7xx_hal_pwr_ex.o(.ARM.exidx.text.HAL_PWREx_AVDCallback), (8 bytes).
    Removing stm32h7xx_hal_cortex.o(.text), (0 bytes).
    Removing stm32h7xx_hal_cortex.o(.ARM.exidx.text.HAL_NVIC_SetPriorityGrouping), (8 bytes).
    Removing stm32h7xx_hal_cortex.o(.ARM.exidx.text.HAL_NVIC_SetPriority), (8 bytes).
    Removing stm32h7xx_hal_cortex.o(.ARM.exidx.text.HAL_NVIC_EnableIRQ), (8 bytes).
    Removing stm32h7xx_hal_cortex.o(.text.HAL_NVIC_DisableIRQ), (40 bytes).
    Removing stm32h7xx_hal_cortex.o(.ARM.exidx.text.HAL_NVIC_DisableIRQ), (8 bytes).
    Removing stm32h7xx_hal_cortex.o(.text.HAL_NVIC_SystemReset), (36 bytes).
    Removing stm32h7xx_hal_cortex.o(.ARM.exidx.text.HAL_NVIC_SystemReset), (8 bytes).
    Removing stm32h7xx_hal_cortex.o(.ARM.exidx.text.HAL_SYSTICK_Config), (8 bytes).
    Removing stm32h7xx_hal_cortex.o(.ARM.exidx.text.HAL_MPU_Disable), (8 bytes).
    Removing stm32h7xx_hal_cortex.o(.ARM.exidx.text.HAL_MPU_Enable), (8 bytes).
    Removing stm32h7xx_hal_cortex.o(.text.HAL_MPU_EnableRegion), (22 bytes).
    Removing stm32h7xx_hal_cortex.o(.ARM.exidx.text.HAL_MPU_EnableRegion), (8 bytes).
    Removing stm32h7xx_hal_cortex.o(.text.HAL_MPU_DisableRegion), (22 bytes).
    Removing stm32h7xx_hal_cortex.o(.ARM.exidx.text.HAL_MPU_DisableRegion), (8 bytes).
    Removing stm32h7xx_hal_cortex.o(.ARM.exidx.text.HAL_MPU_ConfigRegion), (8 bytes).
    Removing stm32h7xx_hal_cortex.o(.text.HAL_NVIC_GetPriorityGrouping), (16 bytes).
    Removing stm32h7xx_hal_cortex.o(.ARM.exidx.text.HAL_NVIC_GetPriorityGrouping), (8 bytes).
    Removing stm32h7xx_hal_cortex.o(.text.HAL_NVIC_GetPriority), (96 bytes).
    Removing stm32h7xx_hal_cortex.o(.ARM.exidx.text.HAL_NVIC_GetPriority), (8 bytes).
    Removing stm32h7xx_hal_cortex.o(.text.HAL_NVIC_SetPendingIRQ), (32 bytes).
    Removing stm32h7xx_hal_cortex.o(.ARM.exidx.text.HAL_NVIC_SetPendingIRQ), (8 bytes).
    Removing stm32h7xx_hal_cortex.o(.text.HAL_NVIC_GetPendingIRQ), (40 bytes).
    Removing stm32h7xx_hal_cortex.o(.ARM.exidx.text.HAL_NVIC_GetPendingIRQ), (8 bytes).
    Removing stm32h7xx_hal_cortex.o(.text.HAL_NVIC_ClearPendingIRQ), (32 bytes).
    Removing stm32h7xx_hal_cortex.o(.ARM.exidx.text.HAL_NVIC_ClearPendingIRQ), (8 bytes).
    Removing stm32h7xx_hal_cortex.o(.text.HAL_NVIC_GetActive), (40 bytes).
    Removing stm32h7xx_hal_cortex.o(.ARM.exidx.text.HAL_NVIC_GetActive), (8 bytes).
    Removing stm32h7xx_hal_cortex.o(.text.HAL_SYSTICK_CLKSourceConfig), (26 bytes).
    Removing stm32h7xx_hal_cortex.o(.ARM.exidx.text.HAL_SYSTICK_CLKSourceConfig), (8 bytes).
    Removing stm32h7xx_hal_cortex.o(.text.HAL_SYSTICK_IRQHandler), (4 bytes).
    Removing stm32h7xx_hal_cortex.o(.ARM.exidx.text.HAL_SYSTICK_IRQHandler), (8 bytes).
    Removing stm32h7xx_hal_cortex.o(.text.HAL_SYSTICK_Callback), (2 bytes).
    Removing stm32h7xx_hal_cortex.o(.ARM.exidx.text.HAL_SYSTICK_Callback), (8 bytes).
    Removing stm32h7xx_hal_cortex.o(.text.HAL_GetCurrentCPUID), (4 bytes).
    Removing stm32h7xx_hal_cortex.o(.ARM.exidx.text.HAL_GetCurrentCPUID), (8 bytes).
    Removing stm32h7xx_hal.o(.text), (0 bytes).
    Removing stm32h7xx_hal.o(.ARM.exidx.text.HAL_Init), (8 bytes).
    Removing stm32h7xx_hal.o(.ARM.exidx.text.HAL_InitTick), (8 bytes).
    Removing stm32h7xx_hal.o(.text.HAL_MspInit), (2 bytes).
    Removing stm32h7xx_hal.o(.ARM.exidx.text.HAL_MspInit), (8 bytes).
    Removing stm32h7xx_hal.o(.text.HAL_DeInit), (114 bytes).
    Removing stm32h7xx_hal.o(.ARM.exidx.text.HAL_DeInit), (8 bytes).
    Removing stm32h7xx_hal.o(.text.HAL_MspDeInit), (2 bytes).
    Removing stm32h7xx_hal.o(.ARM.exidx.text.HAL_MspDeInit), (8 bytes).
    Removing stm32h7xx_hal.o(.ARM.exidx.text.HAL_IncTick), (8 bytes).
    Removing stm32h7xx_hal.o(.ARM.exidx.text.HAL_GetTick), (8 bytes).
    Removing stm32h7xx_hal.o(.text.HAL_GetTickPrio), (12 bytes).
    Removing stm32h7xx_hal.o(.ARM.exidx.text.HAL_GetTickPrio), (8 bytes).
    Removing stm32h7xx_hal.o(.text.HAL_SetTickFreq), (44 bytes).
    Removing stm32h7xx_hal.o(.ARM.exidx.text.HAL_SetTickFreq), (8 bytes).
    Removing stm32h7xx_hal.o(.text.HAL_GetTickFreq), (12 bytes).
    Removing stm32h7xx_hal.o(.ARM.exidx.text.HAL_GetTickFreq), (8 bytes).
    Removing stm32h7xx_hal.o(.ARM.exidx.text.HAL_Delay), (8 bytes).
    Removing stm32h7xx_hal.o(.text.HAL_SuspendTick), (18 bytes).
    Removing stm32h7xx_hal.o(.ARM.exidx.text.HAL_SuspendTick), (8 bytes).
    Removing stm32h7xx_hal.o(.text.HAL_ResumeTick), (18 bytes).
    Removing stm32h7xx_hal.o(.ARM.exidx.text.HAL_ResumeTick), (8 bytes).
    Removing stm32h7xx_hal.o(.text.HAL_GetHalVersion), (10 bytes).
    Removing stm32h7xx_hal.o(.ARM.exidx.text.HAL_GetHalVersion), (8 bytes).
    Removing stm32h7xx_hal.o(.ARM.exidx.text.HAL_GetREVID), (8 bytes).
    Removing stm32h7xx_hal.o(.text.HAL_GetDEVID), (16 bytes).
    Removing stm32h7xx_hal.o(.ARM.exidx.text.HAL_GetDEVID), (8 bytes).
    Removing stm32h7xx_hal.o(.text.HAL_GetUIDw0), (12 bytes).
    Removing stm32h7xx_hal.o(.ARM.exidx.text.HAL_GetUIDw0), (8 bytes).
    Removing stm32h7xx_hal.o(.text.HAL_GetUIDw1), (12 bytes).
    Removing stm32h7xx_hal.o(.ARM.exidx.text.HAL_GetUIDw1), (8 bytes).
    Removing stm32h7xx_hal.o(.text.HAL_GetUIDw2), (12 bytes).
    Removing stm32h7xx_hal.o(.ARM.exidx.text.HAL_GetUIDw2), (8 bytes).
    Removing stm32h7xx_hal.o(.text.HAL_SYSCFG_VREFBUF_VoltageScalingConfig), (20 bytes).
    Removing stm32h7xx_hal.o(.ARM.exidx.text.HAL_SYSCFG_VREFBUF_VoltageScalingConfig), (8 bytes).
    Removing stm32h7xx_hal.o(.text.HAL_SYSCFG_VREFBUF_HighImpedanceConfig), (20 bytes).
    Removing stm32h7xx_hal.o(.ARM.exidx.text.HAL_SYSCFG_VREFBUF_HighImpedanceConfig), (8 bytes).
    Removing stm32h7xx_hal.o(.text.HAL_SYSCFG_VREFBUF_TrimmingConfig), (20 bytes).
    Removing stm32h7xx_hal.o(.ARM.exidx.text.HAL_SYSCFG_VREFBUF_TrimmingConfig), (8 bytes).
    Removing stm32h7xx_hal.o(.text.HAL_SYSCFG_EnableVREFBUF), (54 bytes).
    Removing stm32h7xx_hal.o(.ARM.exidx.text.HAL_SYSCFG_EnableVREFBUF), (8 bytes).
    Removing stm32h7xx_hal.o(.text.HAL_SYSCFG_DisableVREFBUF), (18 bytes).
    Removing stm32h7xx_hal.o(.ARM.exidx.text.HAL_SYSCFG_DisableVREFBUF), (8 bytes).
    Removing stm32h7xx_hal.o(.text.HAL_SYSCFG_ETHInterfaceSelect), (20 bytes).
    Removing stm32h7xx_hal.o(.ARM.exidx.text.HAL_SYSCFG_ETHInterfaceSelect), (8 bytes).
    Removing stm32h7xx_hal.o(.text.HAL_SYSCFG_AnalogSwitchConfig), (20 bytes).
    Removing stm32h7xx_hal.o(.ARM.exidx.text.HAL_SYSCFG_AnalogSwitchConfig), (8 bytes).
    Removing stm32h7xx_hal.o(.text.HAL_SYSCFG_EnableBOOST), (18 bytes).
    Removing stm32h7xx_hal.o(.ARM.exidx.text.HAL_SYSCFG_EnableBOOST), (8 bytes).
    Removing stm32h7xx_hal.o(.text.HAL_SYSCFG_DisableBOOST), (18 bytes).
    Removing stm32h7xx_hal.o(.ARM.exidx.text.HAL_SYSCFG_DisableBOOST), (8 bytes).
    Removing stm32h7xx_hal.o(.text.HAL_SYSCFG_CM7BootAddConfig), (46 bytes).
    Removing stm32h7xx_hal.o(.ARM.exidx.text.HAL_SYSCFG_CM7BootAddConfig), (8 bytes).
    Removing stm32h7xx_hal.o(.text.HAL_EnableCompensationCell), (18 bytes).
    Removing stm32h7xx_hal.o(.ARM.exidx.text.HAL_EnableCompensationCell), (8 bytes).
    Removing stm32h7xx_hal.o(.text.HAL_DisableCompensationCell), (18 bytes).
    Removing stm32h7xx_hal.o(.ARM.exidx.text.HAL_DisableCompensationCell), (8 bytes).
    Removing stm32h7xx_hal.o(.text.HAL_SYSCFG_EnableIOSpeedOptimize), (18 bytes).
    Removing stm32h7xx_hal.o(.ARM.exidx.text.HAL_SYSCFG_EnableIOSpeedOptimize), (8 bytes).
    Removing stm32h7xx_hal.o(.text.HAL_SYSCFG_DisableIOSpeedOptimize), (18 bytes).
    Removing stm32h7xx_hal.o(.ARM.exidx.text.HAL_SYSCFG_DisableIOSpeedOptimize), (8 bytes).
    Removing stm32h7xx_hal.o(.text.HAL_SYSCFG_CompensationCodeSelect), (20 bytes).
    Removing stm32h7xx_hal.o(.ARM.exidx.text.HAL_SYSCFG_CompensationCodeSelect), (8 bytes).
    Removing stm32h7xx_hal.o(.text.HAL_SYSCFG_CompensationCodeConfig), (24 bytes).
    Removing stm32h7xx_hal.o(.ARM.exidx.text.HAL_SYSCFG_CompensationCodeConfig), (8 bytes).
    Removing stm32h7xx_hal.o(.text.HAL_DBGMCU_EnableDBGSleepMode), (18 bytes).
    Removing stm32h7xx_hal.o(.ARM.exidx.text.HAL_DBGMCU_EnableDBGSleepMode), (8 bytes).
    Removing stm32h7xx_hal.o(.text.HAL_DBGMCU_DisableDBGSleepMode), (18 bytes).
    Removing stm32h7xx_hal.o(.ARM.exidx.text.HAL_DBGMCU_DisableDBGSleepMode), (8 bytes).
    Removing stm32h7xx_hal.o(.text.HAL_DBGMCU_EnableDBGStopMode), (18 bytes).
    Removing stm32h7xx_hal.o(.ARM.exidx.text.HAL_DBGMCU_EnableDBGStopMode), (8 bytes).
    Removing stm32h7xx_hal.o(.text.HAL_DBGMCU_DisableDBGStopMode), (18 bytes).
    Removing stm32h7xx_hal.o(.ARM.exidx.text.HAL_DBGMCU_DisableDBGStopMode), (8 bytes).
    Removing stm32h7xx_hal.o(.text.HAL_DBGMCU_EnableDBGStandbyMode), (18 bytes).
    Removing stm32h7xx_hal.o(.ARM.exidx.text.HAL_DBGMCU_EnableDBGStandbyMode), (8 bytes).
    Removing stm32h7xx_hal.o(.text.HAL_DBGMCU_DisableDBGStandbyMode), (18 bytes).
    Removing stm32h7xx_hal.o(.ARM.exidx.text.HAL_DBGMCU_DisableDBGStandbyMode), (8 bytes).
    Removing stm32h7xx_hal.o(.text.HAL_SetFMCMemorySwappingConfig), (20 bytes).
    Removing stm32h7xx_hal.o(.ARM.exidx.text.HAL_SetFMCMemorySwappingConfig), (8 bytes).
    Removing stm32h7xx_hal.o(.text.HAL_GetFMCMemorySwappingConfig), (16 bytes).
    Removing stm32h7xx_hal.o(.ARM.exidx.text.HAL_GetFMCMemorySwappingConfig), (8 bytes).
    Removing stm32h7xx_hal.o(.text.HAL_EXTI_EdgeConfig), (80 bytes).
    Removing stm32h7xx_hal.o(.ARM.exidx.text.HAL_EXTI_EdgeConfig), (8 bytes).
    Removing stm32h7xx_hal.o(.text.HAL_EXTI_GenerateSWInterrupt), (34 bytes).
    Removing stm32h7xx_hal.o(.ARM.exidx.text.HAL_EXTI_GenerateSWInterrupt), (8 bytes).
    Removing stm32h7xx_hal.o(.text.HAL_EXTI_D1_ClearFlag), (32 bytes).
    Removing stm32h7xx_hal.o(.ARM.exidx.text.HAL_EXTI_D1_ClearFlag), (8 bytes).
    Removing stm32h7xx_hal.o(.text.HAL_EXTI_D1_EventInputConfig), (108 bytes).
    Removing stm32h7xx_hal.o(.ARM.exidx.text.HAL_EXTI_D1_EventInputConfig), (8 bytes).
    Removing stm32h7xx_hal.o(.text.HAL_EXTI_D3_EventInputConfig), (88 bytes).
    Removing stm32h7xx_hal.o(.ARM.exidx.text.HAL_EXTI_D3_EventInputConfig), (8 bytes).
    Removing stm32h7xx_hal_i2c.o(.text), (0 bytes).
    Removing stm32h7xx_hal_i2c.o(.text.HAL_I2C_Init), (168 bytes).
    Removing stm32h7xx_hal_i2c.o(.ARM.exidx.text.HAL_I2C_Init), (8 bytes).
    Removing stm32h7xx_hal_i2c.o(.text.HAL_I2C_MspInit), (2 bytes).
    Removing stm32h7xx_hal_i2c.o(.ARM.exidx.text.HAL_I2C_MspInit), (8 bytes).
    Removing stm32h7xx_hal_i2c.o(.text.HAL_I2C_DeInit), (54 bytes).
    Removing stm32h7xx_hal_i2c.o(.ARM.exidx.text.HAL_I2C_DeInit), (8 bytes).
    Removing stm32h7xx_hal_i2c.o(.text.HAL_I2C_MspDeInit), (2 bytes).
    Removing stm32h7xx_hal_i2c.o(.ARM.exidx.text.HAL_I2C_MspDeInit), (8 bytes).
    Removing stm32h7xx_hal_i2c.o(.text.HAL_I2C_Master_Transmit), (700 bytes).
    Removing stm32h7xx_hal_i2c.o(.ARM.exidx.text.HAL_I2C_Master_Transmit), (8 bytes).
    Removing stm32h7xx_hal_i2c.o(.text.HAL_I2C_Master_Receive), (576 bytes).
    Removing stm32h7xx_hal_i2c.o(.ARM.exidx.text.HAL_I2C_Master_Receive), (8 bytes).
    Removing stm32h7xx_hal_i2c.o(.text.I2C_WaitOnRXNEFlagUntilTimeout), (210 bytes).
    Removing stm32h7xx_hal_i2c.o(.ARM.exidx.text.I2C_WaitOnRXNEFlagUntilTimeout), (8 bytes).
    Removing stm32h7xx_hal_i2c.o(.text.HAL_I2C_Slave_Transmit), (834 bytes).
    Removing stm32h7xx_hal_i2c.o(.ARM.exidx.text.HAL_I2C_Slave_Transmit), (8 bytes).
    Removing stm32h7xx_hal_i2c.o(.text.HAL_I2C_Slave_Receive), (550 bytes).
    Removing stm32h7xx_hal_i2c.o(.ARM.exidx.text.HAL_I2C_Slave_Receive), (8 bytes).
    Removing stm32h7xx_hal_i2c.o(.text.HAL_I2C_Master_Transmit_IT), (226 bytes).
    Removing stm32h7xx_hal_i2c.o(.ARM.exidx.text.HAL_I2C_Master_Transmit_IT), (8 bytes).
    Removing stm32h7xx_hal_i2c.o(.text.I2C_Master_ISR_IT), (478 bytes).
    Removing stm32h7xx_hal_i2c.o(.ARM.exidx.text.I2C_Master_ISR_IT), (8 bytes).
    Removing stm32h7xx_hal_i2c.o(.text.HAL_I2C_Master_Receive_IT), (178 bytes).
    Removing stm32h7xx_hal_i2c.o(.ARM.exidx.text.HAL_I2C_Master_Receive_IT), (8 bytes).
    Removing stm32h7xx_hal_i2c.o(.text.HAL_I2C_Slave_Transmit_IT), (146 bytes).
    Removing stm32h7xx_hal_i2c.o(.ARM.exidx.text.HAL_I2C_Slave_Transmit_IT), (8 bytes).
    Removing stm32h7xx_hal_i2c.o(.text.I2C_Slave_ISR_IT), (376 bytes).
    Removing stm32h7xx_hal_i2c.o(.ARM.exidx.text.I2C_Slave_ISR_IT), (8 bytes).
    Removing stm32h7xx_hal_i2c.o(.text.HAL_I2C_Slave_Receive_IT), (112 bytes).
    Removing stm32h7xx_hal_i2c.o(.ARM.exidx.text.HAL_I2C_Slave_Receive_IT), (8 bytes).
    Removing stm32h7xx_hal_i2c.o(.text.HAL_I2C_Master_Transmit_DMA), (380 bytes).
    Removing stm32h7xx_hal_i2c.o(.ARM.exidx.text.HAL_I2C_Master_Transmit_DMA), (8 bytes).
    Removing stm32h7xx_hal_i2c.o(.text.I2C_Master_ISR_DMA), (448 bytes).
    Removing stm32h7xx_hal_i2c.o(.ARM.exidx.text.I2C_Master_ISR_DMA), (8 bytes).
    Removing stm32h7xx_hal_i2c.o(.text.I2C_DMAMasterTransmitCplt), (170 bytes).
    Removing stm32h7xx_hal_i2c.o(.ARM.exidx.text.I2C_DMAMasterTransmitCplt), (8 bytes).
    Removing stm32h7xx_hal_i2c.o(.text.I2C_DMAError), (516 bytes).
    Removing stm32h7xx_hal_i2c.o(.ARM.exidx.text.I2C_DMAError), (8 bytes).
    Removing stm32h7xx_hal_i2c.o(.text.HAL_I2C_Master_Receive_DMA), (332 bytes).
    Removing stm32h7xx_hal_i2c.o(.ARM.exidx.text.HAL_I2C_Master_Receive_DMA), (8 bytes).
    Removing stm32h7xx_hal_i2c.o(.text.I2C_DMAMasterReceiveCplt), (170 bytes).
    Removing stm32h7xx_hal_i2c.o(.ARM.exidx.text.I2C_DMAMasterReceiveCplt), (8 bytes).
    Removing stm32h7xx_hal_i2c.o(.text.HAL_I2C_Slave_Transmit_DMA), (280 bytes).
    Removing stm32h7xx_hal_i2c.o(.ARM.exidx.text.HAL_I2C_Slave_Transmit_DMA), (8 bytes).
    Removing stm32h7xx_hal_i2c.o(.text.I2C_Slave_ISR_DMA), (880 bytes).
    Removing stm32h7xx_hal_i2c.o(.ARM.exidx.text.I2C_Slave_ISR_DMA), (8 bytes).
    Removing stm32h7xx_hal_i2c.o(.text.I2C_DMASlaveTransmitCplt), (30 bytes).
    Removing stm32h7xx_hal_i2c.o(.ARM.exidx.text.I2C_DMASlaveTransmitCplt), (8 bytes).
    Removing stm32h7xx_hal_i2c.o(.text.HAL_I2C_Slave_Receive_DMA), (226 bytes).
    Removing stm32h7xx_hal_i2c.o(.ARM.exidx.text.HAL_I2C_Slave_Receive_DMA), (8 bytes).
    Removing stm32h7xx_hal_i2c.o(.text.I2C_DMASlaveReceiveCplt), (258 bytes).
    Removing stm32h7xx_hal_i2c.o(.ARM.exidx.text.I2C_DMASlaveReceiveCplt), (8 bytes).
    Removing stm32h7xx_hal_i2c.o(.text.HAL_I2C_Mem_Write), (946 bytes).
    Removing stm32h7xx_hal_i2c.o(.ARM.exidx.text.HAL_I2C_Mem_Write), (8 bytes).
    Removing stm32h7xx_hal_i2c.o(.text.HAL_I2C_Mem_Read), (958 bytes).
    Removing stm32h7xx_hal_i2c.o(.ARM.exidx.text.HAL_I2C_Mem_Read), (8 bytes).
    Removing stm32h7xx_hal_i2c.o(.text.HAL_I2C_Mem_Write_IT), (204 bytes).
    Removing stm32h7xx_hal_i2c.o(.ARM.exidx.text.HAL_I2C_Mem_Write_IT), (8 bytes).
    Removing stm32h7xx_hal_i2c.o(.text.I2C_Mem_ISR_IT), (436 bytes).
    Removing stm32h7xx_hal_i2c.o(.ARM.exidx.text.I2C_Mem_ISR_IT), (8 bytes).
    Removing stm32h7xx_hal_i2c.o(.text.HAL_I2C_Mem_Read_IT), (196 bytes).
    Removing stm32h7xx_hal_i2c.o(.ARM.exidx.text.HAL_I2C_Mem_Read_IT), (8 bytes).
    Removing stm32h7xx_hal_i2c.o(.text.HAL_I2C_Mem_Write_DMA), (296 bytes).
    Removing stm32h7xx_hal_i2c.o(.ARM.exidx.text.HAL_I2C_Mem_Write_DMA), (8 bytes).
    Removing stm32h7xx_hal_i2c.o(.text.I2C_Mem_ISR_DMA), (426 bytes).
    Removing stm32h7xx_hal_i2c.o(.ARM.exidx.text.I2C_Mem_ISR_DMA), (8 bytes).
    Removing stm32h7xx_hal_i2c.o(.text.HAL_I2C_Mem_Read_DMA), (298 bytes).
    Removing stm32h7xx_hal_i2c.o(.ARM.exidx.text.HAL_I2C_Mem_Read_DMA), (8 bytes).
    Removing stm32h7xx_hal_i2c.o(.text.HAL_I2C_IsDeviceReady), (422 bytes).
    Removing stm32h7xx_hal_i2c.o(.ARM.exidx.text.HAL_I2C_IsDeviceReady), (8 bytes).
    Removing stm32h7xx_hal_i2c.o(.text.HAL_I2C_Master_Seq_Transmit_IT), (272 bytes).
    Removing stm32h7xx_hal_i2c.o(.ARM.exidx.text.HAL_I2C_Master_Seq_Transmit_IT), (8 bytes).
    Removing stm32h7xx_hal_i2c.o(.text.HAL_I2C_Master_Seq_Transmit_DMA), (488 bytes).
    Removing stm32h7xx_hal_i2c.o(.ARM.exidx.text.HAL_I2C_Master_Seq_Transmit_DMA), (8 bytes).
    Removing stm32h7xx_hal_i2c.o(.text.HAL_I2C_Master_Seq_Receive_IT), (248 bytes).
    Removing stm32h7xx_hal_i2c.o(.ARM.exidx.text.HAL_I2C_Master_Seq_Receive_IT), (8 bytes).
    Removing stm32h7xx_hal_i2c.o(.text.HAL_I2C_Master_Seq_Receive_DMA), (406 bytes).
    Removing stm32h7xx_hal_i2c.o(.ARM.exidx.text.HAL_I2C_Master_Seq_Receive_DMA), (8 bytes).
    Removing stm32h7xx_hal_i2c.o(.text.HAL_I2C_Slave_Seq_Transmit_IT), (238 bytes).
    Removing stm32h7xx_hal_i2c.o(.ARM.exidx.text.HAL_I2C_Slave_Seq_Transmit_IT), (8 bytes).
    Removing stm32h7xx_hal_i2c.o(.text.I2C_DMAAbort), (60 bytes).
    Removing stm32h7xx_hal_i2c.o(.ARM.exidx.text.I2C_DMAAbort), (8 bytes).
    Removing stm32h7xx_hal_i2c.o(.text.HAL_I2C_Slave_Seq_Transmit_DMA), (398 bytes).
    Removing stm32h7xx_hal_i2c.o(.ARM.exidx.text.HAL_I2C_Slave_Seq_Transmit_DMA), (8 bytes).
    Removing stm32h7xx_hal_i2c.o(.text.HAL_I2C_Slave_Seq_Receive_IT), (238 bytes).
    Removing stm32h7xx_hal_i2c.o(.ARM.exidx.text.HAL_I2C_Slave_Seq_Receive_IT), (8 bytes).
    Removing stm32h7xx_hal_i2c.o(.text.HAL_I2C_Slave_Seq_Receive_DMA), (400 bytes).
    Removing stm32h7xx_hal_i2c.o(.ARM.exidx.text.HAL_I2C_Slave_Seq_Receive_DMA), (8 bytes).
    Removing stm32h7xx_hal_i2c.o(.text.HAL_I2C_EnableListen_IT), (46 bytes).
    Removing stm32h7xx_hal_i2c.o(.ARM.exidx.text.HAL_I2C_EnableListen_IT), (8 bytes).
    Removing stm32h7xx_hal_i2c.o(.text.HAL_I2C_DisableListen_IT), (60 bytes).
    Removing stm32h7xx_hal_i2c.o(.ARM.exidx.text.HAL_I2C_DisableListen_IT), (8 bytes).
    Removing stm32h7xx_hal_i2c.o(.text.HAL_I2C_Master_Abort_IT), (224 bytes).
    Removing stm32h7xx_hal_i2c.o(.ARM.exidx.text.HAL_I2C_Master_Abort_IT), (8 bytes).
    Removing stm32h7xx_hal_i2c.o(.text.HAL_I2C_EV_IRQHandler), (24 bytes).
    Removing stm32h7xx_hal_i2c.o(.ARM.exidx.text.HAL_I2C_EV_IRQHandler), (8 bytes).
    Removing stm32h7xx_hal_i2c.o(.text.HAL_I2C_ER_IRQHandler), (104 bytes).
    Removing stm32h7xx_hal_i2c.o(.ARM.exidx.text.HAL_I2C_ER_IRQHandler), (8 bytes).
    Removing stm32h7xx_hal_i2c.o(.text.I2C_ITError), (400 bytes).
    Removing stm32h7xx_hal_i2c.o(.ARM.exidx.text.I2C_ITError), (8 bytes).
    Removing stm32h7xx_hal_i2c.o(.text.HAL_I2C_MasterTxCpltCallback), (2 bytes).
    Removing stm32h7xx_hal_i2c.o(.ARM.exidx.text.HAL_I2C_MasterTxCpltCallback), (8 bytes).
    Removing stm32h7xx_hal_i2c.o(.text.HAL_I2C_MasterRxCpltCallback), (2 bytes).
    Removing stm32h7xx_hal_i2c.o(.ARM.exidx.text.HAL_I2C_MasterRxCpltCallback), (8 bytes).
    Removing stm32h7xx_hal_i2c.o(.text.HAL_I2C_SlaveTxCpltCallback), (2 bytes).
    Removing stm32h7xx_hal_i2c.o(.ARM.exidx.text.HAL_I2C_SlaveTxCpltCallback), (8 bytes).
    Removing stm32h7xx_hal_i2c.o(.text.HAL_I2C_SlaveRxCpltCallback), (2 bytes).
    Removing stm32h7xx_hal_i2c.o(.ARM.exidx.text.HAL_I2C_SlaveRxCpltCallback), (8 bytes).
    Removing stm32h7xx_hal_i2c.o(.text.HAL_I2C_AddrCallback), (2 bytes).
    Removing stm32h7xx_hal_i2c.o(.ARM.exidx.text.HAL_I2C_AddrCallback), (8 bytes).
    Removing stm32h7xx_hal_i2c.o(.text.HAL_I2C_ListenCpltCallback), (2 bytes).
    Removing stm32h7xx_hal_i2c.o(.ARM.exidx.text.HAL_I2C_ListenCpltCallback), (8 bytes).
    Removing stm32h7xx_hal_i2c.o(.text.HAL_I2C_MemTxCpltCallback), (2 bytes).
    Removing stm32h7xx_hal_i2c.o(.ARM.exidx.text.HAL_I2C_MemTxCpltCallback), (8 bytes).
    Removing stm32h7xx_hal_i2c.o(.text.HAL_I2C_MemRxCpltCallback), (2 bytes).
    Removing stm32h7xx_hal_i2c.o(.ARM.exidx.text.HAL_I2C_MemRxCpltCallback), (8 bytes).
    Removing stm32h7xx_hal_i2c.o(.text.HAL_I2C_ErrorCallback), (2 bytes).
    Removing stm32h7xx_hal_i2c.o(.ARM.exidx.text.HAL_I2C_ErrorCallback), (8 bytes).
    Removing stm32h7xx_hal_i2c.o(.text.HAL_I2C_AbortCpltCallback), (2 bytes).
    Removing stm32h7xx_hal_i2c.o(.ARM.exidx.text.HAL_I2C_AbortCpltCallback), (8 bytes).
    Removing stm32h7xx_hal_i2c.o(.text.HAL_I2C_GetState), (6 bytes).
    Removing stm32h7xx_hal_i2c.o(.ARM.exidx.text.HAL_I2C_GetState), (8 bytes).
    Removing stm32h7xx_hal_i2c.o(.text.HAL_I2C_GetMode), (6 bytes).
    Removing stm32h7xx_hal_i2c.o(.ARM.exidx.text.HAL_I2C_GetMode), (8 bytes).
    Removing stm32h7xx_hal_i2c.o(.text.HAL_I2C_GetError), (4 bytes).
    Removing stm32h7xx_hal_i2c.o(.ARM.exidx.text.HAL_I2C_GetError), (8 bytes).
    Removing stm32h7xx_hal_i2c.o(.text.I2C_ITMasterCplt), (306 bytes).
    Removing stm32h7xx_hal_i2c.o(.ARM.exidx.text.I2C_ITMasterCplt), (8 bytes).
    Removing stm32h7xx_hal_i2c.o(.text.I2C_ITSlaveCplt), (880 bytes).
    Removing stm32h7xx_hal_i2c.o(.ARM.exidx.text.I2C_ITSlaveCplt), (8 bytes).
    Removing stm32h7xx_hal_i2c.o(.text.I2C_ITSlaveSeqCplt), (146 bytes).
    Removing stm32h7xx_hal_i2c.o(.ARM.exidx.text.I2C_ITSlaveSeqCplt), (8 bytes).
    Removing stm32h7xx_hal_i2c.o(.text.I2C_ITAddrCplt), (156 bytes).
    Removing stm32h7xx_hal_i2c.o(.ARM.exidx.text.I2C_ITAddrCplt), (8 bytes).
    Removing stm32h7xx_hal_i2c.o(.text.I2C_IsErrorOccurred), (274 bytes).
    Removing stm32h7xx_hal_i2c.o(.ARM.exidx.text.I2C_IsErrorOccurred), (8 bytes).
    Removing stm32h7xx_hal_i2c_ex.o(.text), (0 bytes).
    Removing stm32h7xx_hal_i2c_ex.o(.text.HAL_I2CEx_ConfigAnalogFilter), (76 bytes).
    Removing stm32h7xx_hal_i2c_ex.o(.ARM.exidx.text.HAL_I2CEx_ConfigAnalogFilter), (8 bytes).
    Removing stm32h7xx_hal_i2c_ex.o(.text.HAL_I2CEx_ConfigDigitalFilter), (74 bytes).
    Removing stm32h7xx_hal_i2c_ex.o(.ARM.exidx.text.HAL_I2CEx_ConfigDigitalFilter), (8 bytes).
    Removing stm32h7xx_hal_i2c_ex.o(.text.HAL_I2CEx_EnableWakeUp), (70 bytes).
    Removing stm32h7xx_hal_i2c_ex.o(.ARM.exidx.text.HAL_I2CEx_EnableWakeUp), (8 bytes).
    Removing stm32h7xx_hal_i2c_ex.o(.text.HAL_I2CEx_DisableWakeUp), (70 bytes).
    Removing stm32h7xx_hal_i2c_ex.o(.ARM.exidx.text.HAL_I2CEx_DisableWakeUp), (8 bytes).
    Removing stm32h7xx_hal_i2c_ex.o(.text.HAL_I2CEx_EnableFastModePlus), (46 bytes).
    Removing stm32h7xx_hal_i2c_ex.o(.ARM.exidx.text.HAL_I2CEx_EnableFastModePlus), (8 bytes).
    Removing stm32h7xx_hal_i2c_ex.o(.text.HAL_I2CEx_DisableFastModePlus), (48 bytes).
    Removing stm32h7xx_hal_i2c_ex.o(.ARM.exidx.text.HAL_I2CEx_DisableFastModePlus), (8 bytes).
    Removing stm32h7xx_hal_exti.o(.text), (0 bytes).
    Removing stm32h7xx_hal_exti.o(.text.HAL_EXTI_SetConfigLine), (324 bytes).
    Removing stm32h7xx_hal_exti.o(.ARM.exidx.text.HAL_EXTI_SetConfigLine), (8 bytes).
    Removing stm32h7xx_hal_exti.o(.text.HAL_EXTI_GetConfigLine), (236 bytes).
    Removing stm32h7xx_hal_exti.o(.ARM.exidx.text.HAL_EXTI_GetConfigLine), (8 bytes).
    Removing stm32h7xx_hal_exti.o(.text.HAL_EXTI_ClearConfigLine), (218 bytes).
    Removing stm32h7xx_hal_exti.o(.ARM.exidx.text.HAL_EXTI_ClearConfigLine), (8 bytes).
    Removing stm32h7xx_hal_exti.o(.text.HAL_EXTI_RegisterCallback), (20 bytes).
    Removing stm32h7xx_hal_exti.o(.ARM.exidx.text.HAL_EXTI_RegisterCallback), (8 bytes).
    Removing stm32h7xx_hal_exti.o(.text.HAL_EXTI_GetHandle), (12 bytes).
    Removing stm32h7xx_hal_exti.o(.ARM.exidx.text.HAL_EXTI_GetHandle), (8 bytes).
    Removing stm32h7xx_hal_exti.o(.text.HAL_EXTI_IRQHandler), (48 bytes).
    Removing stm32h7xx_hal_exti.o(.ARM.exidx.text.HAL_EXTI_IRQHandler), (8 bytes).
    Removing stm32h7xx_hal_exti.o(.text.HAL_EXTI_GetPending), (32 bytes).
    Removing stm32h7xx_hal_exti.o(.ARM.exidx.text.HAL_EXTI_GetPending), (8 bytes).
    Removing stm32h7xx_hal_exti.o(.text.HAL_EXTI_ClearPending), (28 bytes).
    Removing stm32h7xx_hal_exti.o(.ARM.exidx.text.HAL_EXTI_ClearPending), (8 bytes).
    Removing stm32h7xx_hal_exti.o(.text.HAL_EXTI_GenerateSWI), (28 bytes).
    Removing stm32h7xx_hal_exti.o(.ARM.exidx.text.HAL_EXTI_GenerateSWI), (8 bytes).
    Removing stm32h7xx_hal_tim.o(.text), (0 bytes).
    Removing stm32h7xx_hal_tim.o(.ARM.exidx.text.HAL_TIM_Base_Init), (8 bytes).
    Removing stm32h7xx_hal_tim.o(.text.HAL_TIM_Base_MspInit), (2 bytes).
    Removing stm32h7xx_hal_tim.o(.ARM.exidx.text.HAL_TIM_Base_MspInit), (8 bytes).
    Removing stm32h7xx_hal_tim.o(.text.TIM_Base_SetConfig), (328 bytes).
    Removing stm32h7xx_hal_tim.o(.ARM.exidx.text.TIM_Base_SetConfig), (8 bytes).
    Removing stm32h7xx_hal_tim.o(.text.HAL_TIM_Base_DeInit), (104 bytes).
    Removing stm32h7xx_hal_tim.o(.ARM.exidx.text.HAL_TIM_Base_DeInit), (8 bytes).
    Removing stm32h7xx_hal_tim.o(.text.HAL_TIM_Base_MspDeInit), (2 bytes).
    Removing stm32h7xx_hal_tim.o(.ARM.exidx.text.HAL_TIM_Base_MspDeInit), (8 bytes).
    Removing stm32h7xx_hal_tim.o(.text.HAL_TIM_Base_Start), (168 bytes).
    Removing stm32h7xx_hal_tim.o(.ARM.exidx.text.HAL_TIM_Base_Start), (8 bytes).
    Removing stm32h7xx_hal_tim.o(.text.HAL_TIM_Base_Stop), (40 bytes).
    Removing stm32h7xx_hal_tim.o(.ARM.exidx.text.HAL_TIM_Base_Stop), (8 bytes).
    Removing stm32h7xx_hal_tim.o(.text.HAL_TIM_Base_Start_IT), (176 bytes).
    Removing stm32h7xx_hal_tim.o(.ARM.exidx.text.HAL_TIM_Base_Start_IT), (8 bytes).
    Removing stm32h7xx_hal_tim.o(.text.HAL_TIM_Base_Stop_IT), (48 bytes).
    Removing stm32h7xx_hal_tim.o(.ARM.exidx.text.HAL_TIM_Base_Stop_IT), (8 bytes).
    Removing stm32h7xx_hal_tim.o(.text.HAL_TIM_Base_Start_DMA), (260 bytes).
    Removing stm32h7xx_hal_tim.o(.ARM.exidx.text.HAL_TIM_Base_Start_DMA), (8 bytes).
    Removing stm32h7xx_hal_tim.o(.text.TIM_DMAPeriodElapsedCplt), (20 bytes).
    Removing stm32h7xx_hal_tim.o(.ARM.exidx.text.TIM_DMAPeriodElapsedCplt), (8 bytes).
    Removing stm32h7xx_hal_tim.o(.text.TIM_DMAPeriodElapsedHalfCplt), (6 bytes).
    Removing stm32h7xx_hal_tim.o(.ARM.exidx.text.TIM_DMAPeriodElapsedHalfCplt), (8 bytes).
    Removing stm32h7xx_hal_tim.o(.text.TIM_DMAError), (92 bytes).
    Removing stm32h7xx_hal_tim.o(.ARM.exidx.text.TIM_DMAError), (8 bytes).
    Removing stm32h7xx_hal_tim.o(.text.HAL_TIM_Base_Stop_DMA), (60 bytes).
    Removing stm32h7xx_hal_tim.o(.ARM.exidx.text.HAL_TIM_Base_Stop_DMA), (8 bytes).
    Removing stm32h7xx_hal_tim.o(.text.HAL_TIM_OC_Init), (410 bytes).
    Removing stm32h7xx_hal_tim.o(.ARM.exidx.text.HAL_TIM_OC_Init), (8 bytes).
    Removing stm32h7xx_hal_tim.o(.text.HAL_TIM_OC_MspInit), (2 bytes).
    Removing stm32h7xx_hal_tim.o(.ARM.exidx.text.HAL_TIM_OC_MspInit), (8 bytes).
    Removing stm32h7xx_hal_tim.o(.text.HAL_TIM_OC_DeInit), (104 bytes).
    Removing stm32h7xx_hal_tim.o(.ARM.exidx.text.HAL_TIM_OC_DeInit), (8 bytes).
    Removing stm32h7xx_hal_tim.o(.text.HAL_TIM_OC_MspDeInit), (2 bytes).
    Removing stm32h7xx_hal_tim.o(.ARM.exidx.text.HAL_TIM_OC_MspDeInit), (8 bytes).
    Removing stm32h7xx_hal_tim.o(.text.HAL_TIM_OC_Start), (410 bytes).
    Removing stm32h7xx_hal_tim.o(.ARM.exidx.text.HAL_TIM_OC_Start), (8 bytes).
    Removing stm32h7xx_hal_tim.o(.text.TIM_CCxChannelCmd), (30 bytes).
    Removing stm32h7xx_hal_tim.o(.ARM.exidx.text.TIM_CCxChannelCmd), (8 bytes).
    Removing stm32h7xx_hal_tim.o(.text.HAL_TIM_OC_Stop), (238 bytes).
    Removing stm32h7xx_hal_tim.o(.ARM.exidx.text.HAL_TIM_OC_Stop), (8 bytes).
    Removing stm32h7xx_hal_tim.o(.text.HAL_TIM_OC_Start_IT), (448 bytes).
    Removing stm32h7xx_hal_tim.o(.ARM.exidx.text.HAL_TIM_OC_Start_IT), (8 bytes).
    Removing stm32h7xx_hal_tim.o(.text.HAL_TIM_OC_Stop_IT), (242 bytes).
    Removing stm32h7xx_hal_tim.o(.ARM.exidx.text.HAL_TIM_OC_Stop_IT), (8 bytes).
    Removing stm32h7xx_hal_tim.o(.text.HAL_TIM_OC_Start_DMA), (744 bytes).
    Removing stm32h7xx_hal_tim.o(.ARM.exidx.text.HAL_TIM_OC_Start_DMA), (8 bytes).
    Removing stm32h7xx_hal_tim.o(.text.TIM_DMADelayPulseCplt), (124 bytes).
    Removing stm32h7xx_hal_tim.o(.ARM.exidx.text.TIM_DMADelayPulseCplt), (8 bytes).
    Removing stm32h7xx_hal_tim.o(.text.TIM_DMADelayPulseHalfCplt), (56 bytes).
    Removing stm32h7xx_hal_tim.o(.ARM.exidx.text.TIM_DMADelayPulseHalfCplt), (8 bytes).
    Removing stm32h7xx_hal_tim.o(.text.HAL_TIM_OC_Stop_DMA), (292 bytes).
    Removing stm32h7xx_hal_tim.o(.ARM.exidx.text.HAL_TIM_OC_Stop_DMA), (8 bytes).
    Removing stm32h7xx_hal_tim.o(.ARM.exidx.text.HAL_TIM_PWM_Init), (8 bytes).
    Removing stm32h7xx_hal_tim.o(.ARM.exidx.text.HAL_TIM_PWM_MspInit), (8 bytes).
    Removing stm32h7xx_hal_tim.o(.text.HAL_TIM_PWM_DeInit), (104 bytes).
    Removing stm32h7xx_hal_tim.o(.ARM.exidx.text.HAL_TIM_PWM_DeInit), (8 bytes).
    Removing stm32h7xx_hal_tim.o(.text.HAL_TIM_PWM_MspDeInit), (2 bytes).
    Removing stm32h7xx_hal_tim.o(.ARM.exidx.text.HAL_TIM_PWM_MspDeInit), (8 bytes).
    Removing stm32h7xx_hal_tim.o(.ARM.exidx.text.HAL_TIM_PWM_Start), (8 bytes).
    Removing stm32h7xx_hal_tim.o(.ARM.exidx.text.HAL_TIM_PWM_Stop), (8 bytes).
    Removing stm32h7xx_hal_tim.o(.text.HAL_TIM_PWM_Start_IT), (448 bytes).
    Removing stm32h7xx_hal_tim.o(.ARM.exidx.text.HAL_TIM_PWM_Start_IT), (8 bytes).
    Removing stm32h7xx_hal_tim.o(.text.HAL_TIM_PWM_Stop_IT), (242 bytes).
    Removing stm32h7xx_hal_tim.o(.ARM.exidx.text.HAL_TIM_PWM_Stop_IT), (8 bytes).
    Removing stm32h7xx_hal_tim.o(.text.HAL_TIM_PWM_Start_DMA), (744 bytes).
    Removing stm32h7xx_hal_tim.o(.ARM.exidx.text.HAL_TIM_PWM_Start_DMA), (8 bytes).
    Removing stm32h7xx_hal_tim.o(.text.HAL_TIM_PWM_Stop_DMA), (292 bytes).
    Removing stm32h7xx_hal_tim.o(.ARM.exidx.text.HAL_TIM_PWM_Stop_DMA), (8 bytes).
    Removing stm32h7xx_hal_tim.o(.text.HAL_TIM_IC_Init), (410 bytes).
    Removing stm32h7xx_hal_tim.o(.ARM.exidx.text.HAL_TIM_IC_Init), (8 bytes).
    Removing stm32h7xx_hal_tim.o(.text.HAL_TIM_IC_MspInit), (2 bytes).
    Removing stm32h7xx_hal_tim.o(.ARM.exidx.text.HAL_TIM_IC_MspInit), (8 bytes).
    Removing stm32h7xx_hal_tim.o(.text.HAL_TIM_IC_DeInit), (104 bytes).
    Removing stm32h7xx_hal_tim.o(.ARM.exidx.text.HAL_TIM_IC_DeInit), (8 bytes).
    Removing stm32h7xx_hal_tim.o(.text.HAL_TIM_IC_MspDeInit), (2 bytes).
    Removing stm32h7xx_hal_tim.o(.ARM.exidx.text.HAL_TIM_IC_MspDeInit), (8 bytes).
    Removing stm32h7xx_hal_tim.o(.text.HAL_TIM_IC_Start), (342 bytes).
    Removing stm32h7xx_hal_tim.o(.ARM.exidx.text.HAL_TIM_IC_Start), (8 bytes).
    Removing stm32h7xx_hal_tim.o(.text.HAL_TIM_IC_Stop), (184 bytes).
    Removing stm32h7xx_hal_tim.o(.ARM.exidx.text.HAL_TIM_IC_Stop), (8 bytes).
    Removing stm32h7xx_hal_tim.o(.text.HAL_TIM_IC_Start_IT), (368 bytes).
    Removing stm32h7xx_hal_tim.o(.ARM.exidx.text.HAL_TIM_IC_Start_IT), (8 bytes).
    Removing stm32h7xx_hal_tim.o(.text.HAL_TIM_IC_Stop_IT), (228 bytes).
    Removing stm32h7xx_hal_tim.o(.ARM.exidx.text.HAL_TIM_IC_Stop_IT), (8 bytes).
    Removing stm32h7xx_hal_tim.o(.text.HAL_TIM_IC_Start_DMA), (678 bytes).
    Removing stm32h7xx_hal_tim.o(.ARM.exidx.text.HAL_TIM_IC_Start_DMA), (8 bytes).
    Removing stm32h7xx_hal_tim.o(.text.TIM_DMACaptureCplt), (136 bytes).
    Removing stm32h7xx_hal_tim.o(.ARM.exidx.text.TIM_DMACaptureCplt), (8 bytes).
    Removing stm32h7xx_hal_tim.o(.text.TIM_DMACaptureHalfCplt), (56 bytes).
    Removing stm32h7xx_hal_tim.o(.ARM.exidx.text.TIM_DMACaptureHalfCplt), (8 bytes).
    Removing stm32h7xx_hal_tim.o(.text.HAL_TIM_IC_Stop_DMA), (238 bytes).
    Removing stm32h7xx_hal_tim.o(.ARM.exidx.text.HAL_TIM_IC_Stop_DMA), (8 bytes).
    Removing stm32h7xx_hal_tim.o(.text.HAL_TIM_OnePulse_Init), (402 bytes).
    Removing stm32h7xx_hal_tim.o(.ARM.exidx.text.HAL_TIM_OnePulse_Init), (8 bytes).
    Removing stm32h7xx_hal_tim.o(.text.HAL_TIM_OnePulse_MspInit), (2 bytes).
    Removing stm32h7xx_hal_tim.o(.ARM.exidx.text.HAL_TIM_OnePulse_MspInit), (8 bytes).
    Removing stm32h7xx_hal_tim.o(.text.HAL_TIM_OnePulse_DeInit), (80 bytes).
    Removing stm32h7xx_hal_tim.o(.ARM.exidx.text.HAL_TIM_OnePulse_DeInit), (8 bytes).
    Removing stm32h7xx_hal_tim.o(.text.HAL_TIM_OnePulse_MspDeInit), (2 bytes).
    Removing stm32h7xx_hal_tim.o(.ARM.exidx.text.HAL_TIM_OnePulse_MspDeInit), (8 bytes).
    Removing stm32h7xx_hal_tim.o(.text.HAL_TIM_OnePulse_Start), (176 bytes).
    Removing stm32h7xx_hal_tim.o(.ARM.exidx.text.HAL_TIM_OnePulse_Start), (8 bytes).
    Removing stm32h7xx_hal_tim.o(.text.HAL_TIM_OnePulse_Stop), (168 bytes).
    Removing stm32h7xx_hal_tim.o(.ARM.exidx.text.HAL_TIM_OnePulse_Stop), (8 bytes).
    Removing stm32h7xx_hal_tim.o(.text.HAL_TIM_OnePulse_Start_IT), (192 bytes).
    Removing stm32h7xx_hal_tim.o(.ARM.exidx.text.HAL_TIM_OnePulse_Start_IT), (8 bytes).
    Removing stm32h7xx_hal_tim.o(.text.HAL_TIM_OnePulse_Stop_IT), (184 bytes).
    Removing stm32h7xx_hal_tim.o(.ARM.exidx.text.HAL_TIM_OnePulse_Stop_IT), (8 bytes).
    Removing stm32h7xx_hal_tim.o(.text.HAL_TIM_Encoder_Init), (500 bytes).
    Removing stm32h7xx_hal_tim.o(.ARM.exidx.text.HAL_TIM_Encoder_Init), (8 bytes).
    Removing stm32h7xx_hal_tim.o(.text.HAL_TIM_Encoder_MspInit), (2 bytes).
    Removing stm32h7xx_hal_tim.o(.ARM.exidx.text.HAL_TIM_Encoder_MspInit), (8 bytes).
    Removing stm32h7xx_hal_tim.o(.text.HAL_TIM_Encoder_DeInit), (80 bytes).
    Removing stm32h7xx_hal_tim.o(.ARM.exidx.text.HAL_TIM_Encoder_DeInit), (8 bytes).
    Removing stm32h7xx_hal_tim.o(.text.HAL_TIM_Encoder_MspDeInit), (2 bytes).
    Removing stm32h7xx_hal_tim.o(.ARM.exidx.text.HAL_TIM_Encoder_MspDeInit), (8 bytes).
    Removing stm32h7xx_hal_tim.o(.text.HAL_TIM_Encoder_Start), (172 bytes).
    Removing stm32h7xx_hal_tim.o(.ARM.exidx.text.HAL_TIM_Encoder_Start), (8 bytes).
    Removing stm32h7xx_hal_tim.o(.text.HAL_TIM_Encoder_Stop), (196 bytes).
    Removing stm32h7xx_hal_tim.o(.ARM.exidx.text.HAL_TIM_Encoder_Stop), (8 bytes).
    Removing stm32h7xx_hal_tim.o(.text.HAL_TIM_Encoder_Start_IT), (218 bytes).
    Removing stm32h7xx_hal_tim.o(.ARM.exidx.text.HAL_TIM_Encoder_Start_IT), (8 bytes).
    Removing stm32h7xx_hal_tim.o(.text.HAL_TIM_Encoder_Stop_IT), (238 bytes).
    Removing stm32h7xx_hal_tim.o(.ARM.exidx.text.HAL_TIM_Encoder_Stop_IT), (8 bytes).
    Removing stm32h7xx_hal_tim.o(.text.HAL_TIM_Encoder_Start_DMA), (540 bytes).
    Removing stm32h7xx_hal_tim.o(.ARM.exidx.text.HAL_TIM_Encoder_Start_DMA), (8 bytes).
    Removing stm32h7xx_hal_tim.o(.text.HAL_TIM_Encoder_Stop_DMA), (260 bytes).
    Removing stm32h7xx_hal_tim.o(.ARM.exidx.text.HAL_TIM_Encoder_Stop_DMA), (8 bytes).
    Removing stm32h7xx_hal_tim.o(.text.HAL_TIM_IRQHandler), (320 bytes).
    Removing stm32h7xx_hal_tim.o(.ARM.exidx.text.HAL_TIM_IRQHandler), (8 bytes).
    Removing stm32h7xx_hal_tim.o(.text.HAL_TIM_IC_CaptureCallback), (2 bytes).
    Removing stm32h7xx_hal_tim.o(.ARM.exidx.text.HAL_TIM_IC_CaptureCallback), (8 bytes).
    Removing stm32h7xx_hal_tim.o(.text.HAL_TIM_OC_DelayElapsedCallback), (2 bytes).
    Removing stm32h7xx_hal_tim.o(.ARM.exidx.text.HAL_TIM_OC_DelayElapsedCallback), (8 bytes).
    Removing stm32h7xx_hal_tim.o(.text.HAL_TIM_PWM_PulseFinishedCallback), (2 bytes).
    Removing stm32h7xx_hal_tim.o(.ARM.exidx.text.HAL_TIM_PWM_PulseFinishedCallback), (8 bytes).
    Removing stm32h7xx_hal_tim.o(.text.HAL_TIM_PeriodElapsedCallback), (2 bytes).
    Removing stm32h7xx_hal_tim.o(.ARM.exidx.text.HAL_TIM_PeriodElapsedCallback), (8 bytes).
    Removing stm32h7xx_hal_tim.o(.text.HAL_TIM_TriggerCallback), (2 bytes).
    Removing stm32h7xx_hal_tim.o(.ARM.exidx.text.HAL_TIM_TriggerCallback), (8 bytes).
    Removing stm32h7xx_hal_tim.o(.text.HAL_TIM_OC_ConfigChannel), (1016 bytes).
    Removing stm32h7xx_hal_tim.o(.ARM.exidx.text.HAL_TIM_OC_ConfigChannel), (8 bytes).
    Removing stm32h7xx_hal_tim.o(.text.TIM_OC2_SetConfig), (170 bytes).
    Removing stm32h7xx_hal_tim.o(.ARM.exidx.text.TIM_OC2_SetConfig), (8 bytes).
    Removing stm32h7xx_hal_tim.o(.text.HAL_TIM_IC_ConfigChannel), (440 bytes).
    Removing stm32h7xx_hal_tim.o(.ARM.exidx.text.HAL_TIM_IC_ConfigChannel), (8 bytes).
    Removing stm32h7xx_hal_tim.o(.text.TIM_TI1_SetConfig), (168 bytes).
    Removing stm32h7xx_hal_tim.o(.ARM.exidx.text.TIM_TI1_SetConfig), (8 bytes).
    Removing stm32h7xx_hal_tim.o(.ARM.exidx.text.HAL_TIM_PWM_ConfigChannel), (8 bytes).
    Removing stm32h7xx_hal_tim.o(.text.HAL_TIM_OnePulse_ConfigChannel), (766 bytes).
    Removing stm32h7xx_hal_tim.o(.ARM.exidx.text.HAL_TIM_OnePulse_ConfigChannel), (8 bytes).
    Removing stm32h7xx_hal_tim.o(.text.HAL_TIM_DMABurst_WriteStart), (28 bytes).
    Removing stm32h7xx_hal_tim.o(.ARM.exidx.text.HAL_TIM_DMABurst_WriteStart), (8 bytes).
    Removing stm32h7xx_hal_tim.o(.text.HAL_TIM_DMABurst_MultiWriteStart), (550 bytes).
    Removing stm32h7xx_hal_tim.o(.ARM.exidx.text.HAL_TIM_DMABurst_MultiWriteStart), (8 bytes).
    Removing stm32h7xx_hal_tim.o(.text.TIM_DMATriggerCplt), (20 bytes).
    Removing stm32h7xx_hal_tim.o(.ARM.exidx.text.TIM_DMATriggerCplt), (8 bytes).
    Removing stm32h7xx_hal_tim.o(.text.TIM_DMATriggerHalfCplt), (6 bytes).
    Removing stm32h7xx_hal_tim.o(.ARM.exidx.text.TIM_DMATriggerHalfCplt), (8 bytes).
    Removing stm32h7xx_hal_tim.o(.text.HAL_TIM_DMABurst_WriteStop), (108 bytes).
    Removing stm32h7xx_hal_tim.o(.ARM.exidx.text.HAL_TIM_DMABurst_WriteStop), (8 bytes).
    Removing stm32h7xx_hal_tim.o(.text.HAL_TIM_DMABurst_ReadStart), (28 bytes).
    Removing stm32h7xx_hal_tim.o(.ARM.exidx.text.HAL_TIM_DMABurst_ReadStart), (8 bytes).
    Removing stm32h7xx_hal_tim.o(.text.HAL_TIM_DMABurst_MultiReadStart), (534 bytes).
    Removing stm32h7xx_hal_tim.o(.ARM.exidx.text.HAL_TIM_DMABurst_MultiReadStart), (8 bytes).
    Removing stm32h7xx_hal_tim.o(.text.HAL_TIM_DMABurst_ReadStop), (108 bytes).
    Removing stm32h7xx_hal_tim.o(.ARM.exidx.text.HAL_TIM_DMABurst_ReadStop), (8 bytes).
    Removing stm32h7xx_hal_tim.o(.text.HAL_TIM_GenerateEvent), (34 bytes).
    Removing stm32h7xx_hal_tim.o(.ARM.exidx.text.HAL_TIM_GenerateEvent), (8 bytes).
    Removing stm32h7xx_hal_tim.o(.text.HAL_TIM_ConfigOCrefClear), (274 bytes).
    Removing stm32h7xx_hal_tim.o(.ARM.exidx.text.HAL_TIM_ConfigOCrefClear), (8 bytes).
    Removing stm32h7xx_hal_tim.o(.text.TIM_ETR_SetConfig), (18 bytes).
    Removing stm32h7xx_hal_tim.o(.ARM.exidx.text.TIM_ETR_SetConfig), (8 bytes).
    Removing stm32h7xx_hal_tim.o(.ARM.exidx.text.HAL_TIM_ConfigClockSource), (8 bytes).
    Removing stm32h7xx_hal_tim.o(.text.HAL_TIM_ConfigTI1Input), (16 bytes).
    Removing stm32h7xx_hal_tim.o(.ARM.exidx.text.HAL_TIM_ConfigTI1Input), (8 bytes).
    Removing stm32h7xx_hal_tim.o(.text.HAL_TIM_SlaveConfigSynchro), (72 bytes).
    Removing stm32h7xx_hal_tim.o(.ARM.exidx.text.HAL_TIM_SlaveConfigSynchro), (8 bytes).
    Removing stm32h7xx_hal_tim.o(.text.TIM_SlaveTimer_SetConfig), (394 bytes).
    Removing stm32h7xx_hal_tim.o(.ARM.exidx.text.TIM_SlaveTimer_SetConfig), (8 bytes).
    Removing stm32h7xx_hal_tim.o(.text.HAL_TIM_SlaveConfigSynchro_IT), (72 bytes).
    Removing stm32h7xx_hal_tim.o(.ARM.exidx.text.HAL_TIM_SlaveConfigSynchro_IT), (8 bytes).
    Removing stm32h7xx_hal_tim.o(.text.HAL_TIM_ReadCapturedValue), (52 bytes).
    Removing stm32h7xx_hal_tim.o(.ARM.exidx.text.HAL_TIM_ReadCapturedValue), (8 bytes).
    Removing stm32h7xx_hal_tim.o(.text.HAL_TIM_PeriodElapsedHalfCpltCallback), (2 bytes).
    Removing stm32h7xx_hal_tim.o(.ARM.exidx.text.HAL_TIM_PeriodElapsedHalfCpltCallback), (8 bytes).
    Removing stm32h7xx_hal_tim.o(.text.HAL_TIM_IC_CaptureHalfCpltCallback), (2 bytes).
    Removing stm32h7xx_hal_tim.o(.ARM.exidx.text.HAL_TIM_IC_CaptureHalfCpltCallback), (8 bytes).
    Removing stm32h7xx_hal_tim.o(.text.HAL_TIM_PWM_PulseFinishedHalfCpltCallback), (2 bytes).
    Removing stm32h7xx_hal_tim.o(.ARM.exidx.text.HAL_TIM_PWM_PulseFinishedHalfCpltCallback), (8 bytes).
    Removing stm32h7xx_hal_tim.o(.text.HAL_TIM_TriggerHalfCpltCallback), (2 bytes).
    Removing stm32h7xx_hal_tim.o(.ARM.exidx.text.HAL_TIM_TriggerHalfCpltCallback), (8 bytes).
    Removing stm32h7xx_hal_tim.o(.text.HAL_TIM_ErrorCallback), (2 bytes).
    Removing stm32h7xx_hal_tim.o(.ARM.exidx.text.HAL_TIM_ErrorCallback), (8 bytes).
    Removing stm32h7xx_hal_tim.o(.text.HAL_TIM_Base_GetState), (6 bytes).
    Removing stm32h7xx_hal_tim.o(.ARM.exidx.text.HAL_TIM_Base_GetState), (8 bytes).
    Removing stm32h7xx_hal_tim.o(.text.HAL_TIM_OC_GetState), (6 bytes).
    Removing stm32h7xx_hal_tim.o(.ARM.exidx.text.HAL_TIM_OC_GetState), (8 bytes).
    Removing stm32h7xx_hal_tim.o(.text.HAL_TIM_PWM_GetState), (6 bytes).
    Removing stm32h7xx_hal_tim.o(.ARM.exidx.text.HAL_TIM_PWM_GetState), (8 bytes).
    Removing stm32h7xx_hal_tim.o(.text.HAL_TIM_IC_GetState), (6 bytes).
    Removing stm32h7xx_hal_tim.o(.ARM.exidx.text.HAL_TIM_IC_GetState), (8 bytes).
    Removing stm32h7xx_hal_tim.o(.text.HAL_TIM_OnePulse_GetState), (6 bytes).
    Removing stm32h7xx_hal_tim.o(.ARM.exidx.text.HAL_TIM_OnePulse_GetState), (8 bytes).
    Removing stm32h7xx_hal_tim.o(.text.HAL_TIM_Encoder_GetState), (6 bytes).
    Removing stm32h7xx_hal_tim.o(.ARM.exidx.text.HAL_TIM_Encoder_GetState), (8 bytes).
    Removing stm32h7xx_hal_tim.o(.text.HAL_TIM_GetActiveChannel), (4 bytes).
    Removing stm32h7xx_hal_tim.o(.ARM.exidx.text.HAL_TIM_GetActiveChannel), (8 bytes).
    Removing stm32h7xx_hal_tim.o(.text.HAL_TIM_GetChannelState), (22 bytes).
    Removing stm32h7xx_hal_tim.o(.ARM.exidx.text.HAL_TIM_GetChannelState), (8 bytes).
    Removing stm32h7xx_hal_tim.o(.text.HAL_TIM_DMABurstState), (6 bytes).
    Removing stm32h7xx_hal_tim.o(.ARM.exidx.text.HAL_TIM_DMABurstState), (8 bytes).
    Removing stm32h7xx_hal_tim.o(.rodata.cst16), (32 bytes).
    Removing stm32h7xx_hal_tim_ex.o(.text), (0 bytes).
    Removing stm32h7xx_hal_tim_ex.o(.text.HAL_TIMEx_HallSensor_Init), (206 bytes).
    Removing stm32h7xx_hal_tim_ex.o(.ARM.exidx.text.HAL_TIMEx_HallSensor_Init), (8 bytes).
    Removing stm32h7xx_hal_tim_ex.o(.text.HAL_TIMEx_HallSensor_MspInit), (2 bytes).
    Removing stm32h7xx_hal_tim_ex.o(.ARM.exidx.text.HAL_TIMEx_HallSensor_MspInit), (8 bytes).
    Removing stm32h7xx_hal_tim_ex.o(.text.HAL_TIMEx_HallSensor_DeInit), (80 bytes).
    Removing stm32h7xx_hal_tim_ex.o(.ARM.exidx.text.HAL_TIMEx_HallSensor_DeInit), (8 bytes).
    Removing stm32h7xx_hal_tim_ex.o(.text.HAL_TIMEx_HallSensor_MspDeInit), (2 bytes).
    Removing stm32h7xx_hal_tim_ex.o(.ARM.exidx.text.HAL_TIMEx_HallSensor_MspDeInit), (8 bytes).
    Removing stm32h7xx_hal_tim_ex.o(.text.HAL_TIMEx_HallSensor_Start), (218 bytes).
    Removing stm32h7xx_hal_tim_ex.o(.ARM.exidx.text.HAL_TIMEx_HallSensor_Start), (8 bytes).
    Removing stm32h7xx_hal_tim_ex.o(.text.HAL_TIMEx_HallSensor_Stop), (66 bytes).
    Removing stm32h7xx_hal_tim_ex.o(.ARM.exidx.text.HAL_TIMEx_HallSensor_Stop), (8 bytes).
    Removing stm32h7xx_hal_tim_ex.o(.text.HAL_TIMEx_HallSensor_Start_IT), (226 bytes).
    Removing stm32h7xx_hal_tim_ex.o(.ARM.exidx.text.HAL_TIMEx_HallSensor_Start_IT), (8 bytes).
    Removing stm32h7xx_hal_tim_ex.o(.text.HAL_TIMEx_HallSensor_Stop_IT), (74 bytes).
    Removing stm32h7xx_hal_tim_ex.o(.ARM.exidx.text.HAL_TIMEx_HallSensor_Stop_IT), (8 bytes).
    Removing stm32h7xx_hal_tim_ex.o(.text.HAL_TIMEx_HallSensor_Start_DMA), (292 bytes).
    Removing stm32h7xx_hal_tim_ex.o(.ARM.exidx.text.HAL_TIMEx_HallSensor_Start_DMA), (8 bytes).
    Removing stm32h7xx_hal_tim_ex.o(.text.HAL_TIMEx_HallSensor_Stop_DMA), (74 bytes).
    Removing stm32h7xx_hal_tim_ex.o(.ARM.exidx.text.HAL_TIMEx_HallSensor_Stop_DMA), (8 bytes).
    Removing stm32h7xx_hal_tim_ex.o(.text.HAL_TIMEx_OCN_Start), (244 bytes).
    Removing stm32h7xx_hal_tim_ex.o(.ARM.exidx.text.HAL_TIMEx_OCN_Start), (8 bytes).
    Removing stm32h7xx_hal_tim_ex.o(.text.HAL_TIMEx_OCN_Stop), (146 bytes).
    Removing stm32h7xx_hal_tim_ex.o(.ARM.exidx.text.HAL_TIMEx_OCN_Stop), (8 bytes).
    Removing stm32h7xx_hal_tim_ex.o(.text.HAL_TIMEx_OCN_Start_IT), (274 bytes).
    Removing stm32h7xx_hal_tim_ex.o(.ARM.exidx.text.HAL_TIMEx_OCN_Start_IT), (8 bytes).
    Removing stm32h7xx_hal_tim_ex.o(.text.HAL_TIMEx_OCN_Stop_IT), (208 bytes).
    Removing stm32h7xx_hal_tim_ex.o(.ARM.exidx.text.HAL_TIMEx_OCN_Stop_IT), (8 bytes).
    Removing stm32h7xx_hal_tim_ex.o(.text.HAL_TIMEx_OCN_Start_DMA), (494 bytes).
    Removing stm32h7xx_hal_tim_ex.o(.ARM.exidx.text.HAL_TIMEx_OCN_Start_DMA), (8 bytes).
    Removing stm32h7xx_hal_tim_ex.o(.text.TIM_DMADelayPulseNCplt), (96 bytes).
    Removing stm32h7xx_hal_tim_ex.o(.ARM.exidx.text.TIM_DMADelayPulseNCplt), (8 bytes).
    Removing stm32h7xx_hal_tim_ex.o(.text.TIM_DMAErrorCCxN), (78 bytes).
    Removing stm32h7xx_hal_tim_ex.o(.ARM.exidx.text.TIM_DMAErrorCCxN), (8 bytes).
    Removing stm32h7xx_hal_tim_ex.o(.text.HAL_TIMEx_OCN_Stop_DMA), (182 bytes).
    Removing stm32h7xx_hal_tim_ex.o(.ARM.exidx.text.HAL_TIMEx_OCN_Stop_DMA), (8 bytes).
    Removing stm32h7xx_hal_tim_ex.o(.text.HAL_TIMEx_PWMN_Start), (244 bytes).
    Removing stm32h7xx_hal_tim_ex.o(.ARM.exidx.text.HAL_TIMEx_PWMN_Start), (8 bytes).
    Removing stm32h7xx_hal_tim_ex.o(.text.HAL_TIMEx_PWMN_Stop), (146 bytes).
    Removing stm32h7xx_hal_tim_ex.o(.ARM.exidx.text.HAL_TIMEx_PWMN_Stop), (8 bytes).
    Removing stm32h7xx_hal_tim_ex.o(.text.HAL_TIMEx_PWMN_Start_IT), (274 bytes).
    Removing stm32h7xx_hal_tim_ex.o(.ARM.exidx.text.HAL_TIMEx_PWMN_Start_IT), (8 bytes).
    Removing stm32h7xx_hal_tim_ex.o(.text.HAL_TIMEx_PWMN_Stop_IT), (208 bytes).
    Removing stm32h7xx_hal_tim_ex.o(.ARM.exidx.text.HAL_TIMEx_PWMN_Stop_IT), (8 bytes).
    Removing stm32h7xx_hal_tim_ex.o(.text.HAL_TIMEx_PWMN_Start_DMA), (494 bytes).
    Removing stm32h7xx_hal_tim_ex.o(.ARM.exidx.text.HAL_TIMEx_PWMN_Start_DMA), (8 bytes).
    Removing stm32h7xx_hal_tim_ex.o(.text.HAL_TIMEx_PWMN_Stop_DMA), (182 bytes).
    Removing stm32h7xx_hal_tim_ex.o(.ARM.exidx.text.HAL_TIMEx_PWMN_Stop_DMA), (8 bytes).
    Removing stm32h7xx_hal_tim_ex.o(.text.HAL_TIMEx_OnePulseN_Start), (118 bytes).
    Removing stm32h7xx_hal_tim_ex.o(.ARM.exidx.text.HAL_TIMEx_OnePulseN_Start), (8 bytes).
    Removing stm32h7xx_hal_tim_ex.o(.text.HAL_TIMEx_OnePulseN_Stop), (120 bytes).
    Removing stm32h7xx_hal_tim_ex.o(.ARM.exidx.text.HAL_TIMEx_OnePulseN_Stop), (8 bytes).
    Removing stm32h7xx_hal_tim_ex.o(.text.HAL_TIMEx_OnePulseN_Start_IT), (134 bytes).
    Removing stm32h7xx_hal_tim_ex.o(.ARM.exidx.text.HAL_TIMEx_OnePulseN_Start_IT), (8 bytes).
    Removing stm32h7xx_hal_tim_ex.o(.text.HAL_TIMEx_OnePulseN_Stop_IT), (136 bytes).
    Removing stm32h7xx_hal_tim_ex.o(.ARM.exidx.text.HAL_TIMEx_OnePulseN_Stop_IT), (8 bytes).
    Removing stm32h7xx_hal_tim_ex.o(.text.HAL_TIMEx_ConfigCommutEvent), (172 bytes).
    Removing stm32h7xx_hal_tim_ex.o(.ARM.exidx.text.HAL_TIMEx_ConfigCommutEvent), (8 bytes).
    Removing stm32h7xx_hal_tim_ex.o(.text.HAL_TIMEx_ConfigCommutEvent_IT), (172 bytes).
    Removing stm32h7xx_hal_tim_ex.o(.ARM.exidx.text.HAL_TIMEx_ConfigCommutEvent_IT), (8 bytes).
    Removing stm32h7xx_hal_tim_ex.o(.text.HAL_TIMEx_ConfigCommutEvent_DMA), (208 bytes).
    Removing stm32h7xx_hal_tim_ex.o(.ARM.exidx.text.HAL_TIMEx_ConfigCommutEvent_DMA), (8 bytes).
    Removing stm32h7xx_hal_tim_ex.o(.text.TIMEx_DMACommutationCplt), (12 bytes).
    Removing stm32h7xx_hal_tim_ex.o(.ARM.exidx.text.TIMEx_DMACommutationCplt), (8 bytes).
    Removing stm32h7xx_hal_tim_ex.o(.text.TIMEx_DMACommutationHalfCplt), (12 bytes).
    Removing stm32h7xx_hal_tim_ex.o(.ARM.exidx.text.TIMEx_DMACommutationHalfCplt), (8 bytes).
    Removing stm32h7xx_hal_tim_ex.o(.ARM.exidx.text.HAL_TIMEx_MasterConfigSynchronization), (8 bytes).
    Removing stm32h7xx_hal_tim_ex.o(.text.HAL_TIMEx_ConfigBreakDeadTime), (158 bytes).
    Removing stm32h7xx_hal_tim_ex.o(.ARM.exidx.text.HAL_TIMEx_ConfigBreakDeadTime), (8 bytes).
    Removing stm32h7xx_hal_tim_ex.o(.text.HAL_TIMEx_ConfigBreakInput), (320 bytes).
    Removing stm32h7xx_hal_tim_ex.o(.ARM.exidx.text.HAL_TIMEx_ConfigBreakInput), (8 bytes).
    Removing stm32h7xx_hal_tim_ex.o(.text.HAL_TIMEx_RemapConfig), (36 bytes).
    Removing stm32h7xx_hal_tim_ex.o(.ARM.exidx.text.HAL_TIMEx_RemapConfig), (8 bytes).
    Removing stm32h7xx_hal_tim_ex.o(.text.HAL_TIMEx_TISelection), (76 bytes).
    Removing stm32h7xx_hal_tim_ex.o(.ARM.exidx.text.HAL_TIMEx_TISelection), (8 bytes).
    Removing stm32h7xx_hal_tim_ex.o(.text.HAL_TIMEx_GroupChannel5), (46 bytes).
    Removing stm32h7xx_hal_tim_ex.o(.ARM.exidx.text.HAL_TIMEx_GroupChannel5), (8 bytes).
    Removing stm32h7xx_hal_tim_ex.o(.text.HAL_TIMEx_CommutCallback), (2 bytes).
    Removing stm32h7xx_hal_tim_ex.o(.ARM.exidx.text.HAL_TIMEx_CommutCallback), (8 bytes).
    Removing stm32h7xx_hal_tim_ex.o(.text.HAL_TIMEx_CommutHalfCpltCallback), (2 bytes).
    Removing stm32h7xx_hal_tim_ex.o(.ARM.exidx.text.HAL_TIMEx_CommutHalfCpltCallback), (8 bytes).
    Removing stm32h7xx_hal_tim_ex.o(.text.HAL_TIMEx_BreakCallback), (2 bytes).
    Removing stm32h7xx_hal_tim_ex.o(.ARM.exidx.text.HAL_TIMEx_BreakCallback), (8 bytes).
    Removing stm32h7xx_hal_tim_ex.o(.text.HAL_TIMEx_Break2Callback), (2 bytes).
    Removing stm32h7xx_hal_tim_ex.o(.ARM.exidx.text.HAL_TIMEx_Break2Callback), (8 bytes).
    Removing stm32h7xx_hal_tim_ex.o(.text.HAL_TIMEx_HallSensor_GetState), (6 bytes).
    Removing stm32h7xx_hal_tim_ex.o(.ARM.exidx.text.HAL_TIMEx_HallSensor_GetState), (8 bytes).
    Removing stm32h7xx_hal_tim_ex.o(.text.HAL_TIMEx_GetChannelNState), (32 bytes).
    Removing stm32h7xx_hal_tim_ex.o(.ARM.exidx.text.HAL_TIMEx_GetChannelNState), (8 bytes).
    Removing stm32h7xx_hal_uart.o(.text), (0 bytes).
    Removing stm32h7xx_hal_uart.o(.ARM.exidx.text.HAL_UART_Init), (8 bytes).
    Removing stm32h7xx_hal_uart.o(.text.HAL_UART_MspInit), (2 bytes).
    Removing stm32h7xx_hal_uart.o(.ARM.exidx.text.HAL_UART_MspInit), (8 bytes).
    Removing stm32h7xx_hal_uart.o(.ARM.exidx.text.UART_AdvFeatureConfig), (8 bytes).
    Removing stm32h7xx_hal_uart.o(.ARM.exidx.text.UART_SetConfig), (8 bytes).
    Removing stm32h7xx_hal_uart.o(.ARM.exidx.text.UART_CheckIdleState), (8 bytes).
    Removing stm32h7xx_hal_uart.o(.text.HAL_HalfDuplex_Init), (110 bytes).
    Removing stm32h7xx_hal_uart.o(.ARM.exidx.text.HAL_HalfDuplex_Init), (8 bytes).
    Removing stm32h7xx_hal_uart.o(.text.HAL_LIN_Init), (136 bytes).
    Removing stm32h7xx_hal_uart.o(.ARM.exidx.text.HAL_LIN_Init), (8 bytes).
    Removing stm32h7xx_hal_uart.o(.text.HAL_MultiProcessor_Init), (134 bytes).
    Removing stm32h7xx_hal_uart.o(.ARM.exidx.text.HAL_MultiProcessor_Init), (8 bytes).
    Removing stm32h7xx_hal_uart.o(.text.HAL_UART_DeInit), (68 bytes).
    Removing stm32h7xx_hal_uart.o(.ARM.exidx.text.HAL_UART_DeInit), (8 bytes).
    Removing stm32h7xx_hal_uart.o(.text.HAL_UART_MspDeInit), (2 bytes).
    Removing stm32h7xx_hal_uart.o(.ARM.exidx.text.HAL_UART_MspDeInit), (8 bytes).
    Removing stm32h7xx_hal_uart.o(.ARM.exidx.text.HAL_UART_Transmit), (8 bytes).
    Removing stm32h7xx_hal_uart.o(.ARM.exidx.text.UART_WaitOnFlagUntilTimeout), (8 bytes).
    Removing stm32h7xx_hal_uart.o(.text.HAL_UART_Receive), (242 bytes).
    Removing stm32h7xx_hal_uart.o(.ARM.exidx.text.HAL_UART_Receive), (8 bytes).
    Removing stm32h7xx_hal_uart.o(.text.HAL_UART_Transmit_IT), (178 bytes).
    Removing stm32h7xx_hal_uart.o(.ARM.exidx.text.HAL_UART_Transmit_IT), (8 bytes).
    Removing stm32h7xx_hal_uart.o(.text.UART_TxISR_16BIT_FIFOEN), (122 bytes).
    Removing stm32h7xx_hal_uart.o(.ARM.exidx.text.UART_TxISR_16BIT_FIFOEN), (8 bytes).
    Removing stm32h7xx_hal_uart.o(.text.UART_TxISR_8BIT_FIFOEN), (118 bytes).
    Removing stm32h7xx_hal_uart.o(.ARM.exidx.text.UART_TxISR_8BIT_FIFOEN), (8 bytes).
    Removing stm32h7xx_hal_uart.o(.text.UART_TxISR_16BIT), (86 bytes).
    Removing stm32h7xx_hal_uart.o(.ARM.exidx.text.UART_TxISR_16BIT), (8 bytes).
    Removing stm32h7xx_hal_uart.o(.text.UART_TxISR_8BIT), (82 bytes).
    Removing stm32h7xx_hal_uart.o(.ARM.exidx.text.UART_TxISR_8BIT), (8 bytes).
    Removing stm32h7xx_hal_uart.o(.text.HAL_UART_Receive_IT), (102 bytes).
    Removing stm32h7xx_hal_uart.o(.ARM.exidx.text.HAL_UART_Receive_IT), (8 bytes).
    Removing stm32h7xx_hal_uart.o(.text.UART_Start_Receive_IT), (324 bytes).
    Removing stm32h7xx_hal_uart.o(.ARM.exidx.text.UART_Start_Receive_IT), (8 bytes).
    Removing stm32h7xx_hal_uart.o(.text.HAL_UART_Transmit_DMA), (162 bytes).
    Removing stm32h7xx_hal_uart.o(.ARM.exidx.text.HAL_UART_Transmit_DMA), (8 bytes).
    Removing stm32h7xx_hal_uart.o(.text.UART_DMATransmitCplt), (62 bytes).
    Removing stm32h7xx_hal_uart.o(.ARM.exidx.text.UART_DMATransmitCplt), (8 bytes).
    Removing stm32h7xx_hal_uart.o(.text.UART_DMATxHalfCplt), (6 bytes).
    Removing stm32h7xx_hal_uart.o(.ARM.exidx.text.UART_DMATxHalfCplt), (8 bytes).
    Removing stm32h7xx_hal_uart.o(.text.UART_DMAError), (216 bytes).
    Removing stm32h7xx_hal_uart.o(.ARM.exidx.text.UART_DMAError), (8 bytes).
    Removing stm32h7xx_hal_uart.o(.text.HAL_UART_Receive_DMA), (262 bytes).
    Removing stm32h7xx_hal_uart.o(.ARM.exidx.text.HAL_UART_Receive_DMA), (8 bytes).
    Removing stm32h7xx_hal_uart.o(.text.UART_Start_Receive_DMA), (160 bytes).
    Removing stm32h7xx_hal_uart.o(.ARM.exidx.text.UART_Start_Receive_DMA), (8 bytes).
    Removing stm32h7xx_hal_uart.o(.text.HAL_UART_DMAPause), (124 bytes).
    Removing stm32h7xx_hal_uart.o(.ARM.exidx.text.HAL_UART_DMAPause), (8 bytes).
    Removing stm32h7xx_hal_uart.o(.text.HAL_UART_DMAResume), (112 bytes).
    Removing stm32h7xx_hal_uart.o(.ARM.exidx.text.HAL_UART_DMAResume), (8 bytes).
    Removing stm32h7xx_hal_uart.o(.text.HAL_UART_DMAStop), (280 bytes).
    Removing stm32h7xx_hal_uart.o(.ARM.exidx.text.HAL_UART_DMAStop), (8 bytes).
    Removing stm32h7xx_hal_uart.o(.text.HAL_UART_Abort), (268 bytes).
    Removing stm32h7xx_hal_uart.o(.ARM.exidx.text.HAL_UART_Abort), (8 bytes).
    Removing stm32h7xx_hal_uart.o(.text.HAL_UART_AbortTransmit), (148 bytes).
    Removing stm32h7xx_hal_uart.o(.ARM.exidx.text.HAL_UART_AbortTransmit), (8 bytes).
    Removing stm32h7xx_hal_uart.o(.text.HAL_UART_AbortReceive), (180 bytes).
    Removing stm32h7xx_hal_uart.o(.ARM.exidx.text.HAL_UART_AbortReceive), (8 bytes).
    Removing stm32h7xx_hal_uart.o(.text.HAL_UART_Abort_IT), (308 bytes).
    Removing stm32h7xx_hal_uart.o(.ARM.exidx.text.HAL_UART_Abort_IT), (8 bytes).
    Removing stm32h7xx_hal_uart.o(.text.UART_DMATxAbortCallback), (76 bytes).
    Removing stm32h7xx_hal_uart.o(.ARM.exidx.text.UART_DMATxAbortCallback), (8 bytes).
    Removing stm32h7xx_hal_uart.o(.text.UART_DMARxAbortCallback), (66 bytes).
    Removing stm32h7xx_hal_uart.o(.ARM.exidx.text.UART_DMARxAbortCallback), (8 bytes).
    Removing stm32h7xx_hal_uart.o(.text.HAL_UART_AbortCpltCallback), (2 bytes).
    Removing stm32h7xx_hal_uart.o(.ARM.exidx.text.HAL_UART_AbortCpltCallback), (8 bytes).
    Removing stm32h7xx_hal_uart.o(.text.HAL_UART_AbortTransmit_IT), (170 bytes).
    Removing stm32h7xx_hal_uart.o(.ARM.exidx.text.HAL_UART_AbortTransmit_IT), (8 bytes).
    Removing stm32h7xx_hal_uart.o(.text.UART_DMATxOnlyAbortCallback), (36 bytes).
    Removing stm32h7xx_hal_uart.o(.ARM.exidx.text.UART_DMATxOnlyAbortCallback), (8 bytes).
    Removing stm32h7xx_hal_uart.o(.text.HAL_UART_AbortTransmitCpltCallback), (2 bytes).
    Removing stm32h7xx_hal_uart.o(.ARM.exidx.text.HAL_UART_AbortTransmitCpltCallback), (8 bytes).
    Removing stm32h7xx_hal_uart.o(.text.HAL_UART_AbortReceive_IT), (210 bytes).
    Removing stm32h7xx_hal_uart.o(.ARM.exidx.text.HAL_UART_AbortReceive_IT), (8 bytes).
    Removing stm32h7xx_hal_uart.o(.text.UART_DMARxOnlyAbortCallback), (34 bytes).
    Removing stm32h7xx_hal_uart.o(.ARM.exidx.text.UART_DMARxOnlyAbortCallback), (8 bytes).
    Removing stm32h7xx_hal_uart.o(.text.HAL_UART_AbortReceiveCpltCallback), (2 bytes).
    Removing stm32h7xx_hal_uart.o(.ARM.exidx.text.HAL_UART_AbortReceiveCpltCallback), (8 bytes).
    Removing stm32h7xx_hal_uart.o(.ARM.exidx.text.HAL_UART_IRQHandler), (8 bytes).
    Removing stm32h7xx_hal_uart.o(.ARM.exidx.text.UART_DMAAbortOnError), (8 bytes).
    Removing stm32h7xx_hal_uart.o(.ARM.exidx.text.HAL_UART_ErrorCallback), (8 bytes).
    Removing stm32h7xx_hal_uart.o(.ARM.exidx.text.HAL_UARTEx_RxEventCallback), (8 bytes).
    Removing stm32h7xx_hal_uart.o(.ARM.exidx.text.HAL_UART_TxCpltCallback), (8 bytes).
    Removing stm32h7xx_hal_uart.o(.text.HAL_UART_TxHalfCpltCallback), (2 bytes).
    Removing stm32h7xx_hal_uart.o(.ARM.exidx.text.HAL_UART_TxHalfCpltCallback), (8 bytes).
    Removing stm32h7xx_hal_uart.o(.text.HAL_UART_RxCpltCallback), (2 bytes).
    Removing stm32h7xx_hal_uart.o(.ARM.exidx.text.HAL_UART_RxCpltCallback), (8 bytes).
    Removing stm32h7xx_hal_uart.o(.text.HAL_UART_RxHalfCpltCallback), (2 bytes).
    Removing stm32h7xx_hal_uart.o(.ARM.exidx.text.HAL_UART_RxHalfCpltCallback), (8 bytes).
    Removing stm32h7xx_hal_uart.o(.text.HAL_UART_ReceiverTimeout_Config), (26 bytes).
    Removing stm32h7xx_hal_uart.o(.ARM.exidx.text.HAL_UART_ReceiverTimeout_Config), (8 bytes).
    Removing stm32h7xx_hal_uart.o(.text.HAL_UART_EnableReceiverTimeout), (72 bytes).
    Removing stm32h7xx_hal_uart.o(.ARM.exidx.text.HAL_UART_EnableReceiverTimeout), (8 bytes).
    Removing stm32h7xx_hal_uart.o(.text.HAL_UART_DisableReceiverTimeout), (72 bytes).
    Removing stm32h7xx_hal_uart.o(.ARM.exidx.text.HAL_UART_DisableReceiverTimeout), (8 bytes).
    Removing stm32h7xx_hal_uart.o(.text.HAL_MultiProcessor_EnableMuteMode), (54 bytes).
    Removing stm32h7xx_hal_uart.o(.ARM.exidx.text.HAL_MultiProcessor_EnableMuteMode), (8 bytes).
    Removing stm32h7xx_hal_uart.o(.text.HAL_MultiProcessor_DisableMuteMode), (54 bytes).
    Removing stm32h7xx_hal_uart.o(.ARM.exidx.text.HAL_MultiProcessor_DisableMuteMode), (8 bytes).
    Removing stm32h7xx_hal_uart.o(.text.HAL_MultiProcessor_EnterMuteMode), (12 bytes).
    Removing stm32h7xx_hal_uart.o(.ARM.exidx.text.HAL_MultiProcessor_EnterMuteMode), (8 bytes).
    Removing stm32h7xx_hal_uart.o(.text.HAL_HalfDuplex_EnableTransmitter), (84 bytes).
    Removing stm32h7xx_hal_uart.o(.ARM.exidx.text.HAL_HalfDuplex_EnableTransmitter), (8 bytes).
    Removing stm32h7xx_hal_uart.o(.text.HAL_HalfDuplex_EnableReceiver), (84 bytes).
    Removing stm32h7xx_hal_uart.o(.ARM.exidx.text.HAL_HalfDuplex_EnableReceiver), (8 bytes).
    Removing stm32h7xx_hal_uart.o(.text.HAL_LIN_SendBreak), (46 bytes).
    Removing stm32h7xx_hal_uart.o(.ARM.exidx.text.HAL_LIN_SendBreak), (8 bytes).
    Removing stm32h7xx_hal_uart.o(.text.HAL_UART_GetState), (12 bytes).
    Removing stm32h7xx_hal_uart.o(.ARM.exidx.text.HAL_UART_GetState), (8 bytes).
    Removing stm32h7xx_hal_uart.o(.text.HAL_UART_GetError), (6 bytes).
    Removing stm32h7xx_hal_uart.o(.ARM.exidx.text.HAL_UART_GetError), (8 bytes).
    Removing stm32h7xx_hal_uart.o(.text.UART_RxISR_16BIT_FIFOEN), (458 bytes).
    Removing stm32h7xx_hal_uart.o(.ARM.exidx.text.UART_RxISR_16BIT_FIFOEN), (8 bytes).
    Removing stm32h7xx_hal_uart.o(.text.UART_RxISR_8BIT_FIFOEN), (462 bytes).
    Removing stm32h7xx_hal_uart.o(.ARM.exidx.text.UART_RxISR_8BIT_FIFOEN), (8 bytes).
    Removing stm32h7xx_hal_uart.o(.text.UART_RxISR_16BIT), (212 bytes).
    Removing stm32h7xx_hal_uart.o(.ARM.exidx.text.UART_RxISR_16BIT), (8 bytes).
    Removing stm32h7xx_hal_uart.o(.text.UART_RxISR_8BIT), (212 bytes).
    Removing stm32h7xx_hal_uart.o(.ARM.exidx.text.UART_RxISR_8BIT), (8 bytes).
    Removing stm32h7xx_hal_uart.o(.text.UART_DMAReceiveCplt), (144 bytes).
    Removing stm32h7xx_hal_uart.o(.ARM.exidx.text.UART_DMAReceiveCplt), (8 bytes).
    Removing stm32h7xx_hal_uart.o(.text.UART_DMARxHalfCplt), (26 bytes).
    Removing stm32h7xx_hal_uart.o(.ARM.exidx.text.UART_DMARxHalfCplt), (8 bytes).
    Removing stm32h7xx_hal_uart_ex.o(.text), (0 bytes).
    Removing stm32h7xx_hal_uart_ex.o(.text.HAL_RS485Ex_Init), (132 bytes).
    Removing stm32h7xx_hal_uart_ex.o(.ARM.exidx.text.HAL_RS485Ex_Init), (8 bytes).
    Removing stm32h7xx_hal_uart_ex.o(.ARM.exidx.text.HAL_UARTEx_WakeupCallback), (8 bytes).
    Removing stm32h7xx_hal_uart_ex.o(.ARM.exidx.text.HAL_UARTEx_RxFifoFullCallback), (8 bytes).
    Removing stm32h7xx_hal_uart_ex.o(.ARM.exidx.text.HAL_UARTEx_TxFifoEmptyCallback), (8 bytes).
    Removing stm32h7xx_hal_uart_ex.o(.text.HAL_MultiProcessorEx_AddressLength_Set), (46 bytes).
    Removing stm32h7xx_hal_uart_ex.o(.ARM.exidx.text.HAL_MultiProcessorEx_AddressLength_Set), (8 bytes).
    Removing stm32h7xx_hal_uart_ex.o(.text.HAL_UARTEx_StopModeWakeUpSourceConfig), (140 bytes).
    Removing stm32h7xx_hal_uart_ex.o(.ARM.exidx.text.HAL_UARTEx_StopModeWakeUpSourceConfig), (8 bytes).
    Removing stm32h7xx_hal_uart_ex.o(.text.HAL_UARTEx_EnableStopMode), (50 bytes).
    Removing stm32h7xx_hal_uart_ex.o(.ARM.exidx.text.HAL_UARTEx_EnableStopMode), (8 bytes).
    Removing stm32h7xx_hal_uart_ex.o(.text.HAL_UARTEx_DisableStopMode), (50 bytes).
    Removing stm32h7xx_hal_uart_ex.o(.ARM.exidx.text.HAL_UARTEx_DisableStopMode), (8 bytes).
    Removing stm32h7xx_hal_uart_ex.o(.text.HAL_UARTEx_EnableFifoMode), (128 bytes).
    Removing stm32h7xx_hal_uart_ex.o(.ARM.exidx.text.HAL_UARTEx_EnableFifoMode), (8 bytes).
    Removing stm32h7xx_hal_uart_ex.o(.ARM.exidx.text.HAL_UARTEx_DisableFifoMode), (8 bytes).
    Removing stm32h7xx_hal_uart_ex.o(.ARM.exidx.text.HAL_UARTEx_SetTxFifoThreshold), (8 bytes).
    Removing stm32h7xx_hal_uart_ex.o(.ARM.exidx.text.HAL_UARTEx_SetRxFifoThreshold), (8 bytes).
    Removing stm32h7xx_hal_uart_ex.o(.text.HAL_UARTEx_ReceiveToIdle), (320 bytes).
    Removing stm32h7xx_hal_uart_ex.o(.ARM.exidx.text.HAL_UARTEx_ReceiveToIdle), (8 bytes).
    Removing stm32h7xx_hal_uart_ex.o(.text.HAL_UARTEx_ReceiveToIdle_IT), (106 bytes).
    Removing stm32h7xx_hal_uart_ex.o(.ARM.exidx.text.HAL_UARTEx_ReceiveToIdle_IT), (8 bytes).
    Removing stm32h7xx_hal_uart_ex.o(.text.HAL_UARTEx_ReceiveToIdle_DMA), (112 bytes).
    Removing stm32h7xx_hal_uart_ex.o(.ARM.exidx.text.HAL_UARTEx_ReceiveToIdle_DMA), (8 bytes).
    Removing stm32h7xx_hal_uart_ex.o(.text.HAL_UARTEx_GetRxEventType), (4 bytes).
    Removing stm32h7xx_hal_uart_ex.o(.ARM.exidx.text.HAL_UARTEx_GetRxEventType), (8 bytes).
    Removing system_stm32h7xx.o(.text), (0 bytes).
    Removing system_stm32h7xx.o(.ARM.exidx.text.SystemInit), (8 bytes).
    Removing system_stm32h7xx.o(.text.SystemCoreClockUpdate), (316 bytes).
    Removing system_stm32h7xx.o(.ARM.exidx.text.SystemCoreClockUpdate), (8 bytes).
    Removing system_stm32h7xx.o(.ARM.exidx.text.ExitRun0Mode), (8 bytes).
    Removing tasks.o(.text), (0 bytes).
    Removing tasks.o(.ARM.exidx.text.FFT_Task), (8 bytes).
    Removing tasks.o(.text.USART_Task), (2 bytes).
    Removing tasks.o(.ARM.exidx.text.USART_Task), (8 bytes).
    Removing fftana.o(.text), (0 bytes).
    Removing fftana.o(.text.process_data), (112 bytes).
    Removing fftana.o(.ARM.exidx.text.process_data), (8 bytes).
    Removing fftana.o(.text.add_window), (52 bytes).
    Removing fftana.o(.ARM.exidx.text.add_window), (8 bytes).
    Removing fftana.o(.text.get_fft_num), (184 bytes).
    Removing fftana.o(.ARM.exidx.text.get_fft_num), (8 bytes).
    Removing fftana.o(.ARM.exidx.text.fft_process), (8 bytes).
    Removing fftana.o(.text.get_freqaxis), (68 bytes).
    Removing fftana.o(.ARM.exidx.text.get_freqaxis), (8 bytes).
    Removing fftana.o(.ARM.exidx.text.regurlize_mag), (8 bytes).
    Removing fftana.o(.ARM.exidx.text.get_max_3), (8 bytes).
    Removing fftana.o(.text.findnearfreq), (92 bytes).
    Removing fftana.o(.ARM.exidx.text.findnearfreq), (8 bytes).
    Removing fftana.o(.text.Max_Three_Find), (160 bytes).
    Removing fftana.o(.ARM.exidx.text.Max_Three_Find), (8 bytes).
    Removing fftana.o(.text.Rec_wavetype), (336 bytes).
    Removing fftana.o(.ARM.exidx.text.Rec_wavetype), (8 bytes).
    Removing fftana.o(.text.Phase_atan), (60 bytes).
    Removing fftana.o(.ARM.exidx.text.Phase_atan), (8 bytes).
    Removing fftana.o(.text.Find_Vpp), (748 bytes).
    Removing fftana.o(.ARM.exidx.text.Find_Vpp), (8 bytes).
    Removing fftana.o(.text.Get_AC_RMS), (152 bytes).
    Removing fftana.o(.ARM.exidx.text.Get_AC_RMS), (8 bytes).
    Removing ad9910.o(.text), (0 bytes).
    Removing ad9910.o(.text.Write_32bit), (86 bytes).
    Removing ad9910.o(.ARM.exidx.text.Write_32bit), (8 bytes).
    Removing ad9910.o(.text.txd_8bit), (74 bytes).
    Removing ad9910.o(.ARM.exidx.text.txd_8bit), (8 bytes).
    Removing ad9910.o(.ARM.exidx.text.Init_AD9910), (8 bytes).
    Removing ad9910.o(.ARM.exidx.text.Txfrc), (8 bytes).
    Removing ad9910.o(.ARM.exidx.text.AD9910_FreWrite), (8 bytes).
    Removing ad9910.o(.ARM.exidx.text.AD9910_AmpWrite), (8 bytes).
    Removing ad9910.o(.text.AD9910_RAM_WAVE_Set), (2052 bytes).
    Removing ad9910.o(.ARM.exidx.text.AD9910_RAM_WAVE_Set), (8 bytes).
    Removing ad9910.o(.text.AD9910_DRG_FreInit_AutoSet), (1580 bytes).
    Removing ad9910.o(.ARM.exidx.text.AD9910_DRG_FreInit_AutoSet), (8 bytes).
    Removing ad9910.o(.text.AD9910_DRG_FrePara_Set), (856 bytes).
    Removing ad9910.o(.ARM.exidx.text.AD9910_DRG_FrePara_Set), (8 bytes).
    Removing ad9910.o(.rodata.cfr1), (4 bytes).
    Removing ad9910.o(.rodata.cfr2), (4 bytes).
    Removing ad9910.o(.rodata.cfr3), (4 bytes).
    Removing ad9910.o(.rodata.RAM_TRIG_WAVE), (4104 bytes).
    Removing ad9910.o(.rodata.RAM_SQUARE_WAVE), (4096 bytes).
    Removing ad9910.o(.rodata.RAM_SINC_WAVE), (4096 bytes).
    Removing ad9910.o(.rodata..Lswitch.table), (12 bytes).
    Removing get_freq.o(.text), (0 bytes).
    Removing get_freq.o(.text.FreqMeasure_Init), (18 bytes).
    Removing get_freq.o(.ARM.exidx.text.FreqMeasure_Init), (8 bytes).
    Removing get_freq.o(.text.Freq_Hardware_Switch), (286 bytes).
    Removing get_freq.o(.ARM.exidx.text.Freq_Hardware_Switch), (8 bytes).
    Removing get_freq.o(.text.FreqMeasure_Count_Handler), (44 bytes).
    Removing get_freq.o(.ARM.exidx.text.FreqMeasure_Count_Handler), (8 bytes).
    Removing get_freq.o(.text.FreqMeasure_Process), (360 bytes).
    Removing get_freq.o(.ARM.exidx.text.FreqMeasure_Process), (8 bytes).
    Removing get_freq.o(.bss.FreqCtrl.0), (1 bytes).
    Removing get_freq.o(.bss.FreqCtrl.1), (8 bytes).
    Removing get_freq.o(.bss.FreqCtrl.2), (4 bytes).
    Removing get_freq.o(.bss.FreqCtrl.3), (1 bytes).
    Removing hmi.o(.text), (0 bytes).
    Removing hmi.o(.ARM.exidx.text.HMI_send_string), (8 bytes).
    Removing hmi.o(.ARM.exidx.text.UART3_Printf), (8 bytes).
    Removing hmi.o(.text.HMI_send_number), (16 bytes).
    Removing hmi.o(.ARM.exidx.text.HMI_send_number), (8 bytes).
    Removing hmi.o(.text.HMI_send_float), (36 bytes).
    Removing hmi.o(.ARM.exidx.text.HMI_send_float), (8 bytes).
    Removing hmi.o(.text.HMI_send_wave), (28 bytes).
    Removing hmi.o(.ARM.exidx.text.HMI_send_wave), (8 bytes).
    Removing hmi.o(.text.HMI_Wave_fast), (88 bytes).
    Removing hmi.o(.ARM.exidx.text.HMI_Wave_fast), (8 bytes).
    Removing hmi.o(.text.HMI_Wave_clear), (28 bytes).
    Removing hmi.o(.ARM.exidx.text.HMI_Wave_clear), (8 bytes).
    Removing hmi.o(.ARM.exidx.text.HMI_Init), (8 bytes).
    Removing delay.o(.text), (0 bytes).
    Removing delay.o(.text.delay_us), (80 bytes).
    Removing delay.o(.ARM.exidx.text.delay_us), (8 bytes).
    Removing delay.o(.text.delay_ms), (98 bytes).
    Removing delay.o(.ARM.exidx.text.delay_ms), (8 bytes).
    Removing ad9220.o(.text), (0 bytes).
    Removing ad9220.o(.ARM.exidx.text.AD9220_DMA_Cplt), (8 bytes).
    Removing ad9220.o(.ARM.exidx.text.AD9220_Init), (8 bytes).
    Removing ad9220.o(.ARM.exidx.text.AD9220_Start_DMA), (8 bytes).
    Removing ad9220.o(.ARM.exidx.text.AD9220_Stop_DMA), (8 bytes).
    Removing ad9220.o(.ARM.exidx.text.process_data_ad9220), (8 bytes).
    Removing arm_bitreversal2_extra.o(.text), (0 bytes).
    Removing arm_bitreversal2_extra.o(.ARM.exidx.text.arm_bitreversal_32_extra), (8 bytes).
    Removing arm_cfft_f32_extra.o(.text), (0 bytes).
    Removing arm_cfft_f32_extra.o(.ARM.exidx.text.arm_cfft_radix8by2_f32_extra), (8 bytes).
    Removing arm_cfft_f32_extra.o(.ARM.exidx.text.arm_cfft_radix8by4_f32_extra), (8 bytes).
    Removing arm_cfft_f32_extra.o(.ARM.exidx.text.arm_cfft_f32_extra), (8 bytes).
    Removing arm_cfft_init_f32_extra.o(.text), (0 bytes).
    Removing arm_cfft_init_f32_extra.o(.text.arm_cfft_init_f32_extra), (214 bytes).
    Removing arm_cfft_init_f32_extra.o(.ARM.exidx.text.arm_cfft_init_f32_extra), (8 bytes).
    Removing arm_common_tables_extra.o(.text), (0 bytes).
    Removing arm_common_tables_extra.o(.rodata.armBitRevTableExtra), (8192 bytes).
    Removing arm_common_tables_extra.o(.rodata.armBitRevIndexTableExtra16), (80 bytes).
    Removing arm_common_tables_extra.o(.rodata.armBitRevIndexTableExtra32), (192 bytes).
    Removing arm_common_tables_extra.o(.rodata.armBitRevIndexTableExtra64), (224 bytes).
    Removing arm_common_tables_extra.o(.rodata.armBitRevIndexTableExtra128), (832 bytes).
    Removing arm_common_tables_extra.o(.rodata.armBitRevIndexTableExtra256), (1760 bytes).
    Removing arm_common_tables_extra.o(.rodata.armBitRevIndexTableExtra512), (1792 bytes).
    Removing arm_common_tables_extra.o(.rodata.armBitRevIndexTableExtra1024), (7200 bytes).
    Removing arm_common_tables_extra.o(.rodata.armBitRevIndexTableExtra2048), (15232 bytes).
    Removing arm_common_tables_extra.o(.rodata.armBitRevIndexTableExtra4096), (16128 bytes).
    Removing arm_common_tables_extra.o(.rodata.armBitRevIndexTableExtra16384), (124320 bytes).
    Removing arm_common_tables_extra.o(.rodata.twiddleCoefExtra_16), (128 bytes).
    Removing arm_common_tables_extra.o(.rodata.twiddleCoefExtra_32), (256 bytes).
    Removing arm_common_tables_extra.o(.rodata.twiddleCoefExtra_64), (512 bytes).
    Removing arm_common_tables_extra.o(.rodata.twiddleCoefExtra_128), (1024 bytes).
    Removing arm_common_tables_extra.o(.rodata.twiddleCoefExtra_256), (2048 bytes).
    Removing arm_common_tables_extra.o(.rodata.twiddleCoefExtra_512), (4096 bytes).
    Removing arm_common_tables_extra.o(.rodata.twiddleCoefExtra_1024), (8192 bytes).
    Removing arm_common_tables_extra.o(.rodata.twiddleCoefExtra_2048), (16384 bytes).
    Removing arm_common_tables_extra.o(.rodata.twiddleCoefExtra_4096), (32768 bytes).
    Removing arm_common_tables_extra.o(.rodata.twiddleCoefExtra_16384), (131072 bytes).
    Removing arm_common_tables_extra.o(.rodata.twiddleCoefExtra_rfft_32), (128 bytes).
    Removing arm_common_tables_extra.o(.rodata.twiddleCoefExtra_rfft_64), (256 bytes).
    Removing arm_common_tables_extra.o(.rodata.twiddleCoefExtra_rfft_128), (512 bytes).
    Removing arm_common_tables_extra.o(.rodata.twiddleCoefExtra_rfft_256), (1024 bytes).
    Removing arm_common_tables_extra.o(.rodata.twiddleCoefExtra_rfft_512), (2048 bytes).
    Removing arm_common_tables_extra.o(.rodata.twiddleCoefExtra_rfft_1024), (4096 bytes).
    Removing arm_common_tables_extra.o(.rodata.twiddleCoefExtra_rfft_2048), (8192 bytes).
    Removing arm_common_tables_extra.o(.rodata.twiddleCoefExtra_rfft_4096), (16384 bytes).
    Removing arm_common_tables_extra.o(.rodata.twiddleCoefExtra_rfft_8192), (32768 bytes).
    Removing arm_common_tables_extra.o(.rodata.twiddleCoefExtra_rfft_16384), (65536 bytes).
    Removing arm_const_structs_extra.o(.text), (0 bytes).
    Removing arm_const_structs_extra.o(.rodata.arm_cfft_sR_f32_len16_extra), (16 bytes).
    Removing arm_const_structs_extra.o(.rodata.arm_cfft_sR_f32_len32_extra), (16 bytes).
    Removing arm_const_structs_extra.o(.rodata.arm_cfft_sR_f32_len64_extra), (16 bytes).
    Removing arm_const_structs_extra.o(.rodata.arm_cfft_sR_f32_len128_extra), (16 bytes).
    Removing arm_const_structs_extra.o(.rodata.arm_cfft_sR_f32_len256_extra), (16 bytes).
    Removing arm_const_structs_extra.o(.rodata.arm_cfft_sR_f32_len512_extra), (16 bytes).
    Removing arm_const_structs_extra.o(.rodata.arm_cfft_sR_f32_len1024_extra), (16 bytes).
    Removing arm_const_structs_extra.o(.rodata.arm_cfft_sR_f32_len2048_extra), (16 bytes).
    Removing arm_const_structs_extra.o(.rodata.arm_cfft_sR_f32_len4096_extra), (16 bytes).
    Removing arm_const_structs_extra.o(.rodata.arm_cfft_sR_f32_len16384_extra), (16 bytes).
    Removing arm_rfft_fast_f32_extra.o(.text), (0 bytes).
    Removing arm_rfft_fast_f32_extra.o(.text.stage_rfft_f32_extra), (162 bytes).
    Removing arm_rfft_fast_f32_extra.o(.ARM.exidx.text.stage_rfft_f32_extra), (8 bytes).
    Removing arm_rfft_fast_f32_extra.o(.text.merge_rfft_f32_extra), (162 bytes).
    Removing arm_rfft_fast_f32_extra.o(.ARM.exidx.text.merge_rfft_f32_extra), (8 bytes).
    Removing arm_rfft_fast_f32_extra.o(.text.arm_rfft_fast_f32_extra), (356 bytes).
    Removing arm_rfft_fast_f32_extra.o(.ARM.exidx.text.arm_rfft_fast_f32_extra), (8 bytes).
    Removing arm_rfft_fast_init_f32_extra.o(.text), (0 bytes).
    Removing arm_rfft_fast_init_f32_extra.o(.text.arm_rfft_fast_init_f32_extra), (162 bytes).
    Removing arm_rfft_fast_init_f32_extra.o(.ARM.exidx.text.arm_rfft_fast_init_f32_extra), (8 bytes).
    Removing arm_rfft_fast_init_f32_extra.o(.text.arm_rfft_16384_fast_init_f32), (52 bytes).
    Removing arm_rfft_fast_init_f32_extra.o(.ARM.exidx.text.arm_rfft_16384_fast_init_f32), (8 bytes).
    Removing arm_rfft_fast_init_f32_extra.o(.text.arm_rfft_8192_fast_init_f32), (52 bytes).
    Removing arm_rfft_fast_init_f32_extra.o(.ARM.exidx.text.arm_rfft_8192_fast_init_f32), (8 bytes).
    Removing arm_rfft_fast_init_f32_extra.o(.text.arm_rfft_4096_fast_init_f32_extra), (52 bytes).
    Removing arm_rfft_fast_init_f32_extra.o(.ARM.exidx.text.arm_rfft_4096_fast_init_f32_extra), (8 bytes).
    Removing arm_rfft_fast_init_f32_extra.o(.text.arm_rfft_2048_fast_init_f32_extra), (52 bytes).
    Removing arm_rfft_fast_init_f32_extra.o(.ARM.exidx.text.arm_rfft_2048_fast_init_f32_extra), (8 bytes).
    Removing arm_rfft_fast_init_f32_extra.o(.text.arm_rfft_1024_fast_init_f32_extra), (52 bytes).
    Removing arm_rfft_fast_init_f32_extra.o(.ARM.exidx.text.arm_rfft_1024_fast_init_f32_extra), (8 bytes).
    Removing arm_rfft_fast_init_f32_extra.o(.text.arm_rfft_512_fast_init_f32_extra), (52 bytes).
    Removing arm_rfft_fast_init_f32_extra.o(.ARM.exidx.text.arm_rfft_512_fast_init_f32_extra), (8 bytes).
    Removing arm_rfft_fast_init_f32_extra.o(.text.arm_rfft_256_fast_init_f32_extra), (50 bytes).
    Removing arm_rfft_fast_init_f32_extra.o(.ARM.exidx.text.arm_rfft_256_fast_init_f32_extra), (8 bytes).
    Removing arm_rfft_fast_init_f32_extra.o(.text.arm_rfft_128_fast_init_f32_extra), (48 bytes).
    Removing arm_rfft_fast_init_f32_extra.o(.ARM.exidx.text.arm_rfft_128_fast_init_f32_extra), (8 bytes).
    Removing arm_rfft_fast_init_f32_extra.o(.text.arm_rfft_32_fast_init_f32_extra), (48 bytes).
    Removing arm_rfft_fast_init_f32_extra.o(.ARM.exidx.text.arm_rfft_32_fast_init_f32_extra), (8 bytes).
    Removing arm_cfft_radix8_f32.o(.rev16_text), (4 bytes).
    Removing arm_cfft_radix8_f32.o(.revsh_text), (4 bytes).
    Removing arm_cfft_radix8_f32.o(.rrx_text), (6 bytes).
    Removing ffltul.o(.text), (28 bytes).

1446 unused section(s) (total 612904 bytes) removed from the image.
